Component: ARM Compiler 5.06 update 7 (build 960) Tool: armlink [4d3601]

==============================================================================

Section Cross References

    system_stm32f4xx.o(i.SystemCoreClockUpdate) refers to system_stm32f4xx.o(.data) for .data
    system_stm32f4xx.o(i.SystemCoreClockUpdate) refers to system_stm32f4xx.o(.constdata) for .constdata
    startup_stm32f407xx.o(STACK) refers (Special) to heapauxi.o(.text) for __use_two_region_memory
    startup_stm32f407xx.o(HEAP) refers (Special) to heapauxi.o(.text) for __use_two_region_memory
    startup_stm32f407xx.o(RESET) refers (Special) to heapauxi.o(.text) for __use_two_region_memory
    startup_stm32f407xx.o(RESET) refers to startup_stm32f407xx.o(STACK) for __initial_sp
    startup_stm32f407xx.o(RESET) refers to startup_stm32f407xx.o(.text) for Reset_Handler
    startup_stm32f407xx.o(RESET) refers to stm32f4xx_it.o(i.NMI_Handler) for NMI_Handler
    startup_stm32f407xx.o(RESET) refers to stm32f4xx_it.o(i.HardFault_Handler) for HardFault_Handler
    startup_stm32f407xx.o(RESET) refers to stm32f4xx_it.o(i.MemManage_Handler) for MemManage_Handler
    startup_stm32f407xx.o(RESET) refers to stm32f4xx_it.o(i.BusFault_Handler) for BusFault_Handler
    startup_stm32f407xx.o(RESET) refers to stm32f4xx_it.o(i.UsageFault_Handler) for UsageFault_Handler
    startup_stm32f407xx.o(RESET) refers to port.o(.emb_text) for SVC_Handler
    startup_stm32f407xx.o(RESET) refers to stm32f4xx_it.o(i.DebugMon_Handler) for DebugMon_Handler
    startup_stm32f407xx.o(RESET) refers to port.o(i.SysTick_Handler) for SysTick_Handler
    startup_stm32f407xx.o(RESET) refers to stm32f4xx_it.o(i.DMA1_Stream0_IRQHandler) for DMA1_Stream0_IRQHandler
    startup_stm32f407xx.o(RESET) refers to stm32f4xx_it.o(i.DMA1_Stream1_IRQHandler) for DMA1_Stream1_IRQHandler
    startup_stm32f407xx.o(RESET) refers to stm32f4xx_it.o(i.DMA1_Stream2_IRQHandler) for DMA1_Stream2_IRQHandler
    startup_stm32f407xx.o(RESET) refers to stm32f4xx_it.o(i.DMA1_Stream3_IRQHandler) for DMA1_Stream3_IRQHandler
    startup_stm32f407xx.o(RESET) refers to stm32f4xx_it.o(i.DMA1_Stream4_IRQHandler) for DMA1_Stream4_IRQHandler
    startup_stm32f407xx.o(RESET) refers to stm32f4xx_it.o(i.DMA1_Stream5_IRQHandler) for DMA1_Stream5_IRQHandler
    startup_stm32f407xx.o(RESET) refers to stm32f4xx_it.o(i.CAN1_RX0_IRQHandler) for CAN1_RX0_IRQHandler
    startup_stm32f407xx.o(RESET) refers to stm32f4xx_it.o(i.TIM2_IRQHandler) for TIM2_IRQHandler
    startup_stm32f407xx.o(RESET) refers to stm32f4xx_it.o(i.TIM4_IRQHandler) for TIM4_IRQHandler
    startup_stm32f407xx.o(RESET) refers to stm32f4xx_it.o(i.USART1_IRQHandler) for USART1_IRQHandler
    startup_stm32f407xx.o(RESET) refers to stm32f4xx_it.o(i.USART2_IRQHandler) for USART2_IRQHandler
    startup_stm32f407xx.o(RESET) refers to stm32f4xx_it.o(i.USART3_IRQHandler) for USART3_IRQHandler
    startup_stm32f407xx.o(RESET) refers to stm32f4xx_it.o(i.DMA1_Stream7_IRQHandler) for DMA1_Stream7_IRQHandler
    startup_stm32f407xx.o(RESET) refers to stm32f4xx_it.o(i.UART4_IRQHandler) for UART4_IRQHandler
    startup_stm32f407xx.o(RESET) refers to stm32f4xx_it.o(i.UART5_IRQHandler) for UART5_IRQHandler
    startup_stm32f407xx.o(RESET) refers to stm32f4xx_it.o(i.DMA2_Stream0_IRQHandler) for DMA2_Stream0_IRQHandler
    startup_stm32f407xx.o(RESET) refers to stm32f4xx_it.o(i.DMA2_Stream1_IRQHandler) for DMA2_Stream1_IRQHandler
    startup_stm32f407xx.o(RESET) refers to stm32f4xx_it.o(i.DMA2_Stream2_IRQHandler) for DMA2_Stream2_IRQHandler
    startup_stm32f407xx.o(RESET) refers to stm32f4xx_it.o(i.CAN2_RX0_IRQHandler) for CAN2_RX0_IRQHandler
    startup_stm32f407xx.o(RESET) refers to stm32f4xx_it.o(i.DMA2_Stream6_IRQHandler) for DMA2_Stream6_IRQHandler
    startup_stm32f407xx.o(RESET) refers to stm32f4xx_it.o(i.DMA2_Stream7_IRQHandler) for DMA2_Stream7_IRQHandler
    startup_stm32f407xx.o(RESET) refers to stm32f4xx_it.o(i.USART6_IRQHandler) for USART6_IRQHandler
    startup_stm32f407xx.o(.text) refers (Special) to heapauxi.o(.text) for __use_two_region_memory
    startup_stm32f407xx.o(.text) refers to system_stm32f4xx.o(i.SystemInit) for SystemInit
    startup_stm32f407xx.o(.text) refers to __main.o(!!!main) for __main
    startup_stm32f407xx.o(.text) refers to startup_stm32f407xx.o(HEAP) for Heap_Mem
    startup_stm32f407xx.o(.text) refers to startup_stm32f407xx.o(STACK) for Stack_Mem
    event_groups.o(i.vEventGroupClearBitsCallback) refers to event_groups.o(i.xEventGroupClearBits) for xEventGroupClearBits
    event_groups.o(i.vEventGroupDelete) refers to tasks.o(i.vTaskSuspendAll) for vTaskSuspendAll
    event_groups.o(i.vEventGroupDelete) refers to tasks.o(i.vTaskRemoveFromUnorderedEventList) for vTaskRemoveFromUnorderedEventList
    event_groups.o(i.vEventGroupDelete) refers to heap_4.o(i.vPortFree) for vPortFree
    event_groups.o(i.vEventGroupDelete) refers to tasks.o(i.xTaskResumeAll) for xTaskResumeAll
[...]
    TIM8_CC_IRQHandler                       0x08000343   Thumb Code     0  startup_stm32f407xx.o(.text)
    TIM8_TRG_COM_TIM14_IRQHandler            0x08000343   Thumb Code     0  startup_stm32f407xx.o(.text)
    TIM8_UP_TIM13_IRQHandler                 0x08000343   Thumb Code     0  startup_stm32f407xx.o(.text)
    WWDG_IRQHandler                          0x08000343   Thumb Code     0  startup_stm32f407xx.o(.text)
    __user_initial_stackheap                 0x08000345   Thumb Code     0  startup_stm32f407xx.o(.text)
    __aeabi_uldivmod                         0x08000369   Thumb Code     0  lludivv7m.o(.text)
    _ll_udiv                                 0x08000369   Thumb Code   238  lludivv7m.o(.text)
    __aeabi_memcpy                           0x08000457   Thumb Code     0  rt_memcpy_v6.o(.text)
    __rt_memcpy                              0x08000457   Thumb Code   138  rt_memcpy_v6.o(.text)
    _memcpy_lastbytes                        0x080004bd   Thumb Code     0  rt_memcpy_v6.o(.text)
    __aeabi_memcpy4                          0x080004e1   Thumb Code     0  rt_memcpy_w.o(.text)
    __aeabi_memcpy8                          0x080004e1   Thumb Code     0  rt_memcpy_w.o(.text)
    __rt_memcpy_w                            0x080004e1   Thumb Code   100  rt_memcpy_w.o(.text)
    _memcpy_lastbytes_aligned                0x08000529   Thumb Code     0  rt_memcpy_w.o(.text)
    __aeabi_memclr                           0x08000545   Thumb Code     0  rt_memclr.o(.text)
    __rt_memclr                              0x08000545   Thumb Code    68  rt_memclr.o(.text)
    _memset                                  0x08000549   Thumb Code     0  rt_memclr.o(.text)
    __aeabi_memclr4                          0x08000589   Thumb Code     0  rt_memclr_w.o(.text)
    __aeabi_memclr8                          0x08000589   Thumb Code     0  rt_memclr_w.o(.text)
    __rt_memclr_w                            0x08000589   Thumb Code    78  rt_memclr_w.o(.text)
    _memset_w                                0x0800058d   Thumb Code     0  rt_memclr_w.o(.text)
    __use_two_region_memory                  0x080005d7   Thumb Code     2  heapauxi.o(.text)
    __rt_heap_escrow$2region                 0x080005d9   Thumb Code     2  heapauxi.o(.text)
    __rt_heap_expand$2region                 0x080005db   Thumb Code     2  heapauxi.o(.text)
    __user_libspace                          0x080005dd   Thumb Code     8  libspace.o(.text)
    __user_perproc_libspace                  0x080005dd   Thumb Code     0  libspace.o(.text)
    __user_perthread_libspace                0x080005dd   Thumb Code     0  libspace.o(.text)
    __user_setup_stackheap                   0x080005e5   Thumb Code    74  sys_stackheap_outer.o(.text)
    exit                                     0x0800062f   Thumb Code    18  exit.o(.text)
    _sys_exit                                0x08000641   Thumb Code     8  sys_exit.o(.text)
    __I$use$semihosting                      0x0800064d   Thumb Code     0  use_no_semi.o(.text)
    __use_no_semihosting_swi                 0x0800064d   Thumb Code     2  use_no_semi.o(.text)
    __semihosting_library_function           0x0800064f   Thumb Code     0  indicate_semi.o(.text)
    AXISZ_TOANGLE                            0x08000781   Thumb Code    26  axis.o(i.AXISZ_TOANGLE)
    AXISZ_TOSPEED                            0x080007a1   Thumb Code    26  axis.o(i.AXISZ_TOSPEED)
    Append_CRC16_Check_Sum                   0x080007c1   Thumb Code    38  crc.o(i.Append_CRC16_Check_Sum)
    Append_CRC8_Check_Sum                    0x080007ed   Thumb Code    34  crc.o(i.Append_CRC8_Check_Sum)
    BusFault_Handler                         0x0800080f   Thumb Code     2  stm32f4xx_it.o(i.BusFault_Handler)
    CAN1_CMD_1FF                             0x08000811   Thumb Code    36  drv_can.o(i.CAN1_CMD_1FF)
    CAN1_CMD_200                             0x0800083d   Thumb Code    36  drv_can.o(i.CAN1_CMD_200)
    CAN1_RX0_IRQHandler                      0x08000869   Thumb Code     6  stm32f4xx_it.o(i.CAN1_RX0_IRQHandler)
    CAN1_rxDataHandler                       0x08000875   Thumb Code   100  can_protocol.o(i.CAN1_rxDataHandler)
    CAN2_CMD_1FF                             0x080008e1   Thumb Code    36  drv_can.o(i.CAN2_CMD_1FF)
    CAN2_CMD_200                             0x0800090d   Thumb Code    36  drv_can.o(i.CAN2_CMD_200)
    CAN2_RX0_IRQHandler                      0x08000939   Thumb Code     6  stm32f4xx_it.o(i.CAN2_RX0_IRQHandler)
    CAN2_rxDataHandler                       0x08000945   Thumb Code   100  can_protocol.o(i.CAN2_rxDataHandler)
    CAN_01_GetMotorAngle                     0x080009b1   Thumb Code    10  rm_protocol.o(i.CAN_01_GetMotorAngle)
    CAN_23_GetMotorSpeed                     0x080009bb   Thumb Code    12  rm_protocol.o(i.CAN_23_GetMotorSpeed)
    CAN_45_GetMotorCurrent                   0x080009c7   Thumb Code    12  rm_protocol.o(i.CAN_45_GetMotorCurrent)
    CAN_6_GetMotorTemperature                0x080009d3   Thumb Code     4  rm_protocol.o(i.CAN_6_GetMotorTemperature)
    CAN_Filter_Init                          0x080009d9   Thumb Code    92  drv_can.o(i.CAN_Filter_Init)
    CAN_SendAll                              0x08000a3d   Thumb Code    22  can_protocol.o(i.CAN_SendAll)
    CAN_SendAllZero                          0x08000a55   Thumb Code    30  can_protocol.o(i.CAN_SendAllZero)
    DEVICE_Init                              0x08000a85   Thumb Code    18  device.o(i.DEVICE_Init)
    DMA1_Stream0_IRQHandler                  0x08000a9d   Thumb Code     6  stm32f4xx_it.o(i.DMA1_Stream0_IRQHandler)
    DMA1_Stream1_IRQHandler                  0x08000aa9   Thumb Code     6  stm32f4xx_it.o(i.DMA1_Stream1_IRQHandler)
    DMA1_Stream2_IRQHandler                  0x08000ab5   Thumb Code     6  stm32f4xx_it.o(i.DMA1_Stream2_IRQHandler)
    DMA1_Stream3_IRQHandler                  0x08000ac1   Thumb Code     6  stm32f4xx_it.o(i.DMA1_Stream3_IRQHandler)
    DMA1_Stream4_IRQHandler                  0x08000acd   Thumb Code     6  stm32f4xx_it.o(i.DMA1_Stream4_IRQHandler)
    DMA1_Stream5_IRQHandler                  0x08000ad9   Thumb Code     6  stm32f4xx_it.o(i.DMA1_Stream5_IRQHandler)
    DMA1_Stream7_IRQHandler                  0x08000ae5   Thumb Code     6  stm32f4xx_it.o(i.DMA1_Stream7_IRQHandler)
    DMA2_Stream0_IRQHandler                  0x08000af1   Thumb Code     6  stm32f4xx_it.o(i.DMA2_Stream0_IRQHandler)
    DMA2_Stream1_IRQHandler                  0x08000afd   Thumb Code     6  stm32f4xx_it.o(i.DMA2_Stream1_IRQHandler)
    DMA2_Stream2_IRQHandler                  0x08000b09   Thumb Code     6  stm32f4xx_it.o(i.DMA2_Stream2_IRQHandler)
    DMA2_Stream6_IRQHandler                  0x08000b15   Thumb Code     6  stm32f4xx_it.o(i.DMA2_Stream6_IRQHandler)
    DMA2_Stream7_IRQHandler                  0x08000b21   Thumb Code     6  stm32f4xx_it.o(i.DMA2_Stream7_IRQHandler)
    DRIVER_Init                              0x08000f07   Thumb Code    38  driver.o(i.DRIVER_Init)
    DRV_UART_IRQHandler                      0x08000f2d   Thumb Code    20  drv_uart.o(i.DRV_UART_IRQHandler)
    DebugMon_Handler                         0x08000f41   Thumb Code     2  stm32f4xx_it.o(i.DebugMon_Handler)
    Error_Handler                            0x08000f43   Thumb Code     4  main.o(i.Error_Handler)
    FLASH_Erase_Sector                       0x08000f49   Thumb Code    76  stm32f4xx_hal_flash_ex.o(i.FLASH_Erase_Sector)
    FLASH_FlushCaches                        0x08000f99   Thumb Code    80  stm32f4xx_hal_flash_ex.o(i.FLASH_FlushCaches)
    FLASH_WaitForLastOperation               0x08001111   Thumb Code    76  stm32f4xx_hal_flash.o(i.FLASH_WaitForLastOperation)
    Flash_EraseSector                        0x08001165   Thumb Code    46  drv_flash.o(i.Flash_EraseSector)
    Flash_EraseSector11                      0x08001193   Thumb Code     6  drv_flash.o(i.Flash_EraseSector11)
    Flash_ReadData                           0x08001199   Thumb Code    10  drv_flash.o(i.Flash_ReadData)
    Flash_WriteWordData                      0x080011a3   Thumb Code    50  drv_flash.o(i.Flash_WriteWordData)
    Get_CRC16_Check_Sum                      0x080011d5   Thumb Code    44  crc.o(i.Get_CRC16_Check_Sum)
    Get_CRC8_Check_Sum                       0x08001205   Thumb Code    24  crc.o(i.Get_CRC8_Check_Sum)
    HAL_ADC_ConfigChannel                    0x08001221   Thumb Code   326  stm32f4xx_hal_adc.o(i.HAL_ADC_ConfigChannel)
    HAL_ADC_Init                             0x08001379   Thumb Code    84  stm32f4xx_hal_adc.o(i.HAL_ADC_Init)
    HAL_ADC_MspInit                          0x080013cd   Thumb Code   130  adc.o(i.HAL_ADC_MspInit)
    HAL_CAN_ActivateNotification             0x08001465   Thumb Code    36  stm32f4xx_hal_can.o(i.HAL_CAN_ActivateNotification)
    HAL_CAN_AddTxMessage                     0x08001489   Thumb Code   242  stm32f4xx_hal_can.o(i.HAL_CAN_AddTxMessage)
    HAL_CAN_ConfigFilter                     0x0800157d   Thumb Code   266  stm32f4xx_hal_can.o(i.HAL_CAN_ConfigFilter)
    HAL_CAN_ErrorCallback                    0x0800168d   Thumb Code     2  stm32f4xx_hal_can.o(i.HAL_CAN_ErrorCallback)
    HAL_CAN_GetRxMessage                     0x0800168f   Thumb Code   262  stm32f4xx_hal_can.o(i.HAL_CAN_GetRxMessage)
    HAL_CAN_IRQHandler                       0x08001795   Thumb Code   508  stm32f4xx_hal_can.o(i.HAL_CAN_IRQHandler)
    HAL_CAN_Init                             0x08001991   Thumb Code   338  stm32f4xx_hal_can.o(i.HAL_CAN_Init)
    HAL_CAN_MspInit                          0x08001ae5   Thumb Code   230  can.o(i.HAL_CAN_MspInit)
    HAL_CAN_RxFifo0FullCallback              0x08001be5   Thumb Code     2  stm32f4xx_hal_can.o(i.HAL_CAN_RxFifo0FullCallback)
    HAL_CAN_RxFifo0MsgPendingCallback        0x08001be9   Thumb Code    72  drv_can.o(i.HAL_CAN_RxFifo0MsgPendingCallback)
    HAL_CAN_RxFifo1FullCallback              0x08001c3d   Thumb Code     2  stm32f4xx_hal_can.o(i.HAL_CAN_RxFifo1FullCallback)
    HAL_CAN_RxFifo1MsgPendingCallback        0x08001c3f   Thumb Code     2  stm32f4xx_hal_can.o(i.HAL_CAN_RxFifo1MsgPendingCallback)
    HAL_CAN_SleepCallback                    0x08001c41   Thumb Code     2  stm32f4xx_hal_can.o(i.HAL_CAN_SleepCallback)
    HAL_CAN_Start                            0x08001c43   Thumb Code    88  stm32f4xx_hal_can.o(i.HAL_CAN_Start)
    HAL_CAN_TxMailbox0AbortCallback          0x08001c9b   Thumb Code     2  stm32f4xx_hal_can.o(i.HAL_CAN_TxMailbox0AbortCallback)
    HAL_CAN_TxMailbox0CompleteCallback       0x08001c9d   Thumb Code     2  stm32f4xx_hal_can.o(i.HAL_CAN_TxMailbox0CompleteCallback)
    HAL_CAN_TxMailbox1AbortCallback          0x08001c9f   Thumb Code     2  stm32f4xx_hal_can.o(i.HAL_CAN_TxMailbox1AbortCallback)
    HAL_CAN_TxMailbox1CompleteCallback       0x08001ca1   Thumb Code     2  stm32f4xx_hal_can.o(i.HAL_CAN_TxMailbox1CompleteCallback)
    HAL_CAN_TxMailbox2AbortCallback          0x08001ca3   Thumb Code     2  stm32f4xx_hal_can.o(i.HAL_CAN_TxMailbox2AbortCallback)
    HAL_CAN_TxMailbox2CompleteCallback       0x08001ca5   Thumb Code     2  stm32f4xx_hal_can.o(i.HAL_CAN_TxMailbox2CompleteCallback)
    HAL_CAN_WakeUpFromRxMsgCallback          0x08001ca7   Thumb Code     2  stm32f4xx_hal_can.o(i.HAL_CAN_WakeUpFromRxMsgCallback)
    HAL_DMA_Abort                            0x08001ca9   Thumb Code   142  stm32f4xx_hal_dma.o(i.HAL_DMA_Abort)
    HAL_DMA_Abort_IT                         0x08001d37   Thumb Code    36  stm32f4xx_hal_dma.o(i.HAL_DMA_Abort_IT)
    HAL_DMA_IRQHandler                       0x08001d5d   Thumb Code   460  stm32f4xx_hal_dma.o(i.HAL_DMA_IRQHandler)
    HAL_DMA_Init                             0x08001f2d   Thumb Code   208  stm32f4xx_hal_dma.o(i.HAL_DMA_Init)
    HAL_DMA_Start_IT                         0x08002001   Thumb Code   110  stm32f4xx_hal_dma.o(i.HAL_DMA_Start_IT)
    HAL_Delay                                0x08002071   Thumb Code    32  stm32f4xx_hal.o(i.HAL_Delay)
    HAL_FLASHEx_Erase                        0x08002095   Thumb Code   150  stm32f4xx_hal_flash_ex.o(i.HAL_FLASHEx_Erase)
    HAL_FLASH_Lock                           0x08002135   Thumb Code    14  stm32f4xx_hal_flash.o(i.HAL_FLASH_Lock)
    HAL_FLASH_Program                        0x08002149   Thumb Code   116  stm32f4xx_hal_flash.o(i.HAL_FLASH_Program)
    HAL_FLASH_Unlock                         0x080021c5   Thumb Code    32  stm32f4xx_hal_flash.o(i.HAL_FLASH_Unlock)
    HAL_GPIO_Init                            0x080021f1   Thumb Code   420  stm32f4xx_hal_gpio.o(i.HAL_GPIO_Init)
    HAL_GPIO_WritePin                        0x080023c1   Thumb Code    14  stm32f4xx_hal_gpio.o(i.HAL_GPIO_WritePin)
    HAL_GetTick                              0x080023d1   Thumb Code     6  stm32f4xx_hal.o(i.HAL_GetTick)
    HAL_IncTick                              0x080023dd   Thumb Code    12  stm32f4xx_hal.o(i.HAL_IncTick)
    HAL_Init                                 0x080023ed   Thumb Code    48  stm32f4xx_hal.o(i.HAL_Init)
    HAL_InitTick                             0x08002421   Thumb Code   134  stm32f4xx_hal_timebase_tim.o(i.HAL_InitTick)
    HAL_MspInit                              0x080024b9   Thumb Code    52  stm32f4xx_hal_msp.o(i.HAL_MspInit)
    HAL_NVIC_EnableIRQ                       0x080024f1   Thumb Code    26  stm32f4xx_hal_cortex.o(i.HAL_NVIC_EnableIRQ)
    HAL_NVIC_SetPriority                     0x0800250d   Thumb Code    60  stm32f4xx_hal_cortex.o(i.HAL_NVIC_SetPriority)
    HAL_NVIC_SetPriorityGrouping             0x0800254d   Thumb Code    26  stm32f4xx_hal_cortex.o(i.HAL_NVIC_SetPriorityGrouping)
    HAL_RCC_ClockConfig                      0x08002571   Thumb Code   310  stm32f4xx_hal_rcc.o(i.HAL_RCC_ClockConfig)
    HAL_RCC_GetClockConfig                   0x080026bd   Thumb Code    52  stm32f4xx_hal_rcc.o(i.HAL_RCC_GetClockConfig)
    HAL_RCC_GetHCLKFreq                      0x080026f9   Thumb Code     6  stm32f4xx_hal_rcc.o(i.HAL_RCC_GetHCLKFreq)
    HAL_RCC_GetPCLK1Freq                     0x08002705   Thumb Code    22  stm32f4xx_hal_rcc.o(i.HAL_RCC_GetPCLK1Freq)
    HAL_RCC_GetPCLK2Freq                     0x08002725   Thumb Code    22  stm32f4xx_hal_rcc.o(i.HAL_RCC_GetPCLK2Freq)
    HAL_RCC_GetSysClockFreq                  0x08002745   Thumb Code    94  stm32f4xx_hal_rcc.o(i.HAL_RCC_GetSysClockFreq)
    HAL_RCC_OscConfig                        0x080027b1   Thumb Code   942  stm32f4xx_hal_rcc.o(i.HAL_RCC_OscConfig)
    HAL_TIMEx_BreakCallback                  0x08002b71   Thumb Code     2  stm32f4xx_hal_tim_ex.o(i.HAL_TIMEx_BreakCallback)
    HAL_TIMEx_CommutCallback                 0x08002b73   Thumb Code     2  stm32f4xx_hal_tim_ex.o(i.HAL_TIMEx_CommutCallback)
    HAL_TIMEx_ConfigBreakDeadTime            0x08002b75   Thumb Code    84  stm32f4xx_hal_tim_ex.o(i.HAL_TIMEx_ConfigBreakDeadTime)
    HAL_TIMEx_MasterConfigSynchronization    0x08002bc9   Thumb Code   114  stm32f4xx_hal_tim_ex.o(i.HAL_TIMEx_MasterConfigSynchronization)
    HAL_TIM_Base_Init                        0x08002c59   Thumb Code    74  stm32f4xx_hal_tim.o(i.HAL_TIM_Base_Init)
    HAL_TIM_Base_MspInit                     0x08002ca5   Thumb Code    76  tim.o(i.HAL_TIM_Base_MspInit)
    HAL_TIM_Base_Start_IT                    0x08002cfd   Thumb Code   110  stm32f4xx_hal_tim.o(i.HAL_TIM_Base_Start_IT)
    HAL_TIM_ConfigClockSource                0x08002d89   Thumb Code   232  stm32f4xx_hal_tim.o(i.HAL_TIM_ConfigClockSource)
    HAL_TIM_IC_CaptureCallback               0x08002e71   Thumb Code     2  stm32f4xx_hal_tim.o(i.HAL_TIM_IC_CaptureCallback)
    HAL_TIM_IRQHandler                       0x08002e73   Thumb Code   366  stm32f4xx_hal_tim.o(i.HAL_TIM_IRQHandler)
    HAL_TIM_MspPostInit                      0x08002fe1   Thumb Code    72  tim.o(i.HAL_TIM_MspPostInit)
    HAL_TIM_OC_DelayElapsedCallback          0x08003035   Thumb Code     2  stm32f4xx_hal_tim.o(i.HAL_TIM_OC_DelayElapsedCallback)
    HAL_TIM_PWM_ConfigChannel                0x08003037   Thumb Code   216  stm32f4xx_hal_tim.o(i.HAL_TIM_PWM_ConfigChannel)
    HAL_TIM_PWM_Init                         0x0800310f   Thumb Code    74  stm32f4xx_hal_tim.o(i.HAL_TIM_PWM_Init)
    HAL_TIM_PWM_MspInit                      0x08003159   Thumb Code     2  stm32f4xx_hal_tim.o(i.HAL_TIM_PWM_MspInit)
    HAL_TIM_PWM_PulseFinishedCallback        0x0800315b   Thumb Code     2  stm32f4xx_hal_tim.o(i.HAL_TIM_PWM_PulseFinishedCallback)
    HAL_TIM_PWM_Start                        0x0800315d   Thumb Code   190  stm32f4xx_hal_tim.o(i.HAL_TIM_PWM_Start)
    HAL_TIM_PeriodElapsedCallback            0x08003239   Thumb Code    40  main.o(i.HAL_TIM_PeriodElapsedCallback)
    HAL_TIM_TriggerCallback                  0x08003269   Thumb Code     2  stm32f4xx_hal_tim.o(i.HAL_TIM_TriggerCallback)
    HAL_UARTEx_RxEventCallback               0x0800326b   Thumb Code     2  stm32f4xx_hal_uart.o(i.HAL_UARTEx_RxEventCallback)
    HAL_UART_ErrorCallback                   0x0800326d   Thumb Code     2  stm32f4xx_hal_uart.o(i.HAL_UART_ErrorCallback)
    HAL_UART_IRQHandler                      0x08003271   Thumb Code   546  stm32f4xx_hal_uart.o(i.HAL_UART_IRQHandler)
    HAL_UART_Init                            0x08003499   Thumb Code   100  stm32f4xx_hal_uart.o(i.HAL_UART_Init)
    HAL_UART_MspInit                         0x080034fd   Thumb Code  1192  usart.o(i.HAL_UART_MspInit)
    HAL_UART_RxCpltCallback                  0x080039ad   Thumb Code     2  stm32f4xx_hal_uart.o(i.HAL_UART_RxCpltCallback)
    HAL_UART_Transmit_DMA                    0x080039b1   Thumb Code   134  stm32f4xx_hal_uart.o(i.HAL_UART_Transmit_DMA)
    HAL_UART_TxCpltCallback                  0x08003a45   Thumb Code     2  stm32f4xx_hal_uart.o(i.HAL_UART_TxCpltCallback)
    HAL_UART_TxHalfCpltCallback              0x08003a47   Thumb Code     2  stm32f4xx_hal_uart.o(i.HAL_UART_TxHalfCpltCallback)
    HardFault_Handler                        0x08003a49   Thumb Code     2  stm32f4xx_it.o(i.HardFault_Handler)
    MX_ADC1_Init                             0x08003a4d   Thumb Code   110  adc.o(i.MX_ADC1_Init)
    MX_CAN1_Init                             0x08003ac9   Thumb Code    62  can.o(i.MX_CAN1_Init)
    MX_CAN2_Init                             0x08003b11   Thumb Code    62  can.o(i.MX_CAN2_Init)
    MX_DMA_Init                              0x08003b59   Thumb Code   232  dma.o(i.MX_DMA_Init)
    MX_FREERTOS_Init                         0x08003c45   Thumb Code    96  freertos.o(i.MX_FREERTOS_Init)
    MX_GPIO_Init                             0x08003cad   Thumb Code   174  gpio.o(i.MX_GPIO_Init)
    MX_TIM1_Init                             0x08003d69   Thumb Code   194  tim.o(i.MX_TIM1_Init)
    MX_TIM4_Init                             0x08003e35   Thumb Code    96  tim.o(i.MX_TIM4_Init)
    MX_UART4_Init                            0x08003e9d   Thumb Code    48  usart.o(i.MX_UART4_Init)
    MX_UART5_Init                            0x08003ed5   Thumb Code    48  usart.o(i.MX_UART5_Init)
    MX_USART1_UART_Init                      0x08003f0d   Thumb Code    48  usart.o(i.MX_USART1_UART_Init)
    MX_USART2_UART_Init                      0x08003f45   Thumb Code    50  usart.o(i.MX_USART2_UART_Init)
    MX_USART3_UART_Init                      0x08003f85   Thumb Code    48  usart.o(i.MX_USART3_UART_Init)
    MX_USART6_UART_Init                      0x08003fbd   Thumb Code    48  usart.o(i.MX_USART6_UART_Init)
    MemManage_Handler                        0x08003ff5   Thumb Code     2  stm32f4xx_it.o(i.MemManage_Handler)
    Motor_DetectStuck                        0x08003ff7   Thumb Code    70  rm_motor.o(i.Motor_DetectStuck)
    Motor_HandleStuck                        0x0800403d   Thumb Code    92  rm_motor.o(i.Motor_HandleStuck)
    Motor_SendData                           0x08004099   Thumb Code    20  rm_motor.o(i.Motor_SendData)
    Motor_ToAngle                            0x080040ad   Thumb Code   158  rm_motor.o(i.Motor_ToAngle)
    Motor_ToAxleAngle                        0x08004151   Thumb Code   102  rm_motor.o(i.Motor_ToAxleAngle)
    Motor_ToSpeed                            0x080041b7   Thumb Code    82  rm_motor.o(i.Motor_ToSpeed)
    NMI_Handler                              0x08004209   Thumb Code     2  stm32f4xx_it.o(i.NMI_Handler)
    RC_ResetData                             0x0800420d   Thumb Code   202  rc_sensor.o(i.RC_ResetData)
    Soft_Reset                               0x080042dd   Thumb Code    74  monitor_task.o(i.Soft_Reset)
    StartCommunityTask                       0x08004339   Thumb Code    46  community_task.o(i.StartCommunityTask)
    StartControlTask                         0x0800436d   Thumb Code    32  control_task.o(i.StartControlTask)
    StartLedTask                             0x0800439d   Thumb Code    78  led_task.o(i.StartLedTask)
    StartMonitorTask                         0x080043f5   Thumb Code    58  monitor_task.o(i.StartMonitorTask)
    State_Update                             0x0800443d   Thumb Code    54  module.o(i.State_Update)
    SysTick_Handler                          0x08004479   Thumb Code    38  port.o(i.SysTick_Handler)
    SystemClock_Config                       0x080044a5   Thumb Code   148  main.o(i.SystemClock_Config)
    SystemInit                               0x08004541   Thumb Code    12  system_stm32f4xx.o(i.SystemInit)
    TIM1_Init                                0x08004551   Thumb Code    20  drv_tim.o(i.TIM1_Init)
    TIM2_IRQHandler                          0x08004569   Thumb Code     6  stm32f4xx_it.o(i.TIM2_IRQHandler)
    TIM4_IRQHandler                          0x08004575   Thumb Code     6  stm32f4xx_it.o(i.TIM4_IRQHandler)
    TIM4_Init                                0x08004581   Thumb Code    18  drv_tim.o(i.TIM4_Init)
    TIM_Base_SetConfig                       0x08004599   Thumb Code   160  stm32f4xx_hal_tim.o(i.TIM_Base_SetConfig)
    TIM_CCxChannelCmd                        0x08004665   Thumb Code    26  stm32f4xx_hal_tim.o(i.TIM_CCxChannelCmd)
    TIM_ETR_SetConfig                        0x0800467f   Thumb Code    20  stm32f4xx_hal_tim.o(i.TIM_ETR_SetConfig)
    TIM_OC2_SetConfig                        0x0800470d   Thumb Code   106  stm32f4xx_hal_tim.o(i.TIM_OC2_SetConfig)
    Trigger_Close                            0x0800488d   Thumb Code    12  drv_tim.o(i.Trigger_Close)
    Trigger_Open                             0x080048a1   Thumb Code    12  drv_tim.o(i.Trigger_Open)
    Trigger_Sleep                            0x080048b5   Thumb Code    12  drv_tim.o(i.Trigger_Sleep)
    Tx_vision_info_update                    0x080048c9   Thumb Code    26  module.o(i.Tx_vision_info_update)
    UART4_IRQHandler                         0x080048ed   Thumb Code    18  stm32f4xx_it.o(i.UART4_IRQHandler)
    UART5_IRQHandler                         0x08004905   Thumb Code    18  stm32f4xx_it.o(i.UART5_IRQHandler)
    USART1_IRQHandler                        0x08004c81   Thumb Code    18  stm32f4xx_it.o(i.USART1_IRQHandler)
    USART1_Init                              0x08004c99   Thumb Code    46  drv_uart.o(i.USART1_Init)
    USART1_rxDataHandler                     0x08004cd1   Thumb Code    22  vision_protocol.o(i.USART1_rxDataHandler)
    USART2_IRQHandler                        0x08004ced   Thumb Code    18  stm32f4xx_it.o(i.USART2_IRQHandler)
    USART2_Init                              0x08004d05   Thumb Code    52  drv_uart.o(i.USART2_Init)
    USART2_rxDataHandler                     0x08004d41   Thumb Code    28  rc_protocol.o(i.USART2_rxDataHandler)
    USART3_IRQHandler                        0x08004d61   Thumb Code    18  stm32f4xx_it.o(i.USART3_IRQHandler)
    USART3_Init                              0x08004d79   Thumb Code    46  drv_uart.o(i.USART3_Init)
    USART3_rxDataHandler                     0x08004db1   Thumb Code     2  drv_uart.o(i.USART3_rxDataHandler)
    USART5_Init                              0x08004db5   Thumb Code    46  drv_uart.o(i.USART5_Init)
    USART5_rxDataHandler                     0x08004ded   Thumb Code    22  judge_infantrypotocol.o(i.USART5_rxDataHandler)
    USART6_IRQHandler                        0x08004e09   Thumb Code    18  stm32f4xx_it.o(i.USART6_IRQHandler)
    USART6_Init                              0x08004e21   Thumb Code    46  drv_uart.o(i.USART6_Init)
    USART6_rxDataHandler                     0x08004e59   Thumb Code     2  drv_uart.o(i.USART6_rxDataHandler)
    UsageFault_Handler                       0x08004e5b   Thumb Code     2  stm32f4xx_it.o(i.UsageFault_Handler)
    Verify_CRC16_Check_Sum                   0x08004e5d   Thumb Code    60  crc.o(i.Verify_CRC16_Check_Sum)
    Verify_CRC8_Check_Sum                    0x08004e9d   Thumb Code    52  crc.o(i.Verify_CRC8_Check_Sum)
    axis_ctrl                                0x08004ef5   Thumb Code    28  axis.o(i.axis_ctrl)
    axis_load                                0x08004f11   Thumb Code    42  axis.o(i.axis_load)
    axis_normal                              0x08004f41   Thumb Code   664  axis.o(i.axis_normal)
    axis_reset                               0x080051f1   Thumb Code   238  axis.o(i.axis_reset)
    axis_save                                0x080052e5   Thumb Code    44  axis.o(i.axis_save)
    axis_toposition                          0x08005315   Thumb Code   248  axis.o(i.axis_toposition)
    judge_sensor_init                        0x080054f5   Thumb Code    38  judge_infantrypotocol.o(i.judge_sensor_init)
    judge_sensor_update                      0x0800551b   Thumb Code   260  judge_infantrypotocol.o(i.judge_sensor_update)
    keyboard_cnt_max_set                     0x0800561f   Thumb Code    70  rc_protocol.o(i.keyboard_cnt_max_set)
    launcher_auto                            0x08005665   Thumb Code   970  launcher.o(i.launcher_auto)
    launcher_ctrl                            0x08005a59   Thumb Code    28  launcher.o(i.launcher_ctrl)
    launcher_manual                          0x08005a75   Thumb Code   102  launcher.o(i.launcher_manual)
    launcher_reset                           0x08005aed   Thumb Code   292  launcher.o(i.launcher_reset)
    main                                     0x08005c25   Thumb Code    84  main.o(i.main)
    micros                                   0x08005c85   Thumb Code    30  drv_tick.o(i.micros)
    mode_select                              0x08005ca9   Thumb Code   304  module.o(i.mode_select)
    motor_list_heart_beat                    0x08005de9   Thumb Code    62  motor.o(i.motor_list_heart_beat)
    motor_list_init                          0x08005e39   Thumb Code   224  motor.o(i.motor_list_init)
    motor_list_workstate                     0x08005f21   Thumb Code    60  motor.o(i.motor_list_workstate)
    osDelay                                  0x08005f61   Thumb Code    16  cmsis_os.o(i.osDelay)
    osKernelStart                            0x08005f71   Thumb Code    10  cmsis_os.o(i.osKernelStart)
    osThreadCreate                           0x08005f7b   Thumb Code    88  cmsis_os.o(i.osThreadCreate)
    pvPortMalloc                             0x0800634d   Thumb Code   214  heap_4.o(i.pvPortMalloc)
    pxPortInitialiseStack                    0x08006429   Thumb Code    30  port.o(i.pxPortInitialiseStack)
    rc_interrupt_update                      0x0800644d   Thumb Code   168  rc_protocol.o(i.rc_interrupt_update)
    rc_sensor_init                           0x08006625   Thumb Code    46  rc_protocol.o(i.rc_sensor_init)
    rc_sensor_update                         0x08006655   Thumb Code   360  rc_protocol.o(i.rc_sensor_update)
    rm_motor_check                           0x080067c5   Thumb Code    84  rm_protocol.o(i.rm_motor_check)
    rm_motor_heart_beat                      0x08006819   Thumb Code    42  rm_motor.o(i.rm_motor_heart_beat)
    rm_motor_init                            0x08006843   Thumb Code    26  rm_motor.o(i.rm_motor_init)
    rm_motor_update                          0x0800685d   Thumb Code    44  rm_protocol.o(i.rm_motor_update)
    single_pid_ctrl                          0x08006889   Thumb Code   162  pid.o(i.single_pid_ctrl)
    uxListRemove                             0x08006a59   Thumb Code    38  list.o(i.uxListRemove)
    vApplicationGetIdleTaskMemory            0x08006a81   Thumb Code    16  freertos.o(i.vApplicationGetIdleTaskMemory)
    vListInitialise                          0x08006a95   Thumb Code    22  list.o(i.vListInitialise)
    vListInitialiseItem                      0x08006aab   Thumb Code     6  list.o(i.vListInitialiseItem)
    vListInsert                              0x08006ab1   Thumb Code    48  list.o(i.vListInsert)
    vListInsertEnd                           0x08006ae1   Thumb Code    24  list.o(i.vListInsertEnd)
    vPortEnterCritical                       0x08006af9   Thumb Code    54  port.o(i.vPortEnterCritical)
    vPortExitCritical                        0x08006b39   Thumb Code    38  port.o(i.vPortExitCritical)
    vPortFree                                0x08006b65   Thumb Code    94  heap_4.o(i.vPortFree)
    vPortSetupTimerInterrupt                 0x08006bc9   Thumb Code    32  port.o(i.vPortSetupTimerInterrupt)
    vTaskDelay                               0x08006bed   Thumb Code    70  tasks.o(i.vTaskDelay)
    vTaskStartScheduler                      0x08006c3d   Thumb Code   118  tasks.o(i.vTaskStartScheduler)
    vTaskSuspendAll                          0x08006cc5   Thumb Code    10  tasks.o(i.vTaskSuspendAll)
    vTaskSwitchContext                       0x08006cd5   Thumb Code    86  tasks.o(i.vTaskSwitchContext)
    vision_check                             0x08006d35   Thumb Code    26  vision_protocol.o(i.vision_check)
    vision_heart_beat                        0x08006d4f   Thumb Code    38  vision_sensor.o(i.vision_heart_beat)
    vision_init                              0x08006d75   Thumb Code    18  vision_sensor.o(i.vision_init)
    vision_send_data                         0x08006d89   Thumb Code    64  vision_protocol.o(i.vision_send_data)
    vision_update                            0x08006dd5   Thumb Code    68  vision_protocol.o(i.vision_update)
    xPortStartScheduler                      0x08006e1d   Thumb Code   222  port.o(i.xPortStartScheduler)
    xTaskCreate                              0x08006f11   Thumb Code   100  tasks.o(i.xTaskCreate)
    xTaskCreateStatic                        0x08006f75   Thumb Code    92  tasks.o(i.xTaskCreateStatic)
    xTaskIncrementTick                       0x08006fd1   Thumb Code   198  tasks.o(i.xTaskIncrementTick)
    xTaskResumeAll                           0x080070a1   Thumb Code   192  tasks.o(i.xTaskResumeAll)
    _fp_init                                 0x0800716d   Thumb Code    10  fpinit.o(x$fpl$fpinit)
    __fplib_config_fpu_vfp                   0x08007175   Thumb Code     0  fpinit.o(x$fpl$fpinit)
    __fplib_config_pureend_doubles           0x08007175   Thumb Code     0  fpinit.o(x$fpl$fpinit)
    AHBPrescTable                            0x08007176   Data          16  system_stm32f4xx.o(.constdata)
    APBPrescTable                            0x08007186   Data           8  system_stm32f4xx.o(.constdata)
    CRC8_TAB                                 0x08007208   Data         256  crc.o(.constdata)
    wCRC_Table                               0x08007308   Data         512  crc.o(.constdata)
    Region$$Table$$Base                      0x08007538   Number         0  anon$$obj.o(Region$$Table)
    Region$$Table$$Limit                     0x08007558   Number         0  anon$$obj.o(Region$$Table)
    SystemCoreClock                          0x20000000   Data           4  system_stm32f4xx.o(.data)
    pxCurrentTCB                             0x20000004   Data           4  tasks.o(.data)
    uwTickFreq                               0x2000006c   Data           1  stm32f4xx_hal.o(.data)
    uwTickPrio                               0x20000070   Data           4  stm32f4xx_hal.o(.data)
    uwTick                                   0x20000074   Data           4  stm32f4xx_hal.o(.data)
    MonitorTaskHandle                        0x20000080   Data           4  freertos.o(.data)
    CommunityTaskHandle                      0x20000084   Data           4  freertos.o(.data)
    ControlTaskHandle                        0x20000088   Data           4  freertos.o(.data)
    LedTaskHandle                            0x2000008c   Data           4  freertos.o(.data)
    CAN1_200_DATA                            0x20000090   Data           8  drv_can.o(.data)
    CAN1_1FF_DATA                            0x20000098   Data           8  drv_can.o(.data)
    CAN2_200_DATA                            0x200000a0   Data           8  drv_can.o(.data)
    CAN2_1FF_DATA                            0x200000a8   Data           8  drv_can.o(.data)
    val_open                                 0x200000b0   Data           2  drv_tim.o(.data)
    val_clse                                 0x200000b2   Data           2  drv_tim.o(.data)
    val_slep                                 0x200000b4   Data           2  drv_tim.o(.data)
    haltick                                  0x200000b8   Data           4  drv_tick.o(.data)
    crc_test                                 0x200000bc   Data           1  crc.o(.data)
    CRC_INIT                                 0x200000be   Data           2  crc.o(.data)
    tt1                                      0x200000c4   Data           4  rc_protocol.o(.data)
    tt2                                      0x200000c8   Data           4  rc_protocol.o(.data)
    ttp1                                     0x200000cc   Data           4  rc_protocol.o(.data)
    vision_tx_info                           0x200000d0   Data           8  vision_protocol.o(.data)
    rm_motor_driver                          0x200000d8   Data         192  motor.o(.data)
    motor_pid                                0x20000198   Data         896  motor.o(.data)
    rm_motor                                 0x20000518   Data        1152  motor.o(.data)
    rm_motor_info                            0x20000998   Data         160  motor.o(.data)
    rc_sensor_info                           0x20000a3c   Data         196  rc_sensor.o(.data)
    rc_sensor                                0x20000b00   Data          28  rc_sensor.o(.data)
    judge_info                               0x20000b1c   Data          92  judge_sensor.o(.data)
    judge_sensor                             0x20000b78   Data          36  judge_sensor.o(.data)
    vision_sensor_driver                     0x20000b9c   Data           8  vision_sensor.o(.data)
    vision_sensor_info                       0x20000ba4   Data          20  vision_sensor.o(.data)
    vision_sensor                            0x20000bb8   Data          28  vision_sensor.o(.data)
    dev_list                                 0x20000bd4   Data           4  device.o(.data)
    reset_info                               0x20000bd8   Data          32  axis.o(.data)
    axis_pid                                 0x20000bfc   Data          56  axis.o(.data)
    axis                                     0x20000c34   Data          12  axis.o(.data)
    launcher_info                            0x20000c40   Data          44  launcher.o(.data)
    launcher                                 0x20000c6c   Data          12  launcher.o(.data)
    module                                   0x20000c7c   Data           8  module.o(.data)
    pFlash                                   0x20004974   Data          32  stm32f4xx_hal_flash.o(.bss)
    hadc1                                    0x20004994   Data          72  adc.o(.bss)
    hdma_adc1                                0x200049dc   Data          96  adc.o(.bss)
    hcan1                                    0x20004a3c   Data          40  can.o(.bss)
    hcan2                                    0x20004a64   Data          40  can.o(.bss)
    htim1                                    0x20004a8c   Data          72  tim.o(.bss)
    htim4                                    0x20004ad4   Data          72  tim.o(.bss)
    huart4                                   0x20004b1c   Data          68  usart.o(.bss)
    huart5                                   0x20004b60   Data          68  usart.o(.bss)
    huart1                                   0x20004ba4   Data          68  usart.o(.bss)
    huart2                                   0x20004be8   Data          68  usart.o(.bss)
    huart3                                   0x20004c2c   Data          68  usart.o(.bss)
    huart6                                   0x20004c70   Data          68  usart.o(.bss)
    hdma_uart4_rx                            0x20004cb4   Data          96  usart.o(.bss)
    hdma_uart4_tx                            0x20004d14   Data          96  usart.o(.bss)
    hdma_uart5_rx                            0x20004d74   Data          96  usart.o(.bss)
    hdma_uart5_tx                            0x20004dd4   Data          96  usart.o(.bss)
    hdma_usart1_rx                           0x20004e34   Data          96  usart.o(.bss)
    hdma_usart1_tx                           0x20004e94   Data          96  usart.o(.bss)
    hdma_usart2_rx                           0x20004ef4   Data          96  usart.o(.bss)
    hdma_usart3_rx                           0x20004f54   Data          96  usart.o(.bss)
    hdma_usart3_tx                           0x20004fb4   Data          96  usart.o(.bss)
    hdma_usart6_rx                           0x20005014   Data          96  usart.o(.bss)
    hdma_usart6_tx                           0x20005074   Data          96  usart.o(.bss)
    htim2                                    0x20005328   Data          72  stm32f4xx_hal_timebase_tim.o(.bss)
    hcan1RxFrame                             0x20005370   Data          36  drv_can.o(.bss)
    hcan2RxFrame                             0x20005394   Data          36  drv_can.o(.bss)
    usart1_dma_rxbuf                         0x200053b8   Data         100  drv_uart.o(.bss)
    usart2_dma_rxbuf                         0x2000541c   Data          48  drv_uart.o(.bss)
    usart3_dma_rxbuf                         0x2000544c   Data         200  drv_uart.o(.bss)
    usart5_dma_rxbuf                         0x20005514   Data         200  drv_uart.o(.bss)
    usart6_dma_rxbuf                         0x200055dc   Data         200  drv_uart.o(.bss)
    vision_txBuf                             0x200056cc   Data          40  vision_protocol.o(.bss)
    vision_rx_info                           0x200056f4   Data           9  vision_protocol.o(.bss)
    referee_data                             0x200056fd   Data          19  judge_sensor.o(.bss)
    now_info                                 0x20005710   Data          28  axis.o(.bss)
    __libspace_start                         0x2000572c   Data          96  libspace.o(.bss)
    __temporary_stack_top$libspace           0x2000578c   Data           0  libspace.o(.bss)



==============================================================================

Memory Map of the image

  Image Entry point : 0x08000189

  Load Region LR_IROM1 (Base: 0x08000000, Size: 0x000081dc, Max: 0x00080000, ABSOLUTE, COMPRESSED[0x00007728])

    Execution Region ER_IROM1 (Exec base: 0x08000000, Load base: 0x08000000, Size: 0x00007558, Max: 0x00080000, ABSOLUTE)

    Exec Addr    Load Addr    Size         Type   Attr      Idx    E Section Name        Object

    0x08000000   0x08000000   0x00000188   Data   RO          151    RESET               startup_stm32f407xx.o
    0x08000188   0x08000188   0x00000008   Code   RO        13982  * !!!main             c_w.l(__main.o)
    0x08000190   0x08000190   0x00000034   Code   RO        14364    !!!scatter          c_w.l(__scatter.o)
    0x080001c4   0x080001c4   0x0000005a   Code   RO        14362    !!dczerorl2         c_w.l(__dczerorl2.o)
    0x0800021e   0x0800021e   0x00000002   PAD
    0x08000220   0x08000220   0x0000001c   Code   RO        14366    !!handler_zi        c_w.l(__scatter_zi.o)
    0x0800023c   0x0800023c   0x00000002   Code   RO        14233    .ARM.Collect$$libinit$$00000000  c_w.l(libinit.o)
    0x0800023e   0x0800023e   0x00000004   Code   RO        14242    .ARM.Collect$$libinit$$00000001  c_w.l(libinit2.o)
    0x08000242   0x08000242   0x00000000   Code   RO        14245    .ARM.Collect$$libinit$$00000004  c_w.l(libinit2.o)
    0x08000242   0x08000242   0x00000000   Code   RO        14248    .ARM.Collect$$libinit$$0000000A  c_w.l(libinit2.o)
    0x08000242   0x08000242   0x00000000   Code   RO        14250    .ARM.Collect$$libinit$$0000000C  c_w.l(libinit2.o)
    0x08000242   0x08000242   0x00000000   Code   RO        14252    .ARM.Collect$$libinit$$0000000E  c_w.l(libinit2.o)
    0x08000242   0x08000242   0x00000000   Code   RO        14255    .ARM.Collect$$libinit$$00000011  c_w.l(libinit2.o)
    0x08000242   0x08000242   0x00000000   Code   RO        14257    .ARM.Collect$$libinit$$00000013  c_w.l(libinit2.o)
    0x08000242   0x08000242   0x00000000   Code   RO        14259    .ARM.Collect$$libinit$$00000015  c_w.l(libinit2.o)
    0x08000242   0x08000242   0x00000000   Code   RO        14261    .ARM.Collect$$libinit$$00000017  c_w.l(libinit2.o)
    0x08000242   0x08000242   0x00000000   Code   RO        14263    .ARM.Collect$$libinit$$00000019  c_w.l(libinit2.o)
    0x08000242   0x08000242   0x00000000   Code   RO        14265    .ARM.Collect$$libinit$$0000001B  c_w.l(libinit2.o)
    0x08000242   0x08000242   0x00000000   Code   RO        14267    .ARM.Collect$$libinit$$0000001D  c_w.l(libinit2.o)
    0x08000242   0x08000242   0x00000000   Code   RO        14269    .ARM.Collect$$libinit$$0000001F  c_w.l(libinit2.o)
    0x08000242   0x08000242   0x00000000   Code   RO        14271    .ARM.Collect$$libinit$$00000021  c_w.l(libinit2.o)
    0x08000242   0x08000242   0x00000000   Code   RO        14273    .ARM.Collect$$libinit$$00000023  c_w.l(libinit2.o)
    0x08000242   0x08000242   0x00000000   Code   RO        14275    .ARM.Collect$$libinit$$00000025  c_w.l(libinit2.o)
    0x08000242   0x08000242   0x00000000   Code   RO        14279    .ARM.Collect$$libinit$$0000002C  c_w.l(libinit2.o)
    0x08000242   0x08000242   0x00000000   Code   RO        14281    .ARM.Collect$$libinit$$0000002E  c_w.l(libinit2.o)
    0x08000242   0x08000242   0x00000000   Code   RO        14283    .ARM.Collect$$libinit$$00000030  c_w.l(libinit2.o)
    0x08000242   0x08000242   0x00000000   Code   RO        14285    .ARM.Collect$$libinit$$00000032  c_w.l(libinit2.o)
    0x08000242   0x08000242   0x00000002   Code   RO        14286    .ARM.Collect$$libinit$$00000033  c_w.l(libinit2.o)
    0x08000244   0x08000244   0x00000002   Code   RO        14317    .ARM.Collect$$libshutdown$$00000000  c_w.l(libshutdown.o)
    0x08000246   0x08000246   0x00000000   Code   RO        14343    .ARM.Collect$$libshutdown$$00000002  c_w.l(libshutdown2.o)
    0x08000246   0x08000246   0x00000000   Code   RO        14345    .ARM.Collect$$libshutdown$$00000004  c_w.l(libshutdown2.o)
    0x08000246   0x08000246   0x00000000   Code   RO        14347    .ARM.Collect$$libshutdown$$00000006  c_w.l(libshutdown2.o)
    0x08000246   0x08000246   0x00000000   Code   RO        14350    .ARM.Collect$$libshutdown$$00000009  c_w.l(libshutdown2.o)
    0x08000246   0x08000246   0x00000000   Code   RO        14353    .ARM.Collect$$libshutdown$$0000000C  c_w.l(libshutdown2.o)
    0x08000246   0x08000246   0x00000000   Code   RO        14355    .ARM.Collect$$libshutdown$$0000000E  c_w.l(libshutdown2.o)
    0x08000246   0x08000246   0x00000000   Code   RO        14358    .ARM.Collect$$libshutdown$$00000011  c_w.l(libshutdown2.o)
    0x08000246   0x08000246   0x00000002   Code   RO        14359    .ARM.Collect$$libshutdown$$00000012  c_w.l(libshutdown2.o)
    0x08000248   0x08000248   0x00000000   Code   RO        14138    .ARM.Collect$$rtentry$$00000000  c_w.l(__rtentry.o)
    0x08000248   0x08000248   0x00000000   Code   RO        14196    .ARM.Collect$$rtentry$$00000002  c_w.l(__rtentry2.o)
    0x08000248   0x08000248   0x00000006   Code   RO        14208    .ARM.Collect$$rtentry$$00000004  c_w.l(__rtentry4.o)
    0x0800024e   0x0800024e   0x00000000   Code   RO        14198    .ARM.Collect$$rtentry$$00000009  c_w.l(__rtentry2.o)
    0x0800024e   0x0800024e   0x00000004   Code   RO        14199    .ARM.Collect$$rtentry$$0000000A  c_w.l(__rtentry2.o)
    0x08000252   0x08000252   0x00000000   Code   RO        14201    .ARM.Collect$$rtentry$$0000000C  c_w.l(__rtentry2.o)
    0x08000252   0x08000252   0x00000008   Code   RO        14202    .ARM.Collect$$rtentry$$0000000D  c_w.l(__rtentry2.o)
    0x0800025a   0x0800025a   0x00000002   Code   RO        14234    .ARM.Collect$$rtexit$$00000000  c_w.l(rtexit.o)
    0x0800025c   0x0800025c   0x00000000   Code   RO        14290    .ARM.Collect$$rtexit$$00000002  c_w.l(rtexit2.o)
    0x0800025c   0x0800025c   0x00000004   Code   RO        14291    .ARM.Collect$$rtexit$$00000003  c_w.l(rtexit2.o)
    0x08000260   0x08000260   0x00000006   Code   RO        14292    .ARM.Collect$$rtexit$$00000004  c_w.l(rtexit2.o)
    0x08000266   0x08000266   0x00000002   PAD
    0x08000268   0x08000268   0x000000be   Code   RO         1434    .emb_text           port.o
    0x08000326   0x08000326   0x00000002   PAD
    0x08000328   0x08000328   0x00000040   Code   RO          152    .text               startup_stm32f407xx.o
    0x08000368   0x08000368   0x000000ee   Code   RO        13962    .text               c_w.l(lludivv7m.o)
    0x08000456   0x08000456   0x0000008a   Code   RO        13970    .text               c_w.l(rt_memcpy_v6.o)
    0x080004e0   0x080004e0   0x00000064   Code   RO        13972    .text               c_w.l(rt_memcpy_w.o)
    0x08000544   0x08000544   0x00000044   Code   RO        13976    .text               c_w.l(rt_memclr.o)
    0x08000588   0x08000588   0x0000004e   Code   RO        13978    .text               c_w.l(rt_memclr_w.o)
    0x080005d6   0x080005d6   0x00000006   Code   RO        13980    .text               c_w.l(heapauxi.o)
    0x080005dc   0x080005dc   0x00000008   Code   RO        14217    .text               c_w.l(libspace.o)
    0x080005e4   0x080005e4   0x0000004a   Code   RO        14220    .text               c_w.l(sys_stackheap_outer.o)
    0x0800062e   0x0800062e   0x00000012   Code   RO        14222    .text               c_w.l(exit.o)
    0x08000640   0x08000640   0x0000000c   Code   RO        14287    .text               c_w.l(sys_exit.o)
    0x0800064c   0x0800064c   0x00000002   Code   RO        14306    .text               c_w.l(use_no_semi.o)
    0x0800064e   0x0800064e   0x00000000   Code   RO        14308    .text               c_w.l(indicate_semi.o)
    0x0800064e   0x0800064e   0x00000002   PAD
    0x08000650   0x08000650   0x00000130   Code   RO         4714    i.ADC_Init          stm32f4xx_hal_adc.o
    0x08000780   0x08000780   0x00000020   Code   RO         7290    i.AXISZ_TOANGLE     axis.o
    0x080007a0   0x080007a0   0x00000020   Code   RO         7291    i.AXISZ_TOSPEED     axis.o
    0x080007c0   0x080007c0   0x0000002c   Code   RO         6436    i.Append_CRC16_Check_Sum  crc.o
    0x080007ec   0x080007ec   0x00000022   Code   RO         6437    i.Append_CRC8_Check_Sum  crc.o
    0x0800080e   0x0800080e   0x00000002   Code   RO         5738    i.BusFault_Handler  stm32f4xx_it.o
    0x08000810   0x08000810   0x0000002c   Code   RO         6014    i.CAN1_CMD_1FF      drv_can.o
    0x0800083c   0x0800083c   0x0000002c   Code   RO         6015    i.CAN1_CMD_200      drv_can.o
    0x08000868   0x08000868   0x0000000c   Code   RO         5739    i.CAN1_RX0_IRQHandler  stm32f4xx_it.o
    0x08000874   0x08000874   0x0000006c   Code   RO         6830    i.CAN1_rxDataHandler  can_protocol.o
    0x080008e0   0x080008e0   0x0000002c   Code   RO         6018    i.CAN2_CMD_1FF      drv_can.o
    0x0800090c   0x0800090c   0x0000002c   Code   RO         6019    i.CAN2_CMD_200      drv_can.o
    0x08000938   0x08000938   0x0000000c   Code   RO         5740    i.CAN2_RX0_IRQHandler  stm32f4xx_it.o
    0x08000944   0x08000944   0x0000006c   Code   RO         6831    i.CAN2_rxDataHandler  can_protocol.o
    0x080009b0   0x080009b0   0x0000000a   Code   RO         6685    i.CAN_01_GetMotorAngle  rm_protocol.o
    0x080009ba   0x080009ba   0x0000000c   Code   RO         6686    i.CAN_23_GetMotorSpeed  rm_protocol.o
    0x080009c6   0x080009c6   0x0000000c   Code   RO         6688    i.CAN_45_GetMotorCurrent  rm_protocol.o
    0x080009d2   0x080009d2   0x00000004   Code   RO         6690    i.CAN_6_GetMotorTemperature  rm_protocol.o
    0x080009d6   0x080009d6   0x00000002   PAD
    0x080009d8   0x080009d8   0x00000064   Code   RO         6022    i.CAN_Filter_Init   drv_can.o
    0x08000a3c   0x08000a3c   0x00000016   Code   RO         6832    i.CAN_SendAll       can_protocol.o
    0x08000a52   0x08000a52   0x00000002   PAD
    0x08000a54   0x08000a54   0x00000030   Code   RO         6833    i.CAN_SendAllZero   can_protocol.o
    0x08000a84   0x08000a84   0x00000018   Code   RO         7248    i.DEVICE_Init       device.o
    0x08000a9c   0x08000a9c   0x0000000c   Code   RO         5741    i.DMA1_Stream0_IRQHandler  stm32f4xx_it.o
    0x08000aa8   0x08000aa8   0x0000000c   Code   RO         5742    i.DMA1_Stream1_IRQHandler  stm32f4xx_it.o
    0x08000ab4   0x08000ab4   0x0000000c   Code   RO         5743    i.DMA1_Stream2_IRQHandler  stm32f4xx_it.o
    0x08000ac0   0x08000ac0   0x0000000c   Code   RO         5744    i.DMA1_Stream3_IRQHandler  stm32f4xx_it.o
    0x08000acc   0x08000acc   0x0000000c   Code   RO         5745    i.DMA1_Stream4_IRQHandler  stm32f4xx_it.o
    0x08000ad8   0x08000ad8   0x0000000c   Code   RO         5746    i.DMA1_Stream5_IRQHandler  stm32f4xx_it.o
    0x08000ae4   0x08000ae4   0x0000000c   Code   RO         5747    i.DMA1_Stream7_IRQHandler  stm32f4xx_it.o
    0x08000af0   0x08000af0   0x0000000c   Code   RO         5748    i.DMA2_Stream0_IRQHandler  stm32f4xx_it.o
    0x08000afc   0x08000afc   0x0000000c   Code   RO         5749    i.DMA2_Stream1_IRQHandler  stm32f4xx_it.o
    0x08000b08   0x08000b08   0x0000000c   Code   RO         5750    i.DMA2_Stream2_IRQHandler  stm32f4xx_it.o
    0x08000b14   0x08000b14   0x0000000c   Code   RO         5751    i.DMA2_Stream6_IRQHandler  stm32f4xx_it.o
    0x08000b20   0x08000b20   0x0000000c   Code   RO         5752    i.DMA2_Stream7_IRQHandler  stm32f4xx_it.o
    0x08000b2c   0x08000b2c   0x000002a8   Code   RO         6203    i.DMAEx_MultiBufferStart_NoIT  drv_uart.o
    0x08000dd4   0x08000dd4   0x0000002c   Code   RO         2256    i.DMA_CalcBaseAndBitshift  stm32f4xx_hal_dma.o
    0x08000e00   0x08000e00   0x00000078   Code   RO         2257    i.DMA_CheckFifoParam  stm32f4xx_hal_dma.o
    0x08000e78   0x08000e78   0x0000002a   Code   RO         2258    i.DMA_SetConfig     stm32f4xx_hal_dma.o
    0x08000ea2   0x08000ea2   0x00000064   Code   RO         6204    i.DMA_Start         drv_uart.o
    0x08000f06   0x08000f06   0x00000026   Code   RO         6382    i.DRIVER_Init       driver.o
    0x08000f2c   0x08000f2c   0x00000014   Code   RO         6205    i.DRV_UART_IRQHandler  drv_uart.o
    0x08000f40   0x08000f40   0x00000002   Code   RO         5753    i.DebugMon_Handler  stm32f4xx_it.o
    0x08000f42   0x08000f42   0x00000004   Code   RO         4986    i.Error_Handler     main.o
    0x08000f46   0x08000f46   0x00000002   PAD
    0x08000f48   0x08000f48   0x00000050   Code   RO         2026    i.FLASH_Erase_Sector  stm32f4xx_hal_flash_ex.o
    0x08000f98   0x08000f98   0x00000054   Code   RO         2027    i.FLASH_FlushCaches  stm32f4xx_hal_flash_ex.o
    0x08000fec   0x08000fec   0x00000028   Code   RO         2028    i.FLASH_MassErase   stm32f4xx_hal_flash_ex.o
    0x08001014   0x08001014   0x00000020   Code   RO         1908    i.FLASH_Program_Byte  stm32f4xx_hal_flash.o
    0x08001034   0x08001034   0x0000002c   Code   RO         1909    i.FLASH_Program_DoubleWord  stm32f4xx_hal_flash.o
    0x08001060   0x08001060   0x00000024   Code   RO         1910    i.FLASH_Program_HalfWord  stm32f4xx_hal_flash.o
    0x08001084   0x08001084   0x00000024   Code   RO         1911    i.FLASH_Program_Word  stm32f4xx_hal_flash.o
    0x080010a8   0x080010a8   0x00000068   Code   RO         1912    i.FLASH_SetErrorCode  stm32f4xx_hal_flash.o
    0x08001110   0x08001110   0x00000054   Code   RO         1913    i.FLASH_WaitForLastOperation  stm32f4xx_hal_flash.o
    0x08001164   0x08001164   0x0000002e   Code   RO         6319    i.Flash_EraseSector  drv_flash.o
    0x08001192   0x08001192   0x00000006   Code   RO         6320    i.Flash_EraseSector11  drv_flash.o
    0x08001198   0x08001198   0x0000000a   Code   RO         6321    i.Flash_ReadData    drv_flash.o
    0x080011a2   0x080011a2   0x00000032   Code   RO         6325    i.Flash_WriteWordData  drv_flash.o
    0x080011d4   0x080011d4   0x00000030   Code   RO         6438    i.Get_CRC16_Check_Sum  crc.o
    0x08001204   0x08001204   0x0000001c   Code   RO         6439    i.Get_CRC8_Check_Sum  crc.o
    0x08001220   0x08001220   0x00000158   Code   RO         4716    i.HAL_ADC_ConfigChannel  stm32f4xx_hal_adc.o
    0x08001378   0x08001378   0x00000054   Code   RO         4725    i.HAL_ADC_Init      stm32f4xx_hal_adc.o
    0x080013cc   0x080013cc   0x00000098   Code   RO         5316    i.HAL_ADC_MspInit   adc.o
    0x08001464   0x08001464   0x00000024   Code   RO         1515    i.HAL_CAN_ActivateNotification  stm32f4xx_hal_can.o
    0x08001488   0x08001488   0x000000f2   Code   RO         1516    i.HAL_CAN_AddTxMessage  stm32f4xx_hal_can.o
    0x0800157a   0x0800157a   0x00000002   PAD
    0x0800157c   0x0800157c   0x00000110   Code   RO         1517    i.HAL_CAN_ConfigFilter  stm32f4xx_hal_can.o
    0x0800168c   0x0800168c   0x00000002   Code   RO         1520    i.HAL_CAN_ErrorCallback  stm32f4xx_hal_can.o
    0x0800168e   0x0800168e   0x00000106   Code   RO         1523    i.HAL_CAN_GetRxMessage  stm32f4xx_hal_can.o
    0x08001794   0x08001794   0x000001fc   Code   RO         1527    i.HAL_CAN_IRQHandler  stm32f4xx_hal_can.o
    0x08001990   0x08001990   0x00000152   Code   RO         1528    i.HAL_CAN_Init      stm32f4xx_hal_can.o
    0x08001ae2   0x08001ae2   0x00000002   PAD
    0x08001ae4   0x08001ae4   0x00000100   Code   RO         5358    i.HAL_CAN_MspInit   can.o
    0x08001be4   0x08001be4   0x00000002   Code   RO         1535    i.HAL_CAN_RxFifo0FullCallback  stm32f4xx_hal_can.o
    0x08001be6   0x08001be6   0x00000002   PAD
    0x08001be8   0x08001be8   0x00000054   Code   RO         6023    i.HAL_CAN_RxFifo0MsgPendingCallback  drv_can.o
    0x08001c3c   0x08001c3c   0x00000002   Code   RO         1537    i.HAL_CAN_RxFifo1FullCallback  stm32f4xx_hal_can.o
    0x08001c3e   0x08001c3e   0x00000002   Code   RO         1538    i.HAL_CAN_RxFifo1MsgPendingCallback  stm32f4xx_hal_can.o
    0x08001c40   0x08001c40   0x00000002   Code   RO         1539    i.HAL_CAN_SleepCallback  stm32f4xx_hal_can.o
    0x08001c42   0x08001c42   0x00000058   Code   RO         1540    i.HAL_CAN_Start     stm32f4xx_hal_can.o
    0x08001c9a   0x08001c9a   0x00000002   Code   RO         1542    i.HAL_CAN_TxMailbox0AbortCallback  stm32f4xx_hal_can.o
    0x08001c9c   0x08001c9c   0x00000002   Code   RO         1543    i.HAL_CAN_TxMailbox0CompleteCallback  stm32f4xx_hal_can.o
    0x08001c9e   0x08001c9e   0x00000002   Code   RO         1544    i.HAL_CAN_TxMailbox1AbortCallback  stm32f4xx_hal_can.o
    0x08001ca0   0x08001ca0   0x00000002   Code   RO         1545    i.HAL_CAN_TxMailbox1CompleteCallback  stm32f4xx_hal_can.o
    0x08001ca2   0x08001ca2   0x00000002   Code   RO         1546    i.HAL_CAN_TxMailbox2AbortCallback  stm32f4xx_hal_can.o
    0x08001ca4   0x08001ca4   0x00000002   Code   RO         1547    i.HAL_CAN_TxMailbox2CompleteCallback  stm32f4xx_hal_can.o
    0x08001ca6   0x08001ca6   0x00000002   Code   RO         1549    i.HAL_CAN_WakeUpFromRxMsgCallback  stm32f4xx_hal_can.o
    0x08001ca8   0x08001ca8   0x0000008e   Code   RO         2259    i.HAL_DMA_Abort     stm32f4xx_hal_dma.o
    0x08001d36   0x08001d36   0x00000024   Code   RO         2260    i.HAL_DMA_Abort_IT  stm32f4xx_hal_dma.o
    0x08001d5a   0x08001d5a   0x00000002   PAD
    0x08001d5c   0x08001d5c   0x000001d0   Code   RO         2264    i.HAL_DMA_IRQHandler  stm32f4xx_hal_dma.o
    0x08001f2c   0x08001f2c   0x000000d4   Code   RO         2265    i.HAL_DMA_Init      stm32f4xx_hal_dma.o
    0x08002000   0x08002000   0x0000006e   Code   RO         2269    i.HAL_DMA_Start_IT  stm32f4xx_hal_dma.o
    0x0800206e   0x0800206e   0x00000002   PAD
    0x08002070   0x08002070   0x00000024   Code   RO         2678    i.HAL_Delay         stm32f4xx_hal.o
    0x08002094   0x08002094   0x000000a0   Code   RO         2038    i.HAL_FLASHEx_Erase  stm32f4xx_hal_flash_ex.o
    0x08002134   0x08002134   0x00000014   Code   RO         1917    i.HAL_FLASH_Lock    stm32f4xx_hal_flash.o
    0x08002148   0x08002148   0x0000007c   Code   RO         1922    i.HAL_FLASH_Program  stm32f4xx_hal_flash.o
    0x080021c4   0x080021c4   0x0000002c   Code   RO         1924    i.HAL_FLASH_Unlock  stm32f4xx_hal_flash.o
    0x080021f0   0x080021f0   0x000001d0   Code   RO         2152    i.HAL_GPIO_Init     stm32f4xx_hal_gpio.o
    0x080023c0   0x080023c0   0x0000000e   Code   RO         2156    i.HAL_GPIO_WritePin  stm32f4xx_hal_gpio.o
    0x080023ce   0x080023ce   0x00000002   PAD
    0x080023d0   0x080023d0   0x0000000c   Code   RO         2684    i.HAL_GetTick       stm32f4xx_hal.o
    0x080023dc   0x080023dc   0x00000010   Code   RO         2690    i.HAL_IncTick       stm32f4xx_hal.o
    0x080023ec   0x080023ec   0x00000034   Code   RO         2691    i.HAL_Init          stm32f4xx_hal.o
    0x08002420   0x08002420   0x00000098   Code   RO         5975    i.HAL_InitTick      stm32f4xx_hal_timebase_tim.o
    0x080024b8   0x080024b8   0x00000038   Code   RO         5951    i.HAL_MspInit       stm32f4xx_hal_msp.o
    0x080024f0   0x080024f0   0x0000001a   Code   RO         2541    i.HAL_NVIC_EnableIRQ  stm32f4xx_hal_cortex.o
    0x0800250a   0x0800250a   0x00000002   PAD
    0x0800250c   0x0800250c   0x00000040   Code   RO         2547    i.HAL_NVIC_SetPriority  stm32f4xx_hal_cortex.o
    0x0800254c   0x0800254c   0x00000024   Code   RO         2548    i.HAL_NVIC_SetPriorityGrouping  stm32f4xx_hal_cortex.o
    0x08002570   0x08002570   0x0000014c   Code   RO         1753    i.HAL_RCC_ClockConfig  stm32f4xx_hal_rcc.o
    0x080026bc   0x080026bc   0x0000003c   Code   RO         1757    i.HAL_RCC_GetClockConfig  stm32f4xx_hal_rcc.o
    0x080026f8   0x080026f8   0x0000000c   Code   RO         1758    i.HAL_RCC_GetHCLKFreq  stm32f4xx_hal_rcc.o
    0x08002704   0x08002704   0x00000020   Code   RO         1760    i.HAL_RCC_GetPCLK1Freq  stm32f4xx_hal_rcc.o
    0x08002724   0x08002724   0x00000020   Code   RO         1761    i.HAL_RCC_GetPCLK2Freq  stm32f4xx_hal_rcc.o
    0x08002744   0x08002744   0x0000006c   Code   RO         1762    i.HAL_RCC_GetSysClockFreq  stm32f4xx_hal_rcc.o
    0x080027b0   0x080027b0   0x000003c0   Code   RO         1765    i.HAL_RCC_OscConfig  stm32f4xx_hal_rcc.o
    0x08002b70   0x08002b70   0x00000002   Code   RO         4077    i.HAL_TIMEx_BreakCallback  stm32f4xx_hal_tim_ex.o
    0x08002b72   0x08002b72   0x00000002   Code   RO         4078    i.HAL_TIMEx_CommutCallback  stm32f4xx_hal_tim_ex.o
    0x08002b74   0x08002b74   0x00000054   Code   RO         4080    i.HAL_TIMEx_ConfigBreakDeadTime  stm32f4xx_hal_tim_ex.o
    0x08002bc8   0x08002bc8   0x00000090   Code   RO         4096    i.HAL_TIMEx_MasterConfigSynchronization  stm32f4xx_hal_tim_ex.o
    0x08002c58   0x08002c58   0x0000004a   Code   RO         3362    i.HAL_TIM_Base_Init  stm32f4xx_hal_tim.o
    0x08002ca2   0x08002ca2   0x00000002   PAD
    0x08002ca4   0x08002ca4   0x00000058   Code   RO         5407    i.HAL_TIM_Base_MspInit  tim.o
    0x08002cfc   0x08002cfc   0x0000008c   Code   RO         3367    i.HAL_TIM_Base_Start_IT  stm32f4xx_hal_tim.o
    0x08002d88   0x08002d88   0x000000e8   Code   RO         3371    i.HAL_TIM_ConfigClockSource  stm32f4xx_hal_tim.o
    0x08002e70   0x08002e70   0x00000002   Code   RO         3396    i.HAL_TIM_IC_CaptureCallback  stm32f4xx_hal_tim.o
    0x08002e72   0x08002e72   0x0000016e   Code   RO         3410    i.HAL_TIM_IRQHandler  stm32f4xx_hal_tim.o
    0x08002fe0   0x08002fe0   0x00000054   Code   RO         5408    i.HAL_TIM_MspPostInit  tim.o
    0x08003034   0x08003034   0x00000002   Code   RO         3413    i.HAL_TIM_OC_DelayElapsedCallback  stm32f4xx_hal_tim.o
    0x08003036   0x08003036   0x000000d8   Code   RO         3434    i.HAL_TIM_PWM_ConfigChannel  stm32f4xx_hal_tim.o
    0x0800310e   0x0800310e   0x0000004a   Code   RO         3437    i.HAL_TIM_PWM_Init  stm32f4xx_hal_tim.o
    0x08003158   0x08003158   0x00000002   Code   RO         3439    i.HAL_TIM_PWM_MspInit  stm32f4xx_hal_tim.o
    0x0800315a   0x0800315a   0x00000002   Code   RO         3440    i.HAL_TIM_PWM_PulseFinishedCallback  stm32f4xx_hal_tim.o
    0x0800315c   0x0800315c   0x000000dc   Code   RO         3442    i.HAL_TIM_PWM_Start  stm32f4xx_hal_tim.o
    0x08003238   0x08003238   0x00000030   Code   RO         4987    i.HAL_TIM_PeriodElapsedCallback  main.o
    0x08003268   0x08003268   0x00000002   Code   RO         3453    i.HAL_TIM_TriggerCallback  stm32f4xx_hal_tim.o
    0x0800326a   0x0800326a   0x00000002   Code   RO         4355    i.HAL_UARTEx_RxEventCallback  stm32f4xx_hal_uart.o
    0x0800326c   0x0800326c   0x00000002   Code   RO         4369    i.HAL_UART_ErrorCallback  stm32f4xx_hal_uart.o
    0x0800326e   0x0800326e   0x00000002   PAD
    0x08003270   0x08003270   0x00000228   Code   RO         4372    i.HAL_UART_IRQHandler  stm32f4xx_hal_uart.o
    0x08003498   0x08003498   0x00000064   Code   RO         4373    i.HAL_UART_Init     stm32f4xx_hal_uart.o
    0x080034fc   0x080034fc   0x000004b0   Code   RO         5560    i.HAL_UART_MspInit  usart.o
    0x080039ac   0x080039ac   0x00000002   Code   RO         4379    i.HAL_UART_RxCpltCallback  stm32f4xx_hal_uart.o
    0x080039ae   0x080039ae   0x00000002   PAD
    0x080039b0   0x080039b0   0x00000094   Code   RO         4382    i.HAL_UART_Transmit_DMA  stm32f4xx_hal_uart.o
    0x08003a44   0x08003a44   0x00000002   Code   RO         4384    i.HAL_UART_TxCpltCallback  stm32f4xx_hal_uart.o
    0x08003a46   0x08003a46   0x00000002   Code   RO         4385    i.HAL_UART_TxHalfCpltCallback  stm32f4xx_hal_uart.o
    0x08003a48   0x08003a48   0x00000002   Code   RO         5754    i.HardFault_Handler  stm32f4xx_it.o
    0x08003a4a   0x08003a4a   0x00000002   PAD
    0x08003a4c   0x08003a4c   0x0000007c   Code   RO         5317    i.MX_ADC1_Init      adc.o
    0x08003ac8   0x08003ac8   0x00000048   Code   RO         5359    i.MX_CAN1_Init      can.o
    0x08003b10   0x08003b10   0x00000048   Code   RO         5360    i.MX_CAN2_Init      can.o
    0x08003b58   0x08003b58   0x000000ec   Code   RO         5502    i.MX_DMA_Init       dma.o
    0x08003c44   0x08003c44   0x00000068   Code   RO         5631    i.MX_FREERTOS_Init  freertos.o
    0x08003cac   0x08003cac   0x000000bc   Code   RO         5285    i.MX_GPIO_Init      gpio.o
    0x08003d68   0x08003d68   0x000000cc   Code   RO         5409    i.MX_TIM1_Init      tim.o
    0x08003e34   0x08003e34   0x00000068   Code   RO         5410    i.MX_TIM4_Init      tim.o
    0x08003e9c   0x08003e9c   0x00000038   Code   RO         5561    i.MX_UART4_Init     usart.o
    0x08003ed4   0x08003ed4   0x00000038   Code   RO         5562    i.MX_UART5_Init     usart.o
    0x08003f0c   0x08003f0c   0x00000038   Code   RO         5563    i.MX_USART1_UART_Init  usart.o
    0x08003f44   0x08003f44   0x00000040   Code   RO         5564    i.MX_USART2_UART_Init  usart.o
    0x08003f84   0x08003f84   0x00000038   Code   RO         5565    i.MX_USART3_UART_Init  usart.o
    0x08003fbc   0x08003fbc   0x00000038   Code   RO         5566    i.MX_USART6_UART_Init  usart.o
    0x08003ff4   0x08003ff4   0x00000002   Code   RO         5755    i.MemManage_Handler  stm32f4xx_it.o
    0x08003ff6   0x08003ff6   0x00000046   Code   RO         6981    i.Motor_DetectStuck  rm_motor.o
    0x0800403c   0x0800403c   0x0000005c   Code   RO         6982    i.Motor_HandleStuck  rm_motor.o
    0x08004098   0x08004098   0x00000014   Code   RO         6983    i.Motor_SendData    rm_motor.o
    0x080040ac   0x080040ac   0x000000a4   Code   RO         6984    i.Motor_ToAngle     rm_motor.o
    0x08004150   0x08004150   0x00000066   Code   RO         6985    i.Motor_ToAxleAngle  rm_motor.o
    0x080041b6   0x080041b6   0x00000052   Code   RO         6986    i.Motor_ToSpeed     rm_motor.o
    0x08004208   0x08004208   0x00000002   Code   RO         5756    i.NMI_Handler       stm32f4xx_it.o
    0x0800420a   0x0800420a   0x00000002   PAD
    0x0800420c   0x0800420c   0x000000d0   Code   RO         7117    i.RC_ResetData      rc_sensor.o
    0x080042dc   0x080042dc   0x0000005c   Code   RO         7555    i.Soft_Reset        monitor_task.o
    0x08004338   0x08004338   0x00000034   Code   RO         7596    i.StartCommunityTask  community_task.o
    0x0800436c   0x0800436c   0x00000030   Code   RO         7523    i.StartControlTask  control_task.o
    0x0800439c   0x0800439c   0x00000058   Code   RO         7492    i.StartLedTask      led_task.o
    0x080043f4   0x080043f4   0x00000048   Code   RO         7556    i.StartMonitorTask  monitor_task.o
    0x0800443c   0x0800443c   0x0000003c   Code   RO         7415    i.State_Update      module.o
    0x08004478   0x08004478   0x0000002c   Code   RO         1435    i.SysTick_Handler   port.o
    0x080044a4   0x080044a4   0x0000009c   Code   RO         4988    i.SystemClock_Config  main.o
    0x08004540   0x08004540   0x00000010   Code   RO            5    i.SystemInit        system_stm32f4xx.o
    0x08004550   0x08004550   0x00000018   Code   RO         6106    i.TIM1_Init         drv_tim.o
    0x08004568   0x08004568   0x0000000c   Code   RO         5757    i.TIM2_IRQHandler   stm32f4xx_it.o
    0x08004574   0x08004574   0x0000000c   Code   RO         5758    i.TIM4_IRQHandler   stm32f4xx_it.o
    0x08004580   0x08004580   0x00000018   Code   RO         6107    i.TIM4_Init         drv_tim.o
    0x08004598   0x08004598   0x000000cc   Code   RO         3455    i.TIM_Base_SetConfig  stm32f4xx_hal_tim.o
    0x08004664   0x08004664   0x0000001a   Code   RO         3456    i.TIM_CCxChannelCmd  stm32f4xx_hal_tim.o
    0x0800467e   0x0800467e   0x00000014   Code   RO         3466    i.TIM_ETR_SetConfig  stm32f4xx_hal_tim.o
    0x08004692   0x08004692   0x00000010   Code   RO         3467    i.TIM_ITRx_SetConfig  stm32f4xx_hal_tim.o
    0x080046a2   0x080046a2   0x00000002   PAD
    0x080046a4   0x080046a4   0x00000068   Code   RO         3468    i.TIM_OC1_SetConfig  stm32f4xx_hal_tim.o
    0x0800470c   0x0800470c   0x00000074   Code   RO         3469    i.TIM_OC2_SetConfig  stm32f4xx_hal_tim.o
    0x08004780   0x08004780   0x00000070   Code   RO         3470    i.TIM_OC3_SetConfig  stm32f4xx_hal_tim.o
    0x080047f0   0x080047f0   0x00000054   Code   RO         3471    i.TIM_OC4_SetConfig  stm32f4xx_hal_tim.o
    0x08004844   0x08004844   0x00000022   Code   RO         3473    i.TIM_TI1_ConfigInputStage  stm32f4xx_hal_tim.o
    0x08004866   0x08004866   0x00000024   Code   RO         3475    i.TIM_TI2_ConfigInputStage  stm32f4xx_hal_tim.o
    0x0800488a   0x0800488a   0x00000002   PAD
    0x0800488c   0x0800488c   0x00000014   Code   RO         6108    i.Trigger_Close     drv_tim.o
    0x080048a0   0x080048a0   0x00000014   Code   RO         6109    i.Trigger_Open      drv_tim.o
    0x080048b4   0x080048b4   0x00000014   Code   RO         6110    i.Trigger_Sleep     drv_tim.o
    0x080048c8   0x080048c8   0x00000024   Code   RO         7416    i.Tx_vision_info_update  module.o
    0x080048ec   0x080048ec   0x00000018   Code   RO         5759    i.UART4_IRQHandler  stm32f4xx_it.o
    0x08004904   0x08004904   0x00000018   Code   RO         5760    i.UART5_IRQHandler  stm32f4xx_it.o
    0x0800491c   0x0800491c   0x00000010   Code   RO         4386    i.UART_DMAAbortOnError  stm32f4xx_hal_uart.o
    0x0800492c   0x0800492c   0x0000004a   Code   RO         4387    i.UART_DMAError     stm32f4xx_hal_uart.o
    0x08004976   0x08004976   0x00000042   Code   RO         4392    i.UART_DMATransmitCplt  stm32f4xx_hal_uart.o
    0x080049b8   0x080049b8   0x0000000a   Code   RO         4394    i.UART_DMATxHalfCplt  stm32f4xx_hal_uart.o
    0x080049c2   0x080049c2   0x0000004e   Code   RO         4396    i.UART_EndRxTransfer  stm32f4xx_hal_uart.o
    0x08004a10   0x08004a10   0x0000001a   Code   RO         4397    i.UART_EndTransmit_IT  stm32f4xx_hal_uart.o
    0x08004a2a   0x08004a2a   0x0000001c   Code   RO         4398    i.UART_EndTxTransfer  stm32f4xx_hal_uart.o
    0x08004a46   0x08004a46   0x000000c6   Code   RO         4399    i.UART_Receive_IT   stm32f4xx_hal_uart.o
    0x08004b0c   0x08004b0c   0x00000114   Code   RO         4400    i.UART_SetConfig    stm32f4xx_hal_uart.o
    0x08004c20   0x08004c20   0x0000005e   Code   RO         4403    i.UART_Transmit_IT  stm32f4xx_hal_uart.o
    0x08004c7e   0x08004c7e   0x00000002   PAD
    0x08004c80   0x08004c80   0x00000018   Code   RO         5761    i.USART1_IRQHandler  stm32f4xx_it.o
    0x08004c98   0x08004c98   0x00000038   Code   RO         6206    i.USART1_Init       drv_uart.o
    0x08004cd0   0x08004cd0   0x0000001c   Code   RO         6875    i.USART1_rxDataHandler  vision_protocol.o
    0x08004cec   0x08004cec   0x00000018   Code   RO         5762    i.USART2_IRQHandler  stm32f4xx_it.o
    0x08004d04   0x08004d04   0x0000003c   Code   RO         6208    i.USART2_Init       drv_uart.o
    0x08004d40   0x08004d40   0x00000020   Code   RO         6603    i.USART2_rxDataHandler  rc_protocol.o
    0x08004d60   0x08004d60   0x00000018   Code   RO         5763    i.USART3_IRQHandler  stm32f4xx_it.o
    0x08004d78   0x08004d78   0x00000038   Code   RO         6210    i.USART3_Init       drv_uart.o
    0x08004db0   0x08004db0   0x00000002   Code   RO         6211    i.USART3_rxDataHandler  drv_uart.o
    0x08004db2   0x08004db2   0x00000002   PAD
    0x08004db4   0x08004db4   0x00000038   Code   RO         6212    i.USART5_Init       drv_uart.o
    0x08004dec   0x08004dec   0x0000001c   Code   RO         6929    i.USART5_rxDataHandler  judge_infantrypotocol.o
    0x08004e08   0x08004e08   0x00000018   Code   RO         5764    i.USART6_IRQHandler  stm32f4xx_it.o
    0x08004e20   0x08004e20   0x00000038   Code   RO         6214    i.USART6_Init       drv_uart.o
    0x08004e58   0x08004e58   0x00000002   Code   RO         6215    i.USART6_rxDataHandler  drv_uart.o
    0x08004e5a   0x08004e5a   0x00000002   Code   RO         5765    i.UsageFault_Handler  stm32f4xx_it.o
    0x08004e5c   0x08004e5c   0x00000040   Code   RO         6440    i.Verify_CRC16_Check_Sum  crc.o
    0x08004e9c   0x08004e9c   0x00000038   Code   RO         6441    i.Verify_CRC8_Check_Sum  crc.o
    0x08004ed4   0x08004ed4   0x00000020   Code   RO         2554    i.__NVIC_SetPriority  stm32f4xx_hal_cortex.o
    0x08004ef4   0x08004ef4   0x0000001c   Code   RO         7292    i.axis_ctrl         axis.o
    0x08004f10   0x08004f10   0x00000030   Code   RO         7293    i.axis_load         axis.o
    0x08004f40   0x08004f40   0x000002b0   Code   RO         7294    i.axis_normal       axis.o
    0x080051f0   0x080051f0   0x000000f4   Code   RO         7295    i.axis_reset        axis.o
    0x080052e4   0x080052e4   0x00000030   Code   RO         7296    i.axis_save         axis.o
    0x08005314   0x08005314   0x000000fc   Code   RO         7297    i.axis_toposition   axis.o
    0x08005410   0x08005410   0x00000024   Code   RO         6216    i.dma_m0_rxcplt_callback  drv_uart.o
    0x08005434   0x08005434   0x00000024   Code   RO         6217    i.dma_m1_rxcplt_callback  drv_uart.o
    0x08005458   0x08005458   0x0000006c   Code   RO         7165    i.judge_sensor_check  judge_sensor.o
    0x080054c4   0x080054c4   0x00000030   Code   RO         7166    i.judge_sensor_heart_beat  judge_sensor.o
    0x080054f4   0x080054f4   0x00000026   Code   RO         6930    i.judge_sensor_init  judge_infantrypotocol.o
    0x0800551a   0x0800551a   0x00000104   Code   RO         6931    i.judge_sensor_update  judge_infantrypotocol.o
    0x0800561e   0x0800561e   0x00000046   Code   RO         6604    i.keyboard_cnt_max_set  rc_protocol.o
    0x08005664   0x08005664   0x000003f4   Code   RO         7365    i.launcher_auto     launcher.o
    0x08005a58   0x08005a58   0x0000001c   Code   RO         7366    i.launcher_ctrl     launcher.o
    0x08005a74   0x08005a74   0x00000078   Code   RO         7367    i.launcher_manual   launcher.o
    0x08005aec   0x08005aec   0x00000138   Code   RO         7368    i.launcher_reset    launcher.o
    0x08005c24   0x08005c24   0x00000054   Code   RO         4989    i.main              main.o
    0x08005c78   0x08005c78   0x0000000c   Code   RO          997    i.makeFreeRtosPriority  cmsis_os.o
    0x08005c84   0x08005c84   0x00000024   Code   RO         6163    i.micros            drv_tick.o
    0x08005ca8   0x08005ca8   0x00000140   Code   RO         7417    i.mode_select       module.o
    0x08005de8   0x08005de8   0x00000050   Code   RO         7069    i.motor_list_heart_beat  motor.o
    0x08005e38   0x08005e38   0x000000e8   Code   RO         7070    i.motor_list_init   motor.o
    0x08005f20   0x08005f20   0x00000040   Code   RO         7071    i.motor_list_workstate  motor.o
    0x08005f60   0x08005f60   0x00000010   Code   RO          999    i.osDelay           cmsis_os.o
    0x08005f70   0x08005f70   0x0000000a   Code   RO         1002    i.osKernelStart     cmsis_os.o
    0x08005f7a   0x08005f7a   0x00000058   Code   RO         1036    i.osThreadCreate    cmsis_os.o
    0x08005fd2   0x08005fd2   0x00000002   PAD
    0x08005fd4   0x08005fd4   0x00000070   Code   RO          665    i.prvAddCurrentTaskToDelayedList  tasks.o
    0x08006044   0x08006044   0x00000088   Code   RO          666    i.prvAddNewTaskToReadyList  tasks.o
    0x080060cc   0x080060cc   0x0000003c   Code   RO          667    i.prvCheckTasksWaitingTermination  tasks.o
    0x08006108   0x08006108   0x00000040   Code   RO          668    i.prvDeleteTCB      tasks.o
    0x08006148   0x08006148   0x0000004c   Code   RO         1367    i.prvHeapInit       heap_4.o
    0x08006194   0x08006194   0x00000028   Code   RO          669    i.prvIdleTask       tasks.o
    0x080061bc   0x080061bc   0x00000094   Code   RO          670    i.prvInitialiseNewTask  tasks.o
    0x08006250   0x08006250   0x00000058   Code   RO          671    i.prvInitialiseTaskLists  tasks.o
    0x080062a8   0x080062a8   0x00000054   Code   RO         1368    i.prvInsertBlockIntoFreeList  heap_4.o
    0x080062fc   0x080062fc   0x00000024   Code   RO          672    i.prvResetNextTaskUnblockTime  tasks.o
    0x08006320   0x08006320   0x0000002c   Code   RO         1436    i.prvTaskExitError  port.o
    0x0800634c   0x0800634c   0x000000dc   Code   RO         1369    i.pvPortMalloc      heap_4.o
    0x08006428   0x08006428   0x00000024   Code   RO         1437    i.pxPortInitialiseStack  port.o
    0x0800644c   0x0800644c   0x000000b0   Code   RO         6609    i.rc_interrupt_update  rc_protocol.o
    0x080064fc   0x080064fc   0x000000fc   Code   RO         7118    i.rc_sensor_check   rc_sensor.o
    0x080065f8   0x080065f8   0x0000002c   Code   RO         7119    i.rc_sensor_heart_beat  rc_sensor.o
    0x08006624   0x08006624   0x0000002e   Code   RO         6610    i.rc_sensor_init    rc_protocol.o
    0x08006652   0x08006652   0x00000002   PAD
    0x08006654   0x08006654   0x00000170   Code   RO         6611    i.rc_sensor_update  rc_protocol.o
    0x080067c4   0x080067c4   0x00000054   Code   RO         6702    i.rm_motor_check    rm_protocol.o
    0x08006818   0x08006818   0x0000002a   Code   RO         6987    i.rm_motor_heart_beat  rm_motor.o
    0x08006842   0x08006842   0x0000001a   Code   RO         6988    i.rm_motor_init     rm_motor.o
    0x0800685c   0x0800685c   0x0000002c   Code   RO         6703    i.rm_motor_update   rm_protocol.o
    0x08006888   0x08006888   0x000000a2   Code   RO         6498    i.single_pid_ctrl   pid.o
    0x0800692a   0x0800692a   0x00000002   PAD
    0x0800692c   0x0800692c   0x0000012c   Code   RO         6218    i.uart_rx_idle_callback  drv_uart.o
    0x08006a58   0x08006a58   0x00000026   Code   RO          291    i.uxListRemove      list.o
    0x08006a7e   0x08006a7e   0x00000002   PAD
    0x08006a80   0x08006a80   0x00000014   Code   RO         5636    i.vApplicationGetIdleTaskMemory  freertos.o
    0x08006a94   0x08006a94   0x00000016   Code   RO          292    i.vListInitialise   list.o
    0x08006aaa   0x08006aaa   0x00000006   Code   RO          293    i.vListInitialiseItem  list.o
    0x08006ab0   0x08006ab0   0x00000030   Code   RO          294    i.vListInsert       list.o
    0x08006ae0   0x08006ae0   0x00000018   Code   RO          295    i.vListInsertEnd    list.o
    0x08006af8   0x08006af8   0x00000040   Code   RO         1439    i.vPortEnterCritical  port.o
    0x08006b38   0x08006b38   0x0000002c   Code   RO         1440    i.vPortExitCritical  port.o
    0x08006b64   0x08006b64   0x00000064   Code   RO         1370    i.vPortFree         heap_4.o
    0x08006bc8   0x08006bc8   0x00000024   Code   RO         1441    i.vPortSetupTimerInterrupt  port.o
    0x08006bec   0x08006bec   0x00000050   Code   RO          681    i.vTaskDelay        tasks.o
    0x08006c3c   0x08006c3c   0x00000088   Code   RO          694    i.vTaskStartScheduler  tasks.o
    0x08006cc4   0x08006cc4   0x00000010   Code   RO          696    i.vTaskSuspendAll   tasks.o
    0x08006cd4   0x08006cd4   0x00000060   Code   RO          697    i.vTaskSwitchContext  tasks.o
    0x08006d34   0x08006d34   0x0000001a   Code   RO         6876    i.vision_check      vision_protocol.o
    0x08006d4e   0x08006d4e   0x00000026   Code   RO         7209    i.vision_heart_beat  vision_sensor.o
    0x08006d74   0x08006d74   0x00000012   Code   RO         7210    i.vision_init       vision_sensor.o
    0x08006d86   0x08006d86   0x00000002   PAD
    0x08006d88   0x08006d88   0x0000004c   Code   RO         6877    i.vision_send_data  vision_protocol.o
    0x08006dd4   0x08006dd4   0x00000048   Code   RO         6878    i.vision_update     vision_protocol.o
    0x08006e1c   0x08006e1c   0x000000f4   Code   RO         1443    i.xPortStartScheduler  port.o
    0x08006f10   0x08006f10   0x00000064   Code   RO          700    i.xTaskCreate       tasks.o
    0x08006f74   0x08006f74   0x0000005c   Code   RO          701    i.xTaskCreateStatic  tasks.o
    0x08006fd0   0x08006fd0   0x000000d0   Code   RO          708    i.xTaskIncrementTick  tasks.o
    0x080070a0   0x080070a0   0x000000cc   Code   RO          714    i.xTaskResumeAll    tasks.o
    0x0800716c   0x0800716c   0x0000000a   Code   RO        14302    x$fpl$fpinit        fz_wm.l(fpinit.o)
    0x08007176   0x08007176   0x00000010   Data   RO            6    .constdata          system_stm32f4xx.o
    0x08007186   0x08007186   0x00000008   Data   RO            7    .constdata          system_stm32f4xx.o
    0x0800718e   0x0800718e   0x00000008   Data   RO         2271    .constdata          stm32f4xx_hal_dma.o
    0x08007196   0x08007196   0x00000002   PAD
    0x08007198   0x08007198   0x00000070   Data   RO         5638    .constdata          freertos.o
    0x08007208   0x08007208   0x00000300   Data   RO         6443    .constdata          crc.o
    0x08007508   0x08007508   0x0000002e   Data   RO         5639    .conststring        freertos.o
    0x08007536   0x08007536   0x00000002   PAD
    0x08007538   0x08007538   0x00000020   Data   RO        14360    Region$$Table       anon$$obj.o


    Execution Region RW_IRAM1 (Exec base: 0x20000000, Load base: 0x08007558, Size: 0x00005d90, Max: 0x0001c000, ABSOLUTE, COMPRESSED[0x000001d0])

    Exec Addr    Load Addr    Size         Type   Attr      Idx    E Section Name        Object

    0x20000000   COMPRESSED   0x00000004   Data   RW            8    .data               system_stm32f4xx.o
    0x20000004   COMPRESSED   0x0000003c   Data   RW          717    .data               tasks.o
    0x20000040   COMPRESSED   0x00000020   Data   RW         1376    .data               heap_4.o
    0x20000060   COMPRESSED   0x0000000c   Data   RW         1444    .data               port.o
    0x2000006c   COMPRESSED   0x0000000c   Data   RW         2698    .data               stm32f4xx_hal.o
    0x20000078   COMPRESSED   0x00000002   Data   RW         4990    .data               main.o
    0x2000007a   COMPRESSED   0x00000002   PAD
    0x2000007c   COMPRESSED   0x00000004   Data   RW         5362    .data               can.o
    0x20000080   COMPRESSED   0x00000010   Data   RW         5640    .data               freertos.o
    0x20000090   COMPRESSED   0x00000020   Data   RW         6026    .data               drv_can.o
    0x200000b0   COMPRESSED   0x00000006   Data   RW         6111    .data               drv_tim.o
    0x200000b6   COMPRESSED   0x00000002   PAD
    0x200000b8   COMPRESSED   0x00000004   Data   RW         6164    .data               drv_tick.o
    0x200000bc   COMPRESSED   0x00000004   Data   RW         6444    .data               crc.o
    0x200000c0   COMPRESSED   0x00000010   Data   RW         6613    .data               rc_protocol.o
    0x200000d0   COMPRESSED   0x00000008   Data   RW         6880    .data               vision_protocol.o
    0x200000d8   COMPRESSED   0x000000c0   Data   RW         7072    .data               motor.o
    0x20000198   COMPRESSED   0x00000800   Data   RW         7073    .data               motor.o
    0x20000998   COMPRESSED   0x000000a0   Data   RW         7074    .data               motor.o
    0x20000a38   COMPRESSED   0x000000c8   Data   RW         7121    .data               rc_sensor.o
    0x20000b00   COMPRESSED   0x0000001c   Data   RW         7122    .data               rc_sensor.o
    0x20000b1c   COMPRESSED   0x0000005c   Data   RW         7168    .data               judge_sensor.o
    0x20000b78   COMPRESSED   0x00000024   Data   RW         7169    .data               judge_sensor.o
    0x20000b9c   COMPRESSED   0x00000008   Data   RW         7211    .data               vision_sensor.o
    0x20000ba4   COMPRESSED   0x00000014   Data   RW         7212    .data               vision_sensor.o
    0x20000bb8   COMPRESSED   0x0000001c   Data   RW         7213    .data               vision_sensor.o
    0x20000bd4   COMPRESSED   0x00000004   Data   RW         7249    .data               device.o
    0x20000bd8   COMPRESSED   0x00000020   Data   RW         7299    .data               axis.o
    0x20000bf8   COMPRESSED   0x0000003c   Data   RW         7300    .data               axis.o
    0x20000c34   COMPRESSED   0x0000000c   Data   RW         7301    .data               axis.o
    0x20000c40   COMPRESSED   0x0000002c   Data   RW         7369    .data               launcher.o
    0x20000c6c   COMPRESSED   0x0000000c   Data   RW         7370    .data               launcher.o
    0x20000c78   COMPRESSED   0x00000001   Data   RW         7371    .data               launcher.o
    0x20000c79   COMPRESSED   0x00000003   PAD
    0x20000c7c   COMPRESSED   0x00000008   Data   RW         7418    .data               module.o
    0x20000c84        -       0x000000f0   Zero   RW          716    .bss                tasks.o
    0x20000d74        -       0x00003c00   Zero   RW         1375    .bss                heap_4.o
    0x20004974        -       0x00000020   Zero   RW         1925    .bss                stm32f4xx_hal_flash.o
    0x20004994        -       0x000000a8   Zero   RW         5318    .bss                adc.o
    0x20004a3c        -       0x00000050   Zero   RW         5361    .bss                can.o
    0x20004a8c        -       0x00000090   Zero   RW         5411    .bss                tim.o
    0x20004b1c        -       0x000005b8   Zero   RW         5567    .bss                usart.o
    0x200050d4        -       0x00000254   Zero   RW         5637    .bss                freertos.o
    0x20005328        -       0x00000048   Zero   RW         5978    .bss                stm32f4xx_hal_timebase_tim.o
    0x20005370        -       0x00000048   Zero   RW         6025    .bss                drv_can.o
    0x200053b8        -       0x000002ec   Zero   RW         6219    .bss                drv_uart.o
    0x200056a4        -       0x00000028   Zero   RW         6612    .bss                rc_protocol.o
    0x200056cc        -       0x00000031   Zero   RW         6879    .bss                vision_protocol.o
    0x200056fd        -       0x00000013   Zero   RW         7167    .bss                judge_sensor.o
    0x20005710        -       0x0000001c   Zero   RW         7298    .bss                axis.o
    0x2000572c        -       0x00000060   Zero   RW        14218    .bss                c_w.l(libspace.o)
    0x2000578c   COMPRESSED   0x00000004   PAD
    0x20005790        -       0x00000200   Zero   RW          150    HEAP                startup_stm32f407xx.o
    0x20005990        -       0x00000400   Zero   RW          149    STACK               startup_stm32f407xx.o


    Execution Region RW_IRAM2 (Exec base: 0x2001c000, Load base: 0x08007728, Size: 0x00000000, Max: 0x00004000, ABSOLUTE)

    **** No section assigned to this execution region ****


==============================================================================

Image component sizes


      Code (inc. data)   RO Data    RW Data    ZI Data      Debug   Object Name

       276         36          0          0        168       1819   adc.o
      1372         56          0        104         28       7953   axis.o
       400         46          0          4         80       2550   can.o
       286         34          0          0          0       3190   can_protocol.o
       126          0          0          0          0      25595   cmsis_os.o
        52          6          0          0          0        629   community_task.o
        48         16          0          0          0        595   control_task.o
       274         22        768          4          0       5235   crc.o
         0          0          0          0          0       7424   croutine.o
        24          6          0          4          0       1357   device.o
       236          4          0          0          0        910   dma.o
        38          0          0          0          0        566   driver.o
       360         52          0         32         72       5036   drv_can.o
       112          0          0          0          0       3025   drv_flash.o
        36          6          0          4          0        831   drv_tick.o
       108         34          0          6          0       2824   drv_tim.o
      1460        104          0          0        748       9738   drv_uart.o
         0          0          0          0          0      19412   event_groups.o
       124         12        158         16        596      31359   freertos.o
       188         14          0          0          0       1023   gpio.o
       480         26          0         32      15360       7599   heap_4.o
       326          6          0          0          0      14701   judge_infantrypotocol.o
       156          4          0        128         19      12963   judge_sensor.o
      1472         88          0         57          0       5908   launcher.o
        88         10          0          0          0        619   led_task.o
       138          0          0          0          0       3610   list.o
       292         16          0          2          0     174132   main.o
       416         32          0          8          0       3230   module.o
       164         32          0          0          0      36731   monitor_task.o
       376         30          0       2400          0       3548   motor.o
       162          0          0          0          0       1422   pid.o
       702         74          0         12          0      11136   port.o
       692         20          0         16         40       4063   rc_protocol.o
       504         10          0        228          0       7867   rc_sensor.o
       598          6          0          0          0       9199   rm_motor.o
       166          0          0          0          0       5678   rm_protocol.o
        64         26        392          0       1536        820   startup_stm32f407xx.o
       116         18          0         12          0       8762   stm32f4xx_hal.o
       732         24          0          0          0       2815   stm32f4xx_hal_adc.o
      1770          6          0          0          0      14787   stm32f4xx_hal_can.o
       158         14          0          0          0      33274   stm32f4xx_hal_cortex.o
      1170         14          8          0          0       7570   stm32f4xx_hal_dma.o
         0          0          0          0          0     153484   stm32f4xx_hal_exti.o
       524         66          0          0         32       6174   stm32f4xx_hal_flash.o
       364         24          0          0          0       3374   stm32f4xx_hal_flash_ex.o
       478         44          0          0          0       2328   stm32f4xx_hal_gpio.o
        56          4          0          0          0        870   stm32f4xx_hal_msp.o
      1536         88          0          0          0       7037   stm32f4xx_hal_rcc.o
      2084        140          0          0          0      17088   stm32f4xx_hal_tim.o
       232         30          0          0          0       3401   stm32f4xx_hal_tim_ex.o
       152         18          0          0         72       1575   stm32f4xx_hal_timebase_tim.o
      1676         30          0          0          0      13862   stm32f4xx_hal_uart.o
       348        132          0          0          0      20894   stm32f4xx_it.o
         0          0          0          0          0        400   stream_buffer.o
        16          4         24          4          0     668619   system_stm32f4xx.o
      1616        120          0         60        240      20873   tasks.o
       480         42          0          0        144       3217   tim.o
         0          0          0          0          0       2496   timers.o
      1544        130          0          0       1464       6272   usart.o
       202         22          0          8         49       4715   vision_protocol.o
        56          0          0         56          0       3358   vision_sensor.o

    ----------------------------------------------------------------------
     27676       1798       1386       3204      20648    1441542   Object Totals
         0          0         32          0          0          0   (incl. Generated)
        50          0          4          7          0          0   (incl. Padding)

    ----------------------------------------------------------------------

      Code (inc. data)   RO Data    RW Data    ZI Data      Debug   Library Member Name

        90          0          0          0          0          0   __dczerorl2.o
         8          0          0          0          0         68   __main.o
         0          0          0          0          0          0   __rtentry.o
        12          0          0          0          0          0   __rtentry2.o
         6          0          0          0          0          0   __rtentry4.o
        52          8          0          0          0          0   __scatter.o
        28          0          0          0          0          0   __scatter_zi.o
        18          0          0          0          0         80   exit.o
         6          0          0          0          0        152   heapauxi.o
         0          0          0          0          0          0   indicate_semi.o
         2          0          0          0          0          0   libinit.o
         6          0          0          0          0          0   libinit2.o
         2          0          0          0          0          0   libshutdown.o
         2          0          0          0          0          0   libshutdown2.o
         8          4          0          0         96         68   libspace.o
       238          0          0          0          0        100   lludivv7m.o
        68          0          0          0          0         68   rt_memclr.o
        78          0          0          0          0         80   rt_memclr_w.o
       138          0          0          0          0         68   rt_memcpy_v6.o
       100          0          0          0          0         80   rt_memcpy_w.o
         2          0          0          0          0          0   rtexit.o
        10          0          0          0          0          0   rtexit2.o
        12          4          0          0          0         68   sys_exit.o
        74          0          0          0          0         80   sys_stackheap_outer.o
         2          0          0          0          0         68   use_no_semi.o
        10          0          0          0          0        116   fpinit.o

    ----------------------------------------------------------------------
       978         16          0          0        100       1096   Library Totals
         6          0          0          0          4          0   (incl. Padding)

    ----------------------------------------------------------------------

      Code (inc. data)   RO Data    RW Data    ZI Data      Debug   Library Name

       962         16          0          0         96        980   c_w.l
        10          0          0          0          0        116   fz_wm.l

    ----------------------------------------------------------------------
       978         16          0          0        100       1096   Library Totals

    ----------------------------------------------------------------------

==============================================================================


      Code (inc. data)   RO Data    RW Data    ZI Data      Debug   

     28654       1814       1386       3204      20748    1413722   Grand Totals
     28654       1814       1386        464      20748    1413722   ELF Image Totals (compressed)
     28654       1814       1386        464          0          0   ROM Totals

==============================================================================

    Total RO  Size (Code + RO Data)                30040 (  29.34kB)
    Total RW  Size (RW Data + ZI Data)             23952 (  23.39kB)
    Total ROM Size (Code + RO Data + RW Data)      30504 (  29.79kB)

==============================================================================

