<html>
<body>
<pre>
<h1>µVision Build Log</h1>
<h2>Tool Versions:</h2>
IDE-Version: ¦ÌVision V5.38.0.0
Copyright (C) 2022 ARM Ltd and ARM Germany GmbH. All rights reserved.
License Information: 1 1, 1, LIC=585FJ-UEVXH-01WP1-CR9FG-H4EUS-BYSYF
 
Tool Versions:
Toolchain:       MDK-ARM Plus  Version: 5.38.0.0
Toolchain Path:  G:\RP2023\keil\ARM\ARMCC\Bin
C Compiler:      Armcc.exe V5.06 update 7 (build 960)
Assembler:       Armasm.exe V5.06 update 7 (build 960)
Linker/Locator:  ArmLink.exe V5.06 update 7 (build 960)
Library Manager: ArmAr.exe V5.06 update 7 (build 960)
Hex Converter:   FromElf.exe V5.06 update 7 (build 960)
CPU DLL:         SARMCM3.DLL V5.38.0.0
Dialog DLL:      DCM.DLL V1.17.5.0
Target DLL:      Segger\JL2CM3.dll V2.99.26.0
Dialog DLL:      TCM.DLL V1.56.4.0
 
<h2>Project:</h2>
G:\RP2023\My_projects\2024_ZDS\Electric_Control_Code\2024_Dart\MDK-ARM\Robot.uvprojx
Project File Date:  09/20/2024

<h2>Output:</h2>
*** Using Compiler 'V5.06 update 7 (build 960)', folder: 'G:\RP2023\keil\ARM\ARMCC\Bin'
Build target 'Robot'
compiling driver.c...
compiling motor.c...
compiling can_protocol.c...
compiling device.c...
compiling axis.c...
compiling monitor_task.c...
compiling judge_infantrypotocol.c...
compiling module.c...
compiling launcher.c...
compiling community_task.c...
compiling control_task.c...
compiling main.c...
compiling led_task.c...
linking...
Program Size: Code=28650 RO-data=1386 RW-data=3204 ZI-data=20748  
".\Robot\Robot.axf" - 0 Error(s), 0 Warning(s).

<h2>Software Packages used:</h2>

Package Vendor: ARM
                http://www.keil.com/pack/ARM.CMSIS.5.9.0.pack
                ARM.CMSIS.5.9.0
                CMSIS (Common Microcontroller Software Interface Standard)
   * Component: CORE Version: 5.6.0

Package Vendor: ARM
                https://www.keil.com/pack/ARM.CMSIS-DSP.1.15.0.pack
                ARM.CMSIS-DSP.1.15.0
                CMSIS Embedded Compute Library
   * Component: DSP Variant: Source Version: 1.15.0

Package Vendor: Keil
                https://www.keil.com/pack/Keil.STM32F4xx_DFP.2.17.1.pack
                Keil.STM32F4xx_DFP.2.17.1
                STMicroelectronics STM32F4 Series Device Support, Drivers and Examples

<h2>Collection of Component include folders:</h2>
  ./RTE/_Robot
  G:/RP2023/keil/pack/ARM/CMSIS-DSP/1.15.0/Include
  G:/RP2023/keil/pack/ARM/CMSIS-DSP/1.15.0/PrivateInclude
  G:/RP2023/keil/pack/ARM/CMSIS/5.9.0/CMSIS/Core/Include
  G:/RP2023/keil/pack/Keil/STM32F4xx_DFP/2.17.1/Drivers/CMSIS/Device/ST/STM32F4xx/Include

<h2>Collection of Component Files used:</h2>

   * Component: ARM::CMSIS:CORE:5.6.0
      Include file:  CMSIS/Core/Include/tz_context.h

   * Component: ARM::CMSIS:DSP:Source:1.15.0
      Include file:  Include/arm_math.h
      Source file:   Source/InterpolationFunctions/InterpolationFunctions.c
      Source file:   Source/FilteringFunctions/FilteringFunctions.c
      Include file:  Include/arm_math_f16.h
      Source file:   Source/TransformFunctions/TransformFunctionsF16.c
      Source file:   Source/SupportFunctions/SupportFunctions.c
      Source file:   Source/MatrixFunctions/MatrixFunctionsF16.c
      Source file:   Source/CommonTables/CommonTables.c
      Include file:  Include/arm_common_tables.h
      Source file:   Source/BasicMathFunctions/BasicMathFunctionsF16.c
      Source file:   Source/InterpolationFunctions/InterpolationFunctionsF16.c
      Source file:   Source/MatrixFunctions/MatrixFunctions.c
      Source file:   Source/StatisticsFunctions/StatisticsFunctionsF16.c
      Source file:   Source/FastMathFunctions/FastMathFunctions.c
      Source file:   Source/SupportFunctions/SupportFunctionsF16.c
      Source file:   Source/DistanceFunctions/DistanceFunctions.c
      Source file:   Source/FastMathFunctions/FastMathFunctionsF16.c
      Include file:  Include/arm_common_tables_f16.h
      Source file:   Source/FilteringFunctions/FilteringFunctionsF16.c
      Source file:   Source/BasicMathFunctions/BasicMathFunctions.c
      Source file:   Source/CommonTables/CommonTablesF16.c
      Include file:  Include/arm_const_structs.h
      Source file:   Source/ControllerFunctions/ControllerFunctions.c
      Source file:   Source/ComplexMathFunctions/ComplexMathFunctions.c
      Source file:   Source/SVMFunctions/SVMFunctions.c
      Include file:  Include/arm_const_structs_f16.h
      Source file:   Source/StatisticsFunctions/StatisticsFunctions.c
      Source file:   Source/TransformFunctions/TransformFunctions.c
      Source file:   Source/BayesFunctions/BayesFunctions.c
      Source file:   Source/QuaternionMathFunctions/QuaternionMathFunctions.c
      Source file:   Source/ComplexMathFunctions/ComplexMathFunctionsF16.c
      Source file:   Source/BayesFunctions/BayesFunctionsF16.c
      Source file:   Source/DistanceFunctions/DistanceFunctionsF16.c
      Source file:   Source/SVMFunctions/SVMFunctionsF16.c
Build Time Elapsed:  00:00:05
</pre>
</body>
</html>
