Component: ARM Compiler 5.06 update 6 (build 750) Tool: armlink [4d35ed]

==============================================================================

Section Cross References

    startup_stm32f407xx.o(RESET) refers to startup_stm32f407xx.o(STACK) for __initial_sp
    startup_stm32f407xx.o(RESET) refers to startup_stm32f407xx.o(.text) for Reset_Handler
    startup_stm32f407xx.o(RESET) refers to stm32f4xx_it.o(i.NMI_Handler) for NMI_Handler
    startup_stm32f407xx.o(RESET) refers to stm32f4xx_it.o(i.HardFault_Handler) for HardFault_Handler
    startup_stm32f407xx.o(RESET) refers to stm32f4xx_it.o(i.MemManage_Handler) for MemManage_Handler
    startup_stm32f407xx.o(RESET) refers to stm32f4xx_it.o(i.BusFault_Handler) for BusFault_Handler
    startup_stm32f407xx.o(RESET) refers to stm32f4xx_it.o(i.UsageFault_Handler) for UsageFault_Handler
    startup_stm32f407xx.o(RESET) refers to port.o(.emb_text) for SVC_Handler
    startup_stm32f407xx.o(RESET) refers to stm32f4xx_it.o(i.DebugMon_Handler) for DebugMon_Handler
    startup_stm32f407xx.o(RESET) refers to port.o(i.SysTick_Handler) for SysTick_Handler
    startup_stm32f407xx.o(RESET) refers to stm32f4xx_it.o(i.DMA1_Stream0_IRQHandler) for DMA1_Stream0_IRQHandler
    startup_stm32f407xx.o(RESET) refers to stm32f4xx_it.o(i.DMA1_Stream2_IRQHandler) for DMA1_Stream2_IRQHandler
    startup_stm32f407xx.o(RESET) refers to stm32f4xx_it.o(i.DMA1_Stream5_IRQHandler) for DMA1_Stream5_IRQHandler
    startup_stm32f407xx.o(RESET) refers to stm32f4xx_it.o(i.CAN1_RX0_IRQHandler) for CAN1_RX0_IRQHandler
    startup_stm32f407xx.o(RESET) refers to stm32f4xx_it.o(i.TIM2_IRQHandler) for TIM2_IRQHandler
    startup_stm32f407xx.o(RESET) refers to stm32f4xx_it.o(i.USART1_IRQHandler) for USART1_IRQHandler
    startup_stm32f407xx.o(RESET) refers to stm32f4xx_it.o(i.USART2_IRQHandler) for USART2_IRQHandler
    startup_stm32f407xx.o(RESET) refers to stm32f4xx_it.o(i.DMA1_Stream7_IRQHandler) for DMA1_Stream7_IRQHandler
    startup_stm32f407xx.o(RESET) refers to stm32f4xx_it.o(i.UART4_IRQHandler) for UART4_IRQHandler
    startup_stm32f407xx.o(RESET) refers to stm32f4xx_it.o(i.UART5_IRQHandler) for UART5_IRQHandler
    startup_stm32f407xx.o(RESET) refers to stm32f4xx_it.o(i.DMA2_Stream2_IRQHandler) for DMA2_Stream2_IRQHandler
    startup_stm32f407xx.o(RESET) refers to stm32f4xx_it.o(i.CAN2_RX0_IRQHandler) for CAN2_RX0_IRQHandler
    startup_stm32f407xx.o(.text) refers to system_stm32f4xx.o(i.SystemInit) for SystemInit
    startup_stm32f407xx.o(.text) refers to entry.o(.ARM.Collect$$$$00000000) for __main
    drv_can.o(i.CAN1_Init) refers to drv_can.o(i.CAN_Filter_ParamsInit) for CAN_Filter_ParamsInit
    drv_can.o(i.CAN1_Init) refers to stm32f4xx_hal_can.o(i.HAL_CAN_ConfigFilter) for HAL_CAN_ConfigFilter
    drv_can.o(i.CAN1_Init) refers to stm32f4xx_hal_can.o(i.HAL_CAN_ActivateNotification) for HAL_CAN_ActivateNotification
    drv_can.o(i.CAN1_Init) refers to stm32f4xx_hal_can.o(i.HAL_CAN_Start) for HAL_CAN_Start
    drv_can.o(i.CAN1_Init) refers to can.o(.bss) for hcan1
    drv_can.o(i.CAN1_SendData) refers to drv_can.o(i.CAN_SendData) for CAN_SendData
    drv_can.o(i.CAN1_SendData) refers to can.o(.bss) for hcan1
    drv_can.o(i.CAN2_Init) refers to drv_can.o(i.CAN_Filter_ParamsInit) for CAN_Filter_ParamsInit
    drv_can.o(i.CAN2_Init) refers to stm32f4xx_hal_can.o(i.HAL_CAN_ConfigFilter) for HAL_CAN_ConfigFilter
    drv_can.o(i.CAN2_Init) refers to stm32f4xx_hal_can.o(i.HAL_CAN_ActivateNotification) for HAL_CAN_ActivateNotification
    drv_can.o(i.CAN2_Init) refers to stm32f4xx_hal_can.o(i.HAL_CAN_Start) for HAL_CAN_Start
    drv_can.o(i.CAN2_Init) refers to can.o(.bss) for hcan2
    drv_can.o(i.CAN2_SendData) refers to drv_can.o(i.CAN_SendData) for CAN_SendData
    drv_can.o(i.CAN2_SendData) refers to can.o(.bss) for hcan2
    drv_can.o(i.CAN_Rx_Callback) refers to stm32f4xx_hal_can.o(i.HAL_CAN_GetRxMessage) for HAL_CAN_GetRxMessage
    drv_can.o(i.CAN_Rx_Callback) refers to can_potocol.o(i.CAN1_rxDataHandler) for CAN1_rxDataHandler
    drv_can.o(i.CAN_Rx_Callback) refers to can_potocol.o(i.CAN2_rxDataHandler) for CAN2_rxDataHandler
    drv_can.o(i.CAN_Rx_Callback) refers to drv_can.o(.bss) for .bss
    drv_can.o(i.CAN_SendData) refers to stm32f4xx_hal_can.o(i.HAL_CAN_AddTxMessage) for HAL_CAN_AddTxMessage
    drv_can.o(i.CAN_SendData) refers to drv_can.o(.bss) for .bss
    drv_can.o(i.HAL_CAN_RxFifo0MsgPendingCallback) refers to drv_can.o(i.CAN_Rx_Callback) for CAN_Rx_Callback
    drv_tim.o(i.PWM_Init) refers to stm32f4xx_hal_tim.o(i.HAL_TIM_PWM_Start) for HAL_TIM_PWM_Start
    drv_tim.o(i.PWM_Init) refers to drv_tim.o(i.FRICTION_PwmOut) for FRICTION_PwmOut
    drv_tim.o(i.PWM_Init) refers to tim.o(.bss) for htim3
    drv_adda.o(i.ADC_GetValue) refers to stm32f4xx_hal_adc.o(i.HAL_ADC_Start) for HAL_ADC_Start
    drv_adda.o(i.ADC_GetValue) refers to stm32f4xx_hal_adc.o(i.HAL_ADC_PollForConversion) for HAL_ADC_PollForConversion
[...]
    MemManage_Handler                        0x08004869   Thumb Code     2  stm32f4xx_it.o(i.MemManage_Handler)
    NMI_Handler                              0x0800486b   Thumb Code     2  stm32f4xx_it.o(i.NMI_Handler)
    PWM_Init                                 0x0800486d   Thumb Code    42  drv_tim.o(i.PWM_Init)
    RC_ResetData                             0x080048a5   Thumb Code    58  rc_sensor.o(i.RC_ResetData)
    Set_accel                                0x080048f5   Thumb Code    84  bmi.o(i.Set_accel)
    Set_gyro                                 0x08004949   Thumb Code    88  bmi.o(i.Set_gyro)
    StartControlTask                         0x080049a1   Thumb Code    48  control_task.o(i.StartControlTask)
    StartMonitorTask                         0x080049d9   Thumb Code   220  monitor_task.o(i.StartMonitorTask)
    StartSystemTask                          0x08004acd   Thumb Code    90  system_task.o(i.StartSystemTask)
    Startjudge_task                          0x08004b31   Thumb Code    72  judge_task.o(i.Startjudge_task)
    StartlowControlTask                      0x08004b91   Thumb Code    66  lowcontrol_task.o(i.StartlowControlTask)
    SysTick_Handler                          0x08004be9   Thumb Code    38  port.o(i.SysTick_Handler)
    SystemClock_Config                       0x08004c15   Thumb Code   126  main.o(i.SystemClock_Config)
    SystemInit                               0x08004c9d   Thumb Code    22  system_stm32f4xx.o(i.SystemInit)
    TIM2_IRQHandler                          0x08004cb9   Thumb Code     6  stm32f4xx_it.o(i.TIM2_IRQHandler)
    TIM_Base_SetConfig                       0x08004cc5   Thumb Code   156  stm32f4xx_hal_tim.o(i.TIM_Base_SetConfig)
    TIM_CCxChannelCmd                        0x08004d8d   Thumb Code    26  stm32f4xx_hal_tim.o(i.TIM_CCxChannelCmd)
    TIM_ETR_SetConfig                        0x08004da7   Thumb Code    20  stm32f4xx_hal_tim.o(i.TIM_ETR_SetConfig)
    TIM_OC2_SetConfig                        0x08004e2d   Thumb Code    98  stm32f4xx_hal_tim.o(i.TIM_OC2_SetConfig)
    UART4_IRQHandler                         0x08004f99   Thumb Code    18  stm32f4xx_it.o(i.UART4_IRQHandler)
    UART5_IRQHandler                         0x08004fb1   Thumb Code    18  stm32f4xx_it.o(i.UART5_IRQHandler)
    USART1_IRQHandler                        0x080052ad   Thumb Code    18  stm32f4xx_it.o(i.USART1_IRQHandler)
    USART1_Init                              0x080052c5   Thumb Code    48  drv_uart.o(i.USART1_Init)
    USART1_rxDataHandler                     0x080052fd   Thumb Code    22  vision_potocol.o(i.USART1_rxDataHandler)
    USART2_IRQHandler                        0x08005319   Thumb Code    18  stm32f4xx_it.o(i.USART2_IRQHandler)
    USART2_Init                              0x08005331   Thumb Code    52  drv_uart.o(i.USART2_Init)
    USART2_rxDataHandler                     0x0800536d   Thumb Code    22  rc_potocol.o(i.USART2_rxDataHandler)
    USART4_Init                              0x08005389   Thumb Code    46  drv_uart.o(i.USART4_Init)
    USART4_rxDataHandler                     0x080053c1   Thumb Code     2  drv_uart.o(i.USART4_rxDataHandler)
    USART5_Init                              0x080053c5   Thumb Code    46  drv_uart.o(i.USART5_Init)
    USART5_rxDataHandler                     0x080053fd   Thumb Code    22  judge_infantrypotocol.o(i.USART5_rxDataHandler)
    UsageFault_Handler                       0x08005419   Thumb Code     2  stm32f4xx_it.o(i.UsageFault_Handler)
    Verify_CRC16_Check_Sum                   0x0800541d   Thumb Code    54  crc.o(i.Verify_CRC16_Check_Sum)
    Verify_CRC8_Check_Sum                    0x08005459   Thumb Code    42  crc.o(i.Verify_CRC8_Check_Sum)
    __ARM_fpclassify                         0x08005483   Thumb Code    48  fpclassify.o(i.__ARM_fpclassify)
    __hardfp_asin                            0x080054f9   Thumb Code   770  asin.o(i.__hardfp_asin)
    __hardfp_atan                            0x08005859   Thumb Code   622  atan.o(i.__hardfp_atan)
    __hardfp_atan2                           0x08005b31   Thumb Code   432  atan2.o(i.__hardfp_atan2)
    __kernel_poly                            0x08005d21   Thumb Code   248  poly.o(i.__kernel_poly)
    __mathlib_dbl_infnan                     0x08005e19   Thumb Code    20  dunder.o(i.__mathlib_dbl_infnan)
    __mathlib_dbl_infnan2                    0x08005e2d   Thumb Code    20  dunder.o(i.__mathlib_dbl_infnan2)
    __mathlib_dbl_invalid                    0x08005e41   Thumb Code    24  dunder.o(i.__mathlib_dbl_invalid)
    __mathlib_dbl_underflow                  0x08005e61   Thumb Code    24  dunder.o(i.__mathlib_dbl_underflow)
    __scatterload_copy                       0x08005e81   Thumb Code    14  handlers.o(i.__scatterload_copy)
    __scatterload_null                       0x08005e8f   Thumb Code     2  handlers.o(i.__scatterload_null)
    __scatterload_zeroinit                   0x08005e91   Thumb Code    14  handlers.o(i.__scatterload_zeroinit)
    __set_errno                              0x08005ea1   Thumb Code     6  errno.o(i.__set_errno)
    atan                                     0x08005ead   Thumb Code    16  atan.o(i.atan)
    balan_locat_ctrl                         0x08005ebd   Thumb Code   184  pid.o(i.balan_locat_ctrl)
    balan_turn_ctrl                          0x08005f85   Thumb Code   196  pid.o(i.balan_turn_ctrl)
    bmi270_init                              0x0800605d   Thumb Code   110  bmi270.o(i.bmi270_init)
    bmi2_error_codes_print_result            0x080060d5   Thumb Code     2  bmi2_common.o(i.bmi2_error_codes_print_result)
    bmi2_extract_input_feat_config           0x080060d7   Thumb Code    54  bmi2.o(i.bmi2_extract_input_feat_config)
    bmi2_get_feat_config                     0x0800610d   Thumb Code   160  bmi2.o(i.bmi2_get_feat_config)
    bmi2_get_gyro_cross_sense                0x080061ad   Thumb Code    60  bmi2.o(i.bmi2_get_gyro_cross_sense)
    bmi2_get_internal_status                 0x080061e9   Thumb Code    48  bmi2.o(i.bmi2_get_internal_status)
    bmi2_get_regs                            0x08006219   Thumb Code   146  bmi2.o(i.bmi2_get_regs)
    bmi2_get_sensor_config                   0x080062ad   Thumb Code   570  bmi2.o(i.bmi2_get_sensor_config)
    bmi2_get_sensor_data                     0x080064e7   Thumb Code   734  bmi2.o(i.bmi2_get_sensor_data)
    bmi2_get_status                          0x080067c5   Thumb Code    38  bmi2.o(i.bmi2_get_status)
    bmi2_interface_selection                 0x080067ed   Thumb Code    48  bmi2_common.o(i.bmi2_interface_selection)
    bmi2_map_data_int                        0x0800682d   Thumb Code   118  bmi2.o(i.bmi2_map_data_int)
    bmi2_sec_init                            0x080068a5   Thumb Code    96  bmi2.o(i.bmi2_sec_init)
    bmi2_sensor_enable                       0x08006909   Thumb Code    56  bmi2.o(i.bmi2_sensor_enable)
    bmi2_set_adv_power_save                  0x08006941   Thumb Code    98  bmi2.o(i.bmi2_set_adv_power_save)
    bmi2_set_regs                            0x080069a5   Thumb Code   156  bmi2.o(i.bmi2_set_regs)
    bmi2_set_sensor_config                   0x08006a41   Thumb Code   486  bmi2.o(i.bmi2_set_sensor_config)
    bmi2_soft_reset                          0x08006c27   Thumb Code    96  bmi2.o(i.bmi2_soft_reset)
    bmi2_write_config_file                   0x08006c87   Thumb Code    86  bmi2.o(i.bmi2_write_config_file)
    chassis_motor_init                       0x08006d85   Thumb Code    62  can_potocol.o(i.chassis_motor_init)
    chassis_motor_update                     0x08006dc3   Thumb Code    26  can_potocol.o(i.chassis_motor_update)
    delay_us                                 0x08006f05   Thumb Code    24  drv_haltick.o(i.delay_us)
    fabs                                     0x08006f83   Thumb Code    24  fabs.o(i.fabs)
    free                                     0x08006f9d   Thumb Code    76  malloc.o(i.free)
    imu_sensor_init                          0x08008021   Thumb Code   156  imu_potocol.o(i.imu_sensor_init)
    imu_sensor_update                        0x080080c1   Thumb Code    86  imu_potocol.o(i.imu_sensor_update)
    inVSqrt                                  0x0800811d   Thumb Code    40  bmi.o(i.inVSqrt)
    judge_sensor_init                        0x08008179   Thumb Code    34  judge_infantrypotocol.o(i.judge_sensor_init)
    judge_sensor_update                      0x0800819b   Thumb Code   500  judge_infantrypotocol.o(i.judge_sensor_update)
    kalman_pid_init                          0x0800838f   Thumb Code    14  kalman.o(i.kalman_pid_init)
    main                                     0x080083f9   Thumb Code    74  main.o(i.main)
    malloc                                   0x08008451   Thumb Code    92  malloc.o(i.malloc)
    micros                                   0x080084bd   Thumb Code    30  drv_haltick.o(i.micros)
    osDelay                                  0x080084f9   Thumb Code    14  cmsis_os.o(i.osDelay)
    osKernelStart                            0x08008507   Thumb Code    10  cmsis_os.o(i.osKernelStart)
    osThreadCreate                           0x08008511   Thumb Code    84  cmsis_os.o(i.osThreadCreate)
    pid_val_init                             0x08008565   Thumb Code    34  pid.o(i.pid_val_init)
    pvPortMalloc                             0x080088d9   Thumb Code   210  heap_4.o(i.pvPortMalloc)
    pxPortInitialiseStack                    0x080089b1   Thumb Code    40  port.o(i.pxPortInitialiseStack)
    radar_Info_store                         0x080089dd   Thumb Code   234  judge_infantrypotocol.o(i.radar_Info_store)
    radar_communicate_                       0x08008ad9   Thumb Code   124  judge_infantrypotocol.o(i.radar_communicate_)
    radar_runing                             0x08008b65   Thumb Code   188  judge_infantrypotocol.o(i.radar_runing)
    rc_sensor_init                           0x08008cbf   Thumb Code    22  rc_potocol.o(i.rc_sensor_init)
    rc_sensor_update                         0x08008cd5   Thumb Code   136  rc_potocol.o(i.rc_sensor_update)
    single_pid_ctrl                          0x0800ad11   Thumb Code   190  pid.o(i.single_pid_ctrl)
    sqrt                                     0x0800add5   Thumb Code   110  sqrt.o(i.sqrt)
    user_delay_us                            0x0800af99   Thumb Code     4  bmi2_common.o(i.user_delay_us)
    user_i2c_reg_read                        0x0800af9d   Thumb Code    36  bmi2_common.o(i.user_i2c_reg_read)
    user_i2c_reg_write                       0x0800afc1   Thumb Code    70  bmi2_common.o(i.user_i2c_reg_write)
    uxListRemove                             0x0800b00d   Thumb Code    38  list.o(i.uxListRemove)
    vApplicationGetIdleTaskMemory            0x0800b035   Thumb Code    16  freertos.o(i.vApplicationGetIdleTaskMemory)
    vListInitialise                          0x0800b049   Thumb Code    22  list.o(i.vListInitialise)
    vListInitialiseItem                      0x0800b05f   Thumb Code     6  list.o(i.vListInitialiseItem)
    vListInsert                              0x0800b065   Thumb Code    48  list.o(i.vListInsert)
    vListInsertEnd                           0x0800b095   Thumb Code    24  list.o(i.vListInsertEnd)
    vPortEnterCritical                       0x0800b0ad   Thumb Code    54  port.o(i.vPortEnterCritical)
    vPortExitCritical                        0x0800b0ed   Thumb Code    34  port.o(i.vPortExitCritical)
    vPortFree                                0x0800b115   Thumb Code    88  heap_4.o(i.vPortFree)
    vPortSetupTimerInterrupt                 0x0800b171   Thumb Code    32  port.o(i.vPortSetupTimerInterrupt)
    vPortValidateInterruptPriority           0x0800b195   Thumb Code    74  port.o(i.vPortValidateInterruptPriority)
    vTaskDelay                               0x0800b1e9   Thumb Code    66  tasks.o(i.vTaskDelay)
    vTaskStartScheduler                      0x0800b235   Thumb Code    90  tasks.o(i.vTaskStartScheduler)
    vTaskSuspendAll                          0x0800b2a1   Thumb Code    10  tasks.o(i.vTaskSuspendAll)
    vTaskSwitchContext                       0x0800b2b1   Thumb Code    82  tasks.o(i.vTaskSwitchContext)
    vision_init                              0x0800b339   Thumb Code    28  vision_potocol.o(i.vision_init)
    vision_update                            0x0800b355   Thumb Code   146  vision_potocol.o(i.vision_update)
    xPortStartScheduler                      0x0800b4cd   Thumb Code   222  port.o(i.xPortStartScheduler)
    xTaskCreate                              0x0800b5c1   Thumb Code    90  tasks.o(i.xTaskCreate)
    xTaskCreateStatic                        0x0800b61b   Thumb Code    86  tasks.o(i.xTaskCreateStatic)
    xTaskGetTickCountFromISR                 0x0800b671   Thumb Code    12  tasks.o(i.xTaskGetTickCountFromISR)
    xTaskIncrementTick                       0x0800b681   Thumb Code   192  tasks.o(i.xTaskIncrementTick)
    xTaskResumeAll                           0x0800b749   Thumb Code   182  tasks.o(i.xTaskResumeAll)
    bmi270_config_file                       0x0800b812   Data        8192  bmi270.o(.constdata)
    bmi270_feat_in                           0x0800d812   Data          48  bmi270.o(.constdata)
    bmi270_feat_out                          0x0800d842   Data          21  bmi270.o(.constdata)
    CRC8_TAB                                 0x0800d858   Data         256  crc.o(.constdata)
    wCRC_Table                               0x0800d958   Data         512  crc.o(.constdata)
    AHBPrescTable                            0x0800dbec   Data          16  system_stm32f4xx.o(.constdata)
    APBPrescTable                            0x0800dbfc   Data           8  system_stm32f4xx.o(.constdata)
    __mathlib_zero                           0x0800dcf0   Data           8  qnan.o(.constdata)
    Region$$Table$$Base                      0x0800dd38   Number         0  anon$$obj.o(Region$$Table)
    Region$$Table$$Limit                     0x0800dd58   Number         0  anon$$obj.o(Region$$Table)
    haltick                                  0x20000000   Data           4  drv_haltick.o(.data)
    Kp                                       0x20000004   Data           4  bmi.o(.data)
    Ki                                       0x20000008   Data           4  bmi.o(.data)
    halfT                                    0x2000000c   Data           4  bmi.o(.data)
    q0                                       0x20000010   Data           4  bmi.o(.data)
    q1                                       0x20000014   Data           4  bmi.o(.data)
    q2                                       0x20000018   Data           4  bmi.o(.data)
    q3                                       0x2000001c   Data           4  bmi.o(.data)
    norm                                     0x20000020   Data           4  bmi.o(.data)
    vx                                       0x20000024   Data           4  bmi.o(.data)
    vy                                       0x20000028   Data           4  bmi.o(.data)
    vz                                       0x2000002c   Data           4  bmi.o(.data)
    ex                                       0x20000030   Data           4  bmi.o(.data)
    ey                                       0x20000034   Data           4  bmi.o(.data)
    ez                                       0x20000038   Data           4  bmi.o(.data)
    gx                                       0x2000003c   Data           4  bmi.o(.data)
    gy                                       0x20000040   Data           4  bmi.o(.data)
    gz                                       0x20000044   Data           4  bmi.o(.data)
    ax                                       0x20000048   Data           4  bmi.o(.data)
    ay                                       0x2000004c   Data           4  bmi.o(.data)
    az                                       0x20000050   Data           4  bmi.o(.data)
    exInt                                    0x20000054   Data           4  bmi.o(.data)
    eyInt                                    0x20000058   Data           4  bmi.o(.data)
    ezInt                                    0x2000005c   Data           4  bmi.o(.data)
    q0temp                                   0x20000060   Data           4  bmi.o(.data)
    q1temp                                   0x20000064   Data           4  bmi.o(.data)
    q2temp                                   0x20000068   Data           4  bmi.o(.data)
    q3temp                                   0x2000006c   Data           4  bmi.o(.data)
    MPU_ADDR                                 0x20000070   Data           1  bmi2_common.o(.data)
    rc_sensor_info                           0x20000072   Data          26  rc_sensor.o(.data)
    rc_sensor                                0x2000008c   Data          28  rc_sensor.o(.data)
    imu_sensor_driver                        0x200000a8   Data           1  imu_sensor.o(.data)
    imu_sensor_info                          0x200000ac   Data          56  imu_sensor.o(.data)
    imu_sensor                               0x200000e4   Data          28  imu_sensor.o(.data)
    chassis_motor_driver                     0x20000104   Data          80  chassis_motor.o(.data)
    chassis_motor_info                       0x20000154   Data          64  chassis_motor.o(.data)
    chassis_motor                            0x20000194   Data         112  chassis_motor.o(.data)
    dev_list                                 0x20000204   Data          24  device.o(.data)
    judge_info                               0x2000021c   Data         190  judge_sensor.o(.data)
    judge_sensor                             0x200002dc   Data          36  judge_sensor.o(.data)
    co_sequent                               0x20000300   Data           1  chassis.o(.data)
    send_outCHAS_L                           0x20000302   Data           2  chassis.o(.data)
    send_outCHAS_R                           0x20000304   Data           2  chassis.o(.data)
    send_outWheel_F                          0x20000306   Data           2  chassis.o(.data)
    send_outWheel_B                          0x20000308   Data           2  chassis.o(.data)
    stand_out_L                              0x20000318   Data           4  chassis.o(.data)
    stand_out_R                              0x2000031c   Data           4  chassis.o(.data)
    locat_out_L                              0x20000320   Data           4  chassis.o(.data)
    locat_out_R                              0x20000324   Data           4  chassis.o(.data)
    turnR_out_L                              0x20000328   Data           4  chassis.o(.data)
    turnR_out_R                              0x2000032c   Data           4  chassis.o(.data)
    stand_wheel_F                            0x20000330   Data           4  chassis.o(.data)
    stand_wheel_B                            0x20000334   Data           4  chassis.o(.data)
    chassis_remoteforward                    0x20000338   Data           4  chassis.o(.data)
    F_angle_target                           0x2000033c   Data           4  chassis.o(.data)
    B_angle_target                           0x20000340   Data           4  chassis.o(.data)
    chas_info                                0x20000344   Data           5  chassis.o(.data)
    Send_CHAS_Array                          0x2000034a   Data           8  chassis.o(.data)
    chas_motor_pid                           0x20000354   Data        1552  chassis.o(.data)
    chas_dev                                 0x20000964   Data          24  chassis.o(.data)
    chas_z_pid                               0x2000097c   Data          68  chassis.o(.data)
    chas_ctrl                                0x200009c0   Data           8  chassis.o(.data)
    chassis                                  0x200009c8   Data          48  chassis.o(.data)
    prev_sw2                                 0x200009f8   Data           1  system_task.o(.data)
    sys                                      0x200009fd   Data          11  system_task.o(.data)
    CRC_INIT                                 0x20000a22   Data           2  crc.o(.data)
    kal_pid                                  0x20000a24   Data         192  kalman.o(.data)
    KAL_Pid                                  0x20000ae4   Data          32  kalman.o(.data)
    gyrox                                    0x20000b04   Data           2  imu_potocol.o(.data)
    gyroy                                    0x20000b06   Data           2  imu_potocol.o(.data)
    gyroz                                    0x20000b08   Data           2  imu_potocol.o(.data)
    accx                                     0x20000b0a   Data           2  imu_potocol.o(.data)
    accy                                     0x20000b0c   Data           2  imu_potocol.o(.data)
    accz                                     0x20000b0e   Data           2  imu_potocol.o(.data)
    MonitorTaskHandle                        0x20000b10   Data           4  freertos.o(.data)
    ControlTaskHandle                        0x20000b14   Data           4  freertos.o(.data)
    SystemTaskHandle                         0x20000b18   Data           4  freertos.o(.data)
    lowControlTaskHandle                     0x20000b1c   Data           4  freertos.o(.data)
    judge_taskHandle                         0x20000b20   Data           4  freertos.o(.data)
    uwTickFreq                               0x20000b28   Data           1  stm32f4xx_hal.o(.data)
    uwTickPrio                               0x20000b2c   Data           4  stm32f4xx_hal.o(.data)
    uwTick                                   0x20000b30   Data           4  stm32f4xx_hal.o(.data)
    SystemCoreClock                          0x20000b34   Data           4  system_stm32f4xx.o(.data)
    pxCurrentTCB                             0x20000b38   Data           4  tasks.o(.data)
    enemy_radar_target                       0x20000b99   Data           1  judge_infantrypotocol.o(.data)
    engineer_bool_updateflag                 0x20000b9a   Data           1  judge_infantrypotocol.o(.data)
    engineer_condition_updateflag            0x20000b9b   Data           1  judge_infantrypotocol.o(.data)
    global_engineer_comp_2                   0x20000b9c   Data           1  judge_infantrypotocol.o(.data)
    global_engineer_comp_3                   0x20000b9d   Data           1  judge_infantrypotocol.o(.data)
    global_engineer_orientation              0x20000b9e   Data           1  judge_infantrypotocol.o(.data)
    global_engineer_mine_color               0x20000b9f   Data           1  judge_infantrypotocol.o(.data)
    global_miner                             0x20000ba0   Data           1  judge_infantrypotocol.o(.data)
    global_angle                             0x20000ba1   Data           1  judge_infantrypotocol.o(.data)
    global_liner                             0x20000ba2   Data           1  judge_infantrypotocol.o(.data)
    anglegg                                  0x20000ba4   Data           4  judge_infantrypotocol.o(.data)
    global_engineer_task                     0x20000ba8   Data           4  judge_infantrypotocol.o(.data)
    temp_ID                                  0x20000bac   Data          20  judge_infantrypotocol.o(.data)
    task_line_1                              0x20000bc0   Data           9  judge_infantrypotocol.o(.data)
    engineer_task_updateflag                 0x20000bc9   Data           1  judge_infantrypotocol.o(.data)
    vision_sensor_info                       0x20000bcc   Data         688  vision_sensor.o(.data)
    vision_sensor                            0x20000e7c   Data          28  vision_sensor.o(.data)
    __microlib_freelist                      0x20000e98   Data           4  mvars.o(.data)
    __microlib_freelist_initialised          0x20000e9c   Data           4  mvars.o(.data)
    hcan1RxFrame                             0x20000ea4   Data          36  drv_can.o(.bss)
    hcan2RxFrame                             0x20000ec8   Data          36  drv_can.o(.bss)
    hcan1TxFrame                             0x20000eec   Data          32  drv_can.o(.bss)
    hcan2TxFrame                             0x20000f0c   Data          32  drv_can.o(.bss)
    usart1_dma_rxbuf                         0x20000f2c   Data         350  drv_uart.o(.bss)
    usart2_dma_rxbuf                         0x2000108a   Data          48  drv_uart.o(.bss)
    usart4_dma_rxbuf                         0x200010ba   Data         200  drv_uart.o(.bss)
    usart5_dma_rxbuf                         0x20001182   Data         200  drv_uart.o(.bss)
    bmi2_dev                                 0x20001250   Data         104  bmi.o(.bss)
    chas_drv                                 0x200012b8   Data          16  chassis.o(.bss)
    chas_motor                               0x200012c8   Data          16  chassis.o(.bss)
    chas_motor_info                          0x200012d8   Data          16  chassis.o(.bss)
    hadc1                                    0x2000153c   Data          72  adc.o(.bss)
    hcan1                                    0x20001584   Data          40  can.o(.bss)
    hcan2                                    0x200015ac   Data          40  can.o(.bss)
    hdac                                     0x200015d4   Data          20  dac.o(.bss)
    htim1                                    0x200015e8   Data          64  tim.o(.bss)
    htim3                                    0x20001628   Data          64  tim.o(.bss)
    huart4                                   0x20001668   Data          64  usart.o(.bss)
    huart5                                   0x200016a8   Data          64  usart.o(.bss)
    huart1                                   0x200016e8   Data          64  usart.o(.bss)
    huart2                                   0x20001728   Data          64  usart.o(.bss)
    hdma_uart4_rx                            0x20001768   Data          96  usart.o(.bss)
    hdma_uart5_rx                            0x200017c8   Data          96  usart.o(.bss)
    hdma_uart5_tx                            0x20001828   Data          96  usart.o(.bss)
    hdma_usart1_rx                           0x20001888   Data          96  usart.o(.bss)
    hdma_usart2_rx                           0x200018e8   Data          96  usart.o(.bss)
    htim2                                    0x20001948   Data          64  stm32f4xx_hal_timebase_tim.o(.bss)
    storage_radar_detection                  0x20005678   Data          80  judge_infantrypotocol.o(.bss)
    CliendTxBuffer                           0x200056c8   Data         200  judge_infantrypotocol.o(.bss)
    radar_send_place                         0x20005790   Data          23  judge_infantrypotocol.o(.bss)
    engineer_tx_client_char                  0x200057a7   Data          60  judge_infantrypotocol.o(.bss)
    engineer_tx_client_Redgreen              0x200057e3   Data          90  judge_infantrypotocol.o(.bss)
    engineer_tx_client_Redgreen_2            0x2000583d   Data          45  judge_infantrypotocol.o(.bss)
    engineer_tx_client_condition             0x2000586a   Data          90  judge_infantrypotocol.o(.bss)
    __heap_base                              0x200058c8   Data           0  startup_stm32f407xx.o(HEAP)
    __heap_limit                             0x20005ac8   Data           0  startup_stm32f407xx.o(HEAP)
    __initial_sp                             0x20005ec8   Data           0  startup_stm32f407xx.o(STACK)



==============================================================================

Memory Map of the image

  Image Entry point : 0x08000189

  Load Region LR_IROM1 (Base: 0x08000000, Size: 0x0000ebfc, Max: 0x00080000, ABSOLUTE, COMPRESSED[0x0000df4c])

    Execution Region ER_IROM1 (Exec base: 0x08000000, Load base: 0x08000000, Size: 0x0000dd58, Max: 0x00080000, ABSOLUTE)

    Exec Addr    Load Addr    Size         Type   Attr      Idx    E Section Name        Object

    0x08000000   0x08000000   0x00000188   Data   RO            3    RESET               startup_stm32f407xx.o
    0x08000188   0x08000188   0x00000000   Code   RO         8562  * .ARM.Collect$$$$00000000  mc_w.l(entry.o)
    0x08000188   0x08000188   0x00000004   Code   RO         8666    .ARM.Collect$$$$00000001  mc_w.l(entry2.o)
    0x0800018c   0x0800018c   0x00000004   Code   RO         8669    .ARM.Collect$$$$00000004  mc_w.l(entry5.o)
    0x08000190   0x08000190   0x00000000   Code   RO         8671    .ARM.Collect$$$$00000008  mc_w.l(entry7b.o)
    0x08000190   0x08000190   0x00000000   Code   RO         8673    .ARM.Collect$$$$0000000A  mc_w.l(entry8b.o)
    0x08000190   0x08000190   0x00000008   Code   RO         8674    .ARM.Collect$$$$0000000B  mc_w.l(entry9a.o)
    0x08000198   0x08000198   0x00000000   Code   RO         8676    .ARM.Collect$$$$0000000D  mc_w.l(entry10a.o)
    0x08000198   0x08000198   0x00000000   Code   RO         8678    .ARM.Collect$$$$0000000F  mc_w.l(entry11a.o)
    0x08000198   0x08000198   0x00000004   Code   RO         8667    .ARM.Collect$$$$00002712  mc_w.l(entry2.o)
    0x0800019c   0x0800019c   0x000000be   Code   RO         8201    .emb_text           port.o
    0x0800025a   0x0800025a   0x00000002   PAD
    0x0800025c   0x0800025c   0x00000024   Code   RO            4    .text               startup_stm32f407xx.o
    0x08000280   0x08000280   0x00000062   Code   RO         8565    .text               mc_w.l(uldiv.o)
    0x080002e2   0x080002e2   0x00000024   Code   RO         8567    .text               mc_w.l(memcpya.o)
    0x08000306   0x08000306   0x00000024   Code   RO         8571    .text               mc_w.l(memseta.o)
    0x0800032a   0x0800032a   0x0000014e   Code   RO         8605    .text               mf_w.l(dadd.o)
    0x08000478   0x08000478   0x000000e4   Code   RO         8607    .text               mf_w.l(dmul.o)
    0x0800055c   0x0800055c   0x00000022   Code   RO         8609    .text               mf_w.l(dflti.o)
    0x0800057e   0x0800057e   0x00000026   Code   RO         8611    .text               mf_w.l(f2d.o)
    0x080005a4   0x080005a4   0x00000038   Code   RO         8613    .text               mf_w.l(d2f.o)
    0x080005dc   0x080005dc   0x0000001e   Code   RO         8680    .text               mc_w.l(llshl.o)
    0x080005fa   0x080005fa   0x00000020   Code   RO         8682    .text               mc_w.l(llushr.o)
    0x0800061a   0x0800061a   0x00000024   Code   RO         8684    .text               mc_w.l(llsshr.o)
    0x0800063e   0x0800063e   0x00000000   Code   RO         8695    .text               mc_w.l(iusefp.o)
    0x0800063e   0x0800063e   0x0000006e   Code   RO         8696    .text               mf_w.l(fepilogue.o)
    0x080006ac   0x080006ac   0x000000ba   Code   RO         8698    .text               mf_w.l(depilogue.o)
    0x08000766   0x08000766   0x000000de   Code   RO         8700    .text               mf_w.l(ddiv.o)
    0x08000844   0x08000844   0x00000024   Code   RO         8704    .text               mc_w.l(init.o)
    0x08000868   0x08000868   0x000000a2   Code   RO         8706    .text               mf_w.l(dsqrt.o)
    0x0800090a   0x0800090a   0x00000056   Code   RO         8718    .text               mc_w.l(__dczerorl2.o)
    0x08000960   0x08000960   0x00000002   Code   RO          281    i.ADC_Init          drv_adda.o
    0x08000962   0x08000962   0x00000002   PAD
    0x08000964   0x08000964   0x00000128   Code   RO         3700    i.ADC_Init          stm32f4xx_hal_adc.o
    0x08000a8c   0x08000a8c   0x00000028   Code   RO         2788    i.Append_CRC16_Check_Sum  crc.o
    0x08000ab4   0x08000ab4   0x00000020   Code   RO         2789    i.Append_CRC8_Check_Sum  crc.o
    0x08000ad4   0x08000ad4   0x0000045c   Code   RO          677    i.BMI_Get_EulerAngle  bmi.o
    0x08000f30   0x08000f30   0x0000004e   Code   RO          678    i.BMI_Get_GRO       bmi.o
    0x08000f7e   0x08000f7e   0x00000048   Code   RO          679    i.BMI_Get_RawData   bmi.o
    0x08000fc6   0x08000fc6   0x00000002   PAD
    0x08000fc8   0x08000fc8   0x0000006c   Code   RO          680    i.BMI_Init          bmi.o
    0x08001034   0x08001034   0x00000002   Code   RO         3504    i.BusFault_Handler  stm32f4xx_it.o
    0x08001036   0x08001036   0x00000002   PAD
    0x08001038   0x08001038   0x00000028   Code   RO          146    i.CAN1_Init         drv_can.o
    0x08001060   0x08001060   0x0000000c   Code   RO         3505    i.CAN1_RX0_IRQHandler  stm32f4xx_it.o
    0x0800106c   0x0800106c   0x00000010   Code   RO          147    i.CAN1_SendData     drv_can.o
    0x0800107c   0x0800107c   0x00000064   Code   RO         3036    i.CAN1_rxDataHandler  can_potocol.o
    0x080010e0   0x080010e0   0x00000028   Code   RO          149    i.CAN2_Init         drv_can.o
    0x08001108   0x08001108   0x0000000c   Code   RO         3506    i.CAN2_RX0_IRQHandler  stm32f4xx_it.o
    0x08001114   0x08001114   0x00000010   Code   RO          150    i.CAN2_SendData     drv_can.o
    0x08001124   0x08001124   0x00000002   Code   RO         3037    i.CAN2_rxDataHandler  can_potocol.o
    0x08001126   0x08001126   0x0000001a   Code   RO          152    i.CAN_Filter_ParamsInit  drv_can.o
    0x08001140   0x08001140   0x00000058   Code   RO          153    i.CAN_Rx_Callback   drv_can.o
    0x08001198   0x08001198   0x0000006c   Code   RO          154    i.CAN_SendData      drv_can.o
    0x08001204   0x08001204   0x0000002c   Code   RO         3039    i.CAN_SendSingleData  can_potocol.o
    0x08001230   0x08001230   0x0000000e   Code   RO         2302    i.CHASSIS_Ctrl      chassis.o
    0x0800123e   0x0800123e   0x00000002   PAD
    0x08001240   0x08001240   0x00000144   Code   RO         2303    i.CHASSIS_FBSetinit  chassis.o
    0x08001384   0x08001384   0x0000001c   Code   RO         2304    i.CHASSIS_FBinit    chassis.o
    0x080013a0   0x080013a0   0x00000098   Code   RO         2305    i.CHASSIS_FBstandinit  chassis.o
    0x08001438   0x08001438   0x00000012   Code   RO         2306    i.CHASSIS_GetInfo   chassis.o
    0x0800144a   0x0800144a   0x00000002   Code   RO         2308    i.CHASSIS_GetRcInfo  chassis.o
    0x0800144c   0x0800144c   0x00000040   Code   RO         2310    i.CHASSIS_GetSysInfo  chassis.o
    0x0800148c   0x0800148c   0x00000048   Code   RO         2312    i.CHASSIS_Init      chassis.o
    0x080014d4   0x080014d4   0x0000010c   Code   RO         2315    i.CHASSIS_PidCtrl   chassis.o
    0x080015e0   0x080015e0   0x00000010   Code   RO         2316    i.CHASSIS_RClost_output  chassis.o
    0x080015f0   0x080015f0   0x000000b0   Code   RO         2317    i.CHASSIS_RCnormal_output  chassis.o
    0x080016a0   0x080016a0   0x00000002   Code   RO         2320    i.CHASSIS_SelfProtect  chassis.o
    0x080016a2   0x080016a2   0x00000002   Code   RO         2322    i.CHASSIS_Test      chassis.o
    0x080016a4   0x080016a4   0x0000005c   Code   RO         2323    i.CHASSIS_UpdateController  chassis.o
    0x08001700   0x08001700   0x00000024   Code   RO         2324    i.CHASSIS_output    chassis.o
    0x08001724   0x08001724   0x0000000c   Code   RO          282    i.DAC_Init          drv_adda.o
    0x08001730   0x08001730   0x0000002c   Code   RO         2221    i.DEV_Init          device.o
    0x0800175c   0x0800175c   0x0000000c   Code   RO         3507    i.DMA1_Stream0_IRQHandler  stm32f4xx_it.o
    0x08001768   0x08001768   0x0000000c   Code   RO         3508    i.DMA1_Stream2_IRQHandler  stm32f4xx_it.o
    0x08001774   0x08001774   0x0000000c   Code   RO         3509    i.DMA1_Stream5_IRQHandler  stm32f4xx_it.o
    0x08001780   0x08001780   0x0000000c   Code   RO         3510    i.DMA1_Stream7_IRQHandler  stm32f4xx_it.o
    0x0800178c   0x0800178c   0x0000000c   Code   RO         3511    i.DMA2_Stream2_IRQHandler  stm32f4xx_it.o
    0x08001798   0x08001798   0x00000244   Code   RO          361    i.DMAEx_MultiBufferStart_NoIT  drv_uart.o
    0x080019dc   0x080019dc   0x00000028   Code   RO         4431    i.DMA_CalcBaseAndBitshift  stm32f4xx_hal_dma.o
    0x08001a04   0x08001a04   0x00000054   Code   RO         4432    i.DMA_CheckFifoParam  stm32f4xx_hal_dma.o
    0x08001a58   0x08001a58   0x00000028   Code   RO         4433    i.DMA_SetConfig     stm32f4xx_hal_dma.o
    0x08001a80   0x08001a80   0x00000062   Code   RO          362    i.DMA_Start         drv_uart.o
    0x08001ae2   0x08001ae2   0x0000002a   Code   RO          474    i.DRIVER_Init       driver.o
    0x08001b0c   0x08001b0c   0x00000014   Code   RO          363    i.DRV_UART_IRQHandler  drv_uart.o
    0x08001b20   0x08001b20   0x00000002   Code   RO         3512    i.DebugMon_Handler  stm32f4xx_it.o
    0x08001b22   0x08001b22   0x00000002   PAD
    0x08001b24   0x08001b24   0x00000108   Code   RO         8286    i.Determine_ID      judge_infantrypotocol.o
    0x08001c2c   0x08001c2c   0x00000002   Code   RO         3095    i.Error_Handler     main.o
    0x08001c2e   0x08001c2e   0x00000002   PAD
    0x08001c30   0x08001c30   0x000000ac   Code   RO         2660    i.FB_control        lowcontrol_task.o
    0x08001cdc   0x08001cdc   0x000000b8   Code   RO         2325    i.FBwheel_PidangleCtrl  chassis.o
    0x08001d94   0x08001d94   0x00000018   Code   RO          243    i.FRICTION_PwmOut   drv_tim.o
    0x08001dac   0x08001dac   0x0000002c   Code   RO         2790    i.Get_CRC16_Check_Sum  crc.o
    0x08001dd8   0x08001dd8   0x00000020   Code   RO         2791    i.Get_CRC8_Check_Sum  crc.o
    0x08001df8   0x08001df8   0x0000014c   Code   RO         3702    i.HAL_ADC_ConfigChannel  stm32f4xx_hal_adc.o
    0x08001f44   0x08001f44   0x00000054   Code   RO         3711    i.HAL_ADC_Init      stm32f4xx_hal_adc.o
    0x08001f98   0x08001f98   0x00000060   Code   RO         3234    i.HAL_ADC_MspInit   adc.o
    0x08001ff8   0x08001ff8   0x00000024   Code   RO         5105    i.HAL_CAN_ActivateNotification  stm32f4xx_hal_can.o
    0x0800201c   0x0800201c   0x000000c8   Code   RO         5106    i.HAL_CAN_AddTxMessage  stm32f4xx_hal_can.o
    0x080020e4   0x080020e4   0x0000010c   Code   RO         5107    i.HAL_CAN_ConfigFilter  stm32f4xx_hal_can.o
    0x080021f0   0x080021f0   0x00000002   Code   RO         5110    i.HAL_CAN_ErrorCallback  stm32f4xx_hal_can.o
    0x080021f2   0x080021f2   0x000000e8   Code   RO         5113    i.HAL_CAN_GetRxMessage  stm32f4xx_hal_can.o
    0x080022da   0x080022da   0x000001fc   Code   RO         5117    i.HAL_CAN_IRQHandler  stm32f4xx_hal_can.o
    0x080024d6   0x080024d6   0x0000011a   Code   RO         5118    i.HAL_CAN_Init      stm32f4xx_hal_can.o
    0x080025f0   0x080025f0   0x000000fc   Code   RO         3276    i.HAL_CAN_MspInit   can.o
    0x080026ec   0x080026ec   0x00000002   Code   RO         5125    i.HAL_CAN_RxFifo0FullCallback  stm32f4xx_hal_can.o
    0x080026ee   0x080026ee   0x00000002   PAD
    0x080026f0   0x080026f0   0x0000001c   Code   RO          155    i.HAL_CAN_RxFifo0MsgPendingCallback  drv_can.o
    0x0800270c   0x0800270c   0x00000002   Code   RO         5127    i.HAL_CAN_RxFifo1FullCallback  stm32f4xx_hal_can.o
    0x0800270e   0x0800270e   0x00000002   Code   RO         5128    i.HAL_CAN_RxFifo1MsgPendingCallback  stm32f4xx_hal_can.o
    0x08002710   0x08002710   0x00000002   Code   RO         5129    i.HAL_CAN_SleepCallback  stm32f4xx_hal_can.o
    0x08002712   0x08002712   0x00000002   PAD
    0x08002714   0x08002714   0x00000058   Code   RO         5130    i.HAL_CAN_Start     stm32f4xx_hal_can.o
    0x0800276c   0x0800276c   0x00000002   Code   RO         5132    i.HAL_CAN_TxMailbox0AbortCallback  stm32f4xx_hal_can.o
    0x0800276e   0x0800276e   0x00000002   Code   RO         5133    i.HAL_CAN_TxMailbox0CompleteCallback  stm32f4xx_hal_can.o
    0x08002770   0x08002770   0x00000002   Code   RO         5134    i.HAL_CAN_TxMailbox1AbortCallback  stm32f4xx_hal_can.o
    0x08002772   0x08002772   0x00000002   Code   RO         5135    i.HAL_CAN_TxMailbox1CompleteCallback  stm32f4xx_hal_can.o
    0x08002774   0x08002774   0x00000002   Code   RO         5136    i.HAL_CAN_TxMailbox2AbortCallback  stm32f4xx_hal_can.o
    0x08002776   0x08002776   0x00000002   Code   RO         5137    i.HAL_CAN_TxMailbox2CompleteCallback  stm32f4xx_hal_can.o
    0x08002778   0x08002778   0x00000002   Code   RO         5139    i.HAL_CAN_WakeUpFromRxMsgCallback  stm32f4xx_hal_can.o
    0x0800277a   0x0800277a   0x00000042   Code   RO         5341    i.HAL_DAC_ConfigChannel  stm32f4xx_hal_dac.o
    0x080027bc   0x080027bc   0x00000028   Code   RO         5351    i.HAL_DAC_Init      stm32f4xx_hal_dac.o
    0x080027e4   0x080027e4   0x00000060   Code   RO         3325    i.HAL_DAC_MspInit   dac.o
    0x08002844   0x08002844   0x0000006c   Code   RO         5355    i.HAL_DAC_Start     stm32f4xx_hal_dac.o
    0x080028b0   0x080028b0   0x00000024   Code   RO         4435    i.HAL_DMA_Abort_IT  stm32f4xx_hal_dma.o
    0x080028d4   0x080028d4   0x000001a0   Code   RO         4439    i.HAL_DMA_IRQHandler  stm32f4xx_hal_dma.o
    0x08002a74   0x08002a74   0x000000d4   Code   RO         4440    i.HAL_DMA_Init      stm32f4xx_hal_dma.o
    0x08002b48   0x08002b48   0x0000006e   Code   RO         4444    i.HAL_DMA_Start_IT  stm32f4xx_hal_dma.o
    0x08002bb6   0x08002bb6   0x00000002   PAD
    0x08002bb8   0x08002bb8   0x000001b8   Code   RO         4327    i.HAL_GPIO_Init     stm32f4xx_hal_gpio.o
    0x08002d70   0x08002d70   0x0000000e   Code   RO         4330    i.HAL_GPIO_TogglePin  stm32f4xx_hal_gpio.o
    0x08002d7e   0x08002d7e   0x0000000a   Code   RO         4331    i.HAL_GPIO_WritePin  stm32f4xx_hal_gpio.o
    0x08002d88   0x08002d88   0x0000000c   Code   RO         4859    i.HAL_GetTick       stm32f4xx_hal.o
    0x08002d94   0x08002d94   0x00000010   Code   RO         4865    i.HAL_IncTick       stm32f4xx_hal.o
    0x08002da4   0x08002da4   0x00000034   Code   RO         4866    i.HAL_Init          stm32f4xx_hal.o
    0x08002dd8   0x08002dd8   0x00000074   Code   RO         3658    i.HAL_InitTick      stm32f4xx_hal_timebase_tim.o
    0x08002e4c   0x08002e4c   0x00000038   Code   RO         3634    i.HAL_MspInit       stm32f4xx_hal_msp.o
    0x08002e84   0x08002e84   0x0000001a   Code   RO         4716    i.HAL_NVIC_EnableIRQ  stm32f4xx_hal_cortex.o
    0x08002e9e   0x08002e9e   0x00000002   PAD
    0x08002ea0   0x08002ea0   0x00000040   Code   RO         4722    i.HAL_NVIC_SetPriority  stm32f4xx_hal_cortex.o
    0x08002ee0   0x08002ee0   0x00000024   Code   RO         4723    i.HAL_NVIC_SetPriorityGrouping  stm32f4xx_hal_cortex.o
    0x08002f04   0x08002f04   0x00000134   Code   RO         3973    i.HAL_RCC_ClockConfig  stm32f4xx_hal_rcc.o
    0x08003038   0x08003038   0x00000040   Code   RO         3977    i.HAL_RCC_GetClockConfig  stm32f4xx_hal_rcc.o
    0x08003078   0x08003078   0x00000020   Code   RO         3980    i.HAL_RCC_GetPCLK1Freq  stm32f4xx_hal_rcc.o
    0x08003098   0x08003098   0x00000020   Code   RO         3981    i.HAL_RCC_GetPCLK2Freq  stm32f4xx_hal_rcc.o
    0x080030b8   0x080030b8   0x00000064   Code   RO         3982    i.HAL_RCC_GetSysClockFreq  stm32f4xx_hal_rcc.o
    0x0800311c   0x0800311c   0x0000035c   Code   RO         3985    i.HAL_RCC_OscConfig  stm32f4xx_hal_rcc.o
    0x08003478   0x08003478   0x00000002   Code   RO         6240    i.HAL_TIMEx_BreakCallback  stm32f4xx_hal_tim_ex.o
    0x0800347a   0x0800347a   0x00000002   Code   RO         6241    i.HAL_TIMEx_CommutCallback  stm32f4xx_hal_tim_ex.o
    0x0800347c   0x0800347c   0x00000054   Code   RO         6243    i.HAL_TIMEx_ConfigBreakDeadTime  stm32f4xx_hal_tim_ex.o
    0x080034d0   0x080034d0   0x00000090   Code   RO         6258    i.HAL_TIMEx_MasterConfigSynchronization  stm32f4xx_hal_tim_ex.o
    0x08003560   0x08003560   0x00000036   Code   RO         5565    i.HAL_TIM_Base_Init  stm32f4xx_hal_tim.o
    0x08003596   0x08003596   0x00000002   PAD
    0x08003598   0x08003598   0x00000044   Code   RO         3391    i.HAL_TIM_Base_MspInit  tim.o
    0x080035dc   0x080035dc   0x00000022   Code   RO         5570    i.HAL_TIM_Base_Start_IT  stm32f4xx_hal_tim.o
    0x080035fe   0x080035fe   0x000000d6   Code   RO         5574    i.HAL_TIM_ConfigClockSource  stm32f4xx_hal_tim.o
    0x080036d4   0x080036d4   0x00000002   Code   RO         5594    i.HAL_TIM_IC_CaptureCallback  stm32f4xx_hal_tim.o
    0x080036d6   0x080036d6   0x00000166   Code   RO         5608    i.HAL_TIM_IRQHandler  stm32f4xx_hal_tim.o
    0x0800383c   0x0800383c   0x00000084   Code   RO         3392    i.HAL_TIM_MspPostInit  tim.o
    0x080038c0   0x080038c0   0x00000002   Code   RO         5611    i.HAL_TIM_OC_DelayElapsedCallback  stm32f4xx_hal_tim.o
    0x080038c2   0x080038c2   0x000000d0   Code   RO         5632    i.HAL_TIM_PWM_ConfigChannel  stm32f4xx_hal_tim.o
    0x08003992   0x08003992   0x00000036   Code   RO         5635    i.HAL_TIM_PWM_Init  stm32f4xx_hal_tim.o
    0x080039c8   0x080039c8   0x00000002   Code   RO         5637    i.HAL_TIM_PWM_MspInit  stm32f4xx_hal_tim.o
    0x080039ca   0x080039ca   0x00000002   Code   RO         5638    i.HAL_TIM_PWM_PulseFinishedCallback  stm32f4xx_hal_tim.o
    0x080039cc   0x080039cc   0x00000044   Code   RO         5640    i.HAL_TIM_PWM_Start  stm32f4xx_hal_tim.o
    0x08003a10   0x08003a10   0x0000000e   Code   RO         3096    i.HAL_TIM_PeriodElapsedCallback  main.o
    0x08003a1e   0x08003a1e   0x00000002   Code   RO         5651    i.HAL_TIM_TriggerCallback  stm32f4xx_hal_tim.o
    0x08003a20   0x08003a20   0x00000002   Code   RO         6512    i.HAL_UART_ErrorCallback  stm32f4xx_hal_uart.o
    0x08003a22   0x08003a22   0x00000002   PAD
    0x08003a24   0x08003a24   0x00000114   Code   RO         6515    i.HAL_UART_IRQHandler  stm32f4xx_hal_uart.o
    0x08003b38   0x08003b38   0x00000062   Code   RO         6516    i.HAL_UART_Init     stm32f4xx_hal_uart.o
    0x08003b9a   0x08003b9a   0x00000002   PAD
    0x08003b9c   0x08003b9c   0x00000334   Code   RO         3445    i.HAL_UART_MspInit  usart.o
    0x08003ed0   0x08003ed0   0x00000002   Code   RO         6522    i.HAL_UART_RxCpltCallback  stm32f4xx_hal_uart.o
    0x08003ed2   0x08003ed2   0x00000002   PAD
    0x08003ed4   0x08003ed4   0x00000080   Code   RO         6525    i.HAL_UART_Transmit_DMA  stm32f4xx_hal_uart.o
    0x08003f54   0x08003f54   0x00000002   Code   RO         6527    i.HAL_UART_TxCpltCallback  stm32f4xx_hal_uart.o
    0x08003f56   0x08003f56   0x00000002   Code   RO         6528    i.HAL_UART_TxHalfCpltCallback  stm32f4xx_hal_uart.o
    0x08003f58   0x08003f58   0x00000002   Code   RO         3513    i.HardFault_Handler  stm32f4xx_it.o
    0x08003f5a   0x08003f5a   0x00000002   PAD
    0x08003f5c   0x08003f5c   0x00000040   Code   RO          501    i.IIC_Ack           soft_iic.o
    0x08003f9c   0x08003f9c   0x00000040   Code   RO          502    i.IIC_NAck          soft_iic.o
    0x08003fdc   0x08003fdc   0x00000068   Code   RO          503    i.IIC_Read_Byte     soft_iic.o
    0x08004044   0x08004044   0x00000060   Code   RO          504    i.IIC_Send_Byte     soft_iic.o
    0x080040a4   0x080040a4   0x00000040   Code   RO          505    i.IIC_Start         soft_iic.o
    0x080040e4   0x080040e4   0x00000044   Code   RO          506    i.IIC_Stop          soft_iic.o
    0x08004128   0x08004128   0x00000054   Code   RO          507    i.IIC_Wait_Ack      soft_iic.o
    0x0800417c   0x0800417c   0x00000030   Code   RO         2849    i.KalmanCreate      kalman.o
    0x080041ac   0x080041ac   0x0000005a   Code   RO         2850    i.KalmanFilter      kalman.o
    0x08004206   0x08004206   0x00000002   PAD
    0x08004208   0x08004208   0x0000004c   Code   RO         1889    i.MPU_Read_Byte     bmi2_common.o
    0x08004254   0x08004254   0x00000060   Code   RO         1890    i.MPU_Read_all      bmi2_common.o
    0x080042b4   0x080042b4   0x00000064   Code   RO         3235    i.MX_ADC1_Init      adc.o
    0x08004318   0x08004318   0x00000048   Code   RO         3277    i.MX_CAN1_Init      can.o
    0x08004360   0x08004360   0x00000048   Code   RO         3278    i.MX_CAN2_Init      can.o
    0x080043a8   0x080043a8   0x0000003c   Code   RO         3326    i.MX_DAC_Init       dac.o
    0x080043e4   0x080043e4   0x0000007c   Code   RO         3366    i.MX_DMA_Init       dma.o
    0x08004460   0x08004460   0x00000080   Code   RO         3183    i.MX_FREERTOS_Init  freertos.o
    0x080044e0   0x080044e0   0x00000130   Code   RO         3159    i.MX_GPIO_Init      gpio.o
    0x08004610   0x08004610   0x000000cc   Code   RO         3393    i.MX_TIM1_Init      tim.o
    0x080046dc   0x080046dc   0x000000a8   Code   RO         3394    i.MX_TIM3_Init      tim.o
    0x08004784   0x08004784   0x00000038   Code   RO         3446    i.MX_UART4_Init     usart.o
    0x080047bc   0x080047bc   0x00000038   Code   RO         3447    i.MX_UART5_Init     usart.o
    0x080047f4   0x080047f4   0x00000038   Code   RO         3448    i.MX_USART1_UART_Init  usart.o
    0x0800482c   0x0800482c   0x0000003c   Code   RO         3449    i.MX_USART2_UART_Init  usart.o
    0x08004868   0x08004868   0x00000002   Code   RO         3514    i.MemManage_Handler  stm32f4xx_it.o
    0x0800486a   0x0800486a   0x00000002   Code   RO         3515    i.NMI_Handler       stm32f4xx_it.o
    0x0800486c   0x0800486c   0x00000038   Code   RO          244    i.PWM_Init          drv_tim.o
    0x080048a4   0x080048a4   0x0000003a   Code   RO         2080    i.RC_ResetData      rc_sensor.o
    0x080048de   0x080048de   0x00000016   Code   RO         3040    i.RM3508_GetStdId   can_potocol.o
    0x080048f4   0x080048f4   0x00000054   Code   RO          681    i.Set_accel         bmi.o
    0x08004948   0x08004948   0x00000058   Code   RO          682    i.Set_gyro          bmi.o
    0x080049a0   0x080049a0   0x00000038   Code   RO         2629    i.StartControlTask  control_task.o
    0x080049d8   0x080049d8   0x000000f4   Code   RO         2601    i.StartMonitorTask  monitor_task.o
    0x08004acc   0x08004acc   0x00000064   Code   RO         2499    i.StartSystemTask   system_task.o
    0x08004b30   0x08004b30   0x00000060   Code   RO         2695    i.Startjudge_task   judge_task.o
    0x08004b90   0x08004b90   0x00000058   Code   RO         2661    i.StartlowControlTask  lowcontrol_task.o
    0x08004be8   0x08004be8   0x0000002c   Code   RO         8202    i.SysTick_Handler   port.o
    0x08004c14   0x08004c14   0x00000088   Code   RO         3097    i.SystemClock_Config  main.o
    0x08004c9c   0x08004c9c   0x0000001c   Code   RO         6968    i.SystemInit        system_stm32f4xx.o
    0x08004cb8   0x08004cb8   0x0000000c   Code   RO         3516    i.TIM2_IRQHandler   stm32f4xx_it.o
    0x08004cc4   0x08004cc4   0x000000c8   Code   RO         5653    i.TIM_Base_SetConfig  stm32f4xx_hal_tim.o
    0x08004d8c   0x08004d8c   0x0000001a   Code   RO         5654    i.TIM_CCxChannelCmd  stm32f4xx_hal_tim.o
    0x08004da6   0x08004da6   0x00000014   Code   RO         5664    i.TIM_ETR_SetConfig  stm32f4xx_hal_tim.o
    0x08004dba   0x08004dba   0x00000010   Code   RO         5665    i.TIM_ITRx_SetConfig  stm32f4xx_hal_tim.o
    0x08004dca   0x08004dca   0x00000002   PAD
    0x08004dcc   0x08004dcc   0x00000060   Code   RO         5666    i.TIM_OC1_SetConfig  stm32f4xx_hal_tim.o
    0x08004e2c   0x08004e2c   0x0000006c   Code   RO         5667    i.TIM_OC2_SetConfig  stm32f4xx_hal_tim.o
    0x08004e98   0x08004e98   0x00000068   Code   RO         5668    i.TIM_OC3_SetConfig  stm32f4xx_hal_tim.o
    0x08004f00   0x08004f00   0x00000050   Code   RO         5669    i.TIM_OC4_SetConfig  stm32f4xx_hal_tim.o
    0x08004f50   0x08004f50   0x00000022   Code   RO         5671    i.TIM_TI1_ConfigInputStage  stm32f4xx_hal_tim.o
    0x08004f72   0x08004f72   0x00000024   Code   RO         5673    i.TIM_TI2_ConfigInputStage  stm32f4xx_hal_tim.o
    0x08004f96   0x08004f96   0x00000002   PAD
    0x08004f98   0x08004f98   0x00000018   Code   RO         3517    i.UART4_IRQHandler  stm32f4xx_it.o
    0x08004fb0   0x08004fb0   0x00000018   Code   RO         3518    i.UART5_IRQHandler  stm32f4xx_it.o
    0x08004fc8   0x08004fc8   0x00000010   Code   RO         6529    i.UART_DMAAbortOnError  stm32f4xx_hal_uart.o
    0x08004fd8   0x08004fd8   0x0000004a   Code   RO         6530    i.UART_DMAError     stm32f4xx_hal_uart.o
    0x08005022   0x08005022   0x0000002e   Code   RO         6535    i.UART_DMATransmitCplt  stm32f4xx_hal_uart.o
    0x08005050   0x08005050   0x0000000a   Code   RO         6537    i.UART_DMATxHalfCplt  stm32f4xx_hal_uart.o
    0x0800505a   0x0800505a   0x0000001c   Code   RO         6539    i.UART_EndRxTransfer  stm32f4xx_hal_uart.o
    0x08005076   0x08005076   0x00000012   Code   RO         6540    i.UART_EndTxTransfer  stm32f4xx_hal_uart.o
    0x08005088   0x08005088   0x00000096   Code   RO         6541    i.UART_Receive_IT   stm32f4xx_hal_uart.o
    0x0800511e   0x0800511e   0x00000002   PAD
    0x08005120   0x08005120   0x00000128   Code   RO         6542    i.UART_SetConfig    stm32f4xx_hal_uart.o
    0x08005248   0x08005248   0x00000062   Code   RO         6543    i.UART_Transmit_IT  stm32f4xx_hal_uart.o
    0x080052aa   0x080052aa   0x00000002   PAD
    0x080052ac   0x080052ac   0x00000018   Code   RO         3519    i.USART1_IRQHandler  stm32f4xx_it.o
    0x080052c4   0x080052c4   0x00000038   Code   RO          365    i.USART1_Init       drv_uart.o
    0x080052fc   0x080052fc   0x0000001c   Code   RO         8467    i.USART1_rxDataHandler  vision_potocol.o
    0x08005318   0x08005318   0x00000018   Code   RO         3520    i.USART2_IRQHandler  stm32f4xx_it.o
    0x08005330   0x08005330   0x0000003c   Code   RO          367    i.USART2_Init       drv_uart.o
    0x0800536c   0x0800536c   0x0000001c   Code   RO         2967    i.USART2_rxDataHandler  rc_potocol.o
    0x08005388   0x08005388   0x00000038   Code   RO          369    i.USART4_Init       drv_uart.o
    0x080053c0   0x080053c0   0x00000002   Code   RO          370    i.USART4_rxDataHandler  drv_uart.o
    0x080053c2   0x080053c2   0x00000002   PAD
    0x080053c4   0x080053c4   0x00000038   Code   RO          371    i.USART5_Init       drv_uart.o
    0x080053fc   0x080053fc   0x0000001c   Code   RO         8292    i.USART5_rxDataHandler  judge_infantrypotocol.o
    0x08005418   0x08005418   0x00000002   Code   RO         3521    i.UsageFault_Handler  stm32f4xx_it.o
    0x0800541a   0x0800541a   0x00000002   PAD
    0x0800541c   0x0800541c   0x0000003c   Code   RO         2792    i.Verify_CRC16_Check_Sum  crc.o
    0x08005458   0x08005458   0x0000002a   Code   RO         2793    i.Verify_CRC8_Check_Sum  crc.o
    0x08005482   0x08005482   0x00000030   Code   RO         8649    i.__ARM_fpclassify  m_wm.l(fpclassify.o)
    0x080054b2   0x080054b2   0x00000020   Code   RO         4729    i.__NVIC_SetPriority  stm32f4xx_hal_cortex.o
    0x080054d2   0x080054d2   0x00000002   PAD
    0x080054d4   0x080054d4   0x00000024   Code   RO         2500    i.__NVIC_SystemReset  system_task.o
    0x080054f8   0x080054f8   0x00000360   Code   RO         8536    i.__hardfp_asin     m_wm.l(asin.o)
    0x08005858   0x08005858   0x000002d8   Code   RO         8615    i.__hardfp_atan     m_wm.l(atan.o)
    0x08005b30   0x08005b30   0x000001f0   Code   RO         8550    i.__hardfp_atan2    m_wm.l(atan2.o)
    0x08005d20   0x08005d20   0x000000f8   Code   RO         8651    i.__kernel_poly     m_wm.l(poly.o)
    0x08005e18   0x08005e18   0x00000014   Code   RO         8630    i.__mathlib_dbl_infnan  m_wm.l(dunder.o)
    0x08005e2c   0x08005e2c   0x00000014   Code   RO         8631    i.__mathlib_dbl_infnan2  m_wm.l(dunder.o)
    0x08005e40   0x08005e40   0x00000020   Code   RO         8632    i.__mathlib_dbl_invalid  m_wm.l(dunder.o)
    0x08005e60   0x08005e60   0x00000020   Code   RO         8635    i.__mathlib_dbl_underflow  m_wm.l(dunder.o)
    0x08005e80   0x08005e80   0x0000000e   Code   RO         8712    i.__scatterload_copy  mc_w.l(handlers.o)
    0x08005e8e   0x08005e8e   0x00000002   Code   RO         8713    i.__scatterload_null  mc_w.l(handlers.o)
    0x08005e90   0x08005e90   0x0000000e   Code   RO         8714    i.__scatterload_zeroinit  mc_w.l(handlers.o)
    0x08005e9e   0x08005e9e   0x00000002   PAD
    0x08005ea0   0x08005ea0   0x0000000c   Code   RO         8690    i.__set_errno       mc_w.l(errno.o)
    0x08005eac   0x08005eac   0x00000010   Code   RO         8617    i.atan              m_wm.l(atan.o)
    0x08005ebc   0x08005ebc   0x000000c8   Code   RO         2742    i.balan_locat_ctrl  pid.o
    0x08005f84   0x08005f84   0x000000d8   Code   RO         2743    i.balan_turn_ctrl   pid.o
    0x0800605c   0x0800605c   0x00000078   Code   RO         2050    i.bmi270_init       bmi270.o
    0x080060d4   0x080060d4   0x00000002   Code   RO         1892    i.bmi2_error_codes_print_result  bmi2_common.o
    0x080060d6   0x080060d6   0x00000036   Code   RO          796    i.bmi2_extract_input_feat_config  bmi2.o
    0x0800610c   0x0800610c   0x000000a0   Code   RO          801    i.bmi2_get_feat_config  bmi2.o
    0x080061ac   0x080061ac   0x0000003c   Code   RO          808    i.bmi2_get_gyro_cross_sense  bmi2.o
    0x080061e8   0x080061e8   0x00000030   Code   RO          811    i.bmi2_get_internal_status  bmi2.o
    0x08006218   0x08006218   0x00000092   Code   RO          812    i.bmi2_get_regs     bmi2.o
    0x080062aa   0x080062aa   0x00000002   PAD
    0x080062ac   0x080062ac   0x0000023a   Code   RO          814    i.bmi2_get_sensor_config  bmi2.o
    0x080064e6   0x080064e6   0x000002de   Code   RO          815    i.bmi2_get_sensor_data  bmi2.o
    0x080067c4   0x080067c4   0x00000026   Code   RO          816    i.bmi2_get_status   bmi2.o
    0x080067ea   0x080067ea   0x00000002   PAD
    0x080067ec   0x080067ec   0x00000040   Code   RO         1893    i.bmi2_interface_selection  bmi2_common.o
    0x0800682c   0x0800682c   0x00000076   Code   RO          817    i.bmi2_map_data_int  bmi2.o
    0x080068a2   0x080068a2   0x00000002   PAD
    0x080068a4   0x080068a4   0x00000064   Code   RO          827    i.bmi2_sec_init     bmi2.o
    0x08006908   0x08006908   0x00000038   Code   RO          829    i.bmi2_sensor_enable  bmi2.o
    0x08006940   0x08006940   0x00000062   Code   RO          831    i.bmi2_set_adv_power_save  bmi2.o
    0x080069a2   0x080069a2   0x00000002   PAD
    0x080069a4   0x080069a4   0x0000009c   Code   RO          841    i.bmi2_set_regs     bmi2.o
    0x08006a40   0x08006a40   0x000001e6   Code   RO          843    i.bmi2_set_sensor_config  bmi2.o
    0x08006c26   0x08006c26   0x00000060   Code   RO          844    i.bmi2_soft_reset   bmi2.o
    0x08006c86   0x08006c86   0x00000056   Code   RO          848    i.bmi2_write_config_file  bmi2.o
    0x08006cdc   0x08006cdc   0x0000003e   Code   RO          851    i.cfg_error_status  bmi2.o
    0x08006d1a   0x08006d1a   0x00000048   Code   RO         2182    i.chassis_motor_check  chassis_motor.o
    0x08006d62   0x08006d62   0x00000022   Code   RO         2183    i.chassis_motor_heart_beat  chassis_motor.o
    0x08006d84   0x08006d84   0x0000003e   Code   RO         3041    i.chassis_motor_init  can_potocol.o
    0x08006dc2   0x08006dc2   0x0000001a   Code   RO         3042    i.chassis_motor_update  can_potocol.o
    0x08006ddc   0x08006ddc   0x00000030   Code   RO          852    i.check_boundary_val  bmi2.o
    0x08006e0c   0x08006e0c   0x0000001a   Code   RO          854    i.comp_gyro_cross_axis_sensitivity  bmi2.o
    0x08006e26   0x08006e26   0x000000dc   Code   RO          855    i.config_aux_interface  bmi2.o
    0x08006f02   0x08006f02   0x00000002   PAD
    0x08006f04   0x08006f04   0x00000018   Code   RO          321    i.delay_us          drv_haltick.o
    0x08006f1c   0x08006f1c   0x00000018   Code   RO          373    i.dma_m0_rxcplt_callback  drv_uart.o
    0x08006f34   0x08006f34   0x00000018   Code   RO          374    i.dma_m1_rxcplt_callback  drv_uart.o
    0x08006f4c   0x08006f4c   0x00000036   Code   RO          862    i.extract_output_feat_config  bmi2.o
    0x08006f82   0x08006f82   0x00000018   Code   RO         8645    i.fabs              m_wm.l(fabs.o)
    0x08006f9a   0x08006f9a   0x00000002   PAD
    0x08006f9c   0x08006f9c   0x00000050   Code   RO         8577    i.free              mc_w.l(malloc.o)
    0x08006fec   0x08006fec   0x00000020   Code   RO          863    i.get_acc_gyr_data  bmi2.o
    0x0800700c   0x0800700c   0x0000004e   Code   RO          864    i.get_accel_config  bmi2.o
    0x0800705a   0x0800705a   0x00000068   Code   RO          865    i.get_accel_self_test_status  bmi2.o
    0x080070c2   0x080070c2   0x0000008a   Code   RO          866    i.get_any_motion_config  bmi2.o
    0x0800714c   0x0800714c   0x000000aa   Code   RO          867    i.get_aux_config    bmi2.o
    0x080071f6   0x080071f6   0x00000058   Code   RO          869    i.get_ext_sens_sync_config  bmi2.o
    0x0800724e   0x0800724e   0x00000086   Code   RO          870    i.get_flat_config   bmi2.o
    0x080072d4   0x080072d4   0x00000082   Code   RO          871    i.get_free_fall_det_config  bmi2.o
    0x08007356   0x08007356   0x00000058   Code   RO          872    i.get_glance_detect_config  bmi2.o
    0x080073ae   0x080073ae   0x0000005e   Code   RO          873    i.get_gyro_config   bmi2.o
    0x0800740c   0x0800740c   0x00000072   Code   RO          874    i.get_gyro_cross_sense  bmi2.o
    0x0800747e   0x0800747e   0x0000008a   Code   RO          875    i.get_gyro_gain_update_config  bmi2.o
    0x08007508   0x08007508   0x00000068   Code   RO          876    i.get_gyro_gain_update_status  bmi2.o
    0x08007570   0x08007570   0x000000a4   Code   RO          877    i.get_high_g_config  bmi2.o
    0x08007614   0x08007614   0x00000092   Code   RO          878    i.get_low_g_config  bmi2.o
    0x080076a6   0x080076a6   0x0000008a   Code   RO          880    i.get_no_motion_config  bmi2.o
    0x08007730   0x08007730   0x00000076   Code   RO          881    i.get_nvm_error_status  bmi2.o
    0x080077a6   0x080077a6   0x000000b4   Code   RO          882    i.get_ois_output    bmi2.o
    0x0800785a   0x0800785a   0x0000008c   Code   RO          883    i.get_orient_config  bmi2.o
    0x080078e6   0x080078e6   0x00000056   Code   RO          886    i.get_remapped_data  bmi2.o
    0x0800793c   0x0800793c   0x000000be   Code   RO          887    i.get_sig_motion_config  bmi2.o
    0x080079fa   0x080079fa   0x0000008a   Code   RO          889    i.get_step_config   bmi2.o
    0x08007a84   0x08007a84   0x000000aa   Code   RO          890    i.get_step_count_params_config  bmi2.o
    0x08007b2e   0x08007b2e   0x0000006e   Code   RO          891    i.get_step_counter_output  bmi2.o
    0x08007b9c   0x08007b9c   0x00000058   Code   RO          892    i.get_tilt_config   bmi2.o
    0x08007bf4   0x08007bf4   0x00000058   Code   RO          893    i.get_up_hold_to_wake_config  bmi2.o
    0x08007c4c   0x08007c4c   0x0000007c   Code   RO          895    i.get_wake_up_config  bmi2.o
    0x08007cc8   0x08007cc8   0x00000076   Code   RO          896    i.get_wrist_gest_config  bmi2.o
    0x08007d3e   0x08007d3e   0x0000008a   Code   RO          897    i.get_wrist_gest_w_config  bmi2.o
    0x08007dc8   0x08007dc8   0x0000008e   Code   RO          898    i.get_wrist_wear_wake_up_config  bmi2.o
    0x08007e56   0x08007e56   0x0000009c   Code   RO          899    i.get_wrist_wear_wake_up_wh_config  bmi2.o
    0x08007ef2   0x08007ef2   0x00000002   PAD
    0x08007ef4   0x08007ef4   0x00000124   Code   RO         2142    i.imu_sensor_check  imu_sensor.o
    0x08008018   0x08008018   0x00000006   Code   RO         2143    i.imu_sensor_heart_beat  imu_sensor.o
    0x0800801e   0x0800801e   0x00000002   PAD
    0x08008020   0x08008020   0x000000a0   Code   RO         3003    i.imu_sensor_init   imu_potocol.o
    0x080080c0   0x080080c0   0x0000005c   Code   RO         3004    i.imu_sensor_update  imu_potocol.o
    0x0800811c   0x0800811c   0x0000002c   Code   RO          683    i.inVSqrt           bmi.o
    0x08008148   0x08008148   0x00000002   Code   RO         2259    i.judge_sensor_check  judge_sensor.o
    0x0800814a   0x0800814a   0x0000002e   Code   RO         2260    i.judge_sensor_heart_beat  judge_sensor.o
    0x08008178   0x08008178   0x00000022   Code   RO         8297    i.judge_sensor_init  judge_infantrypotocol.o
    0x0800819a   0x0800819a   0x000001f4   Code   RO         8298    i.judge_sensor_update  judge_infantrypotocol.o
    0x0800838e   0x0800838e   0x0000000e   Code   RO         2851    i.kalman_pid_init   kalman.o
    0x0800839c   0x0800839c   0x00000026   Code   RO          684    i.lsb_to_dps        bmi.o
    0x080083c2   0x080083c2   0x00000002   PAD
    0x080083c4   0x080083c4   0x00000034   Code   RO          685    i.lsb_to_mps2       bmi.o
    0x080083f8   0x080083f8   0x0000004a   Code   RO         3098    i.main              main.o
    0x08008442   0x08008442   0x0000000c   Code   RO         7773    i.makeFreeRtosPriority  cmsis_os.o
    0x0800844e   0x0800844e   0x00000002   PAD
    0x08008450   0x08008450   0x0000006c   Code   RO         8578    i.malloc            mc_w.l(malloc.o)
    0x080084bc   0x080084bc   0x00000024   Code   RO          322    i.micros            drv_haltick.o
    0x080084e0   0x080084e0   0x00000018   Code   RO          901    i.null_ptr_check    bmi2.o
    0x080084f8   0x080084f8   0x0000000e   Code   RO         7775    i.osDelay           cmsis_os.o
    0x08008506   0x08008506   0x0000000a   Code   RO         7778    i.osKernelStart     cmsis_os.o
    0x08008510   0x08008510   0x00000054   Code   RO         7812    i.osThreadCreate    cmsis_os.o
    0x08008564   0x08008564   0x00000028   Code   RO         2744    i.pid_val_init      pid.o
    0x0800858c   0x0800858c   0x00000070   Code   RO         7467    i.prvAddCurrentTaskToDelayedList  tasks.o
    0x080085fc   0x080085fc   0x000000d0   Code   RO         7468    i.prvAddNewTaskToReadyList  tasks.o
    0x080086cc   0x080086cc   0x00000034   Code   RO         7469    i.prvDeleteTCB      tasks.o
    0x08008700   0x08008700   0x0000004c   Code   RO         8140    i.prvHeapInit       heap_4.o
    0x0800874c   0x0800874c   0x00000060   Code   RO         7470    i.prvIdleTask       tasks.o
    0x080087ac   0x080087ac   0x00000098   Code   RO         7471    i.prvInitialiseNewTask  tasks.o
    0x08008844   0x08008844   0x0000004c   Code   RO         8141    i.prvInsertBlockIntoFreeList  heap_4.o
    0x08008890   0x08008890   0x00000020   Code   RO         7472    i.prvResetNextTaskUnblockTime  tasks.o
    0x080088b0   0x080088b0   0x00000028   Code   RO         8203    i.prvTaskExitError  port.o
    0x080088d8   0x080088d8   0x000000d8   Code   RO         8142    i.pvPortMalloc      heap_4.o
    0x080089b0   0x080089b0   0x0000002c   Code   RO         8204    i.pxPortInitialiseStack  port.o
    0x080089dc   0x080089dc   0x000000fc   Code   RO         8299    i.radar_Info_store  judge_infantrypotocol.o
    0x08008ad8   0x08008ad8   0x0000008c   Code   RO         8300    i.radar_communicate_  judge_infantrypotocol.o
    0x08008b64   0x08008b64   0x000000e4   Code   RO         8301    i.radar_runing      judge_infantrypotocol.o
    0x08008c48   0x08008c48   0x00000052   Code   RO         2081    i.rc_sensor_check   rc_sensor.o
    0x08008c9a   0x08008c9a   0x00000024   Code   RO         2082    i.rc_sensor_heart_beat  rc_sensor.o
    0x08008cbe   0x08008cbe   0x00000016   Code   RO         2968    i.rc_sensor_init    rc_potocol.o
    0x08008cd4   0x08008cd4   0x00000088   Code   RO         2969    i.rc_sensor_update  rc_potocol.o
    0x08008d5c   0x08008d5c   0x0000003c   Code   RO         2501    i.rc_update_info    system_task.o
    0x08008d98   0x08008d98   0x0000014e   Code   RO          915    i.select_sensor     bmi2.o
    0x08008ee6   0x08008ee6   0x00000002   PAD
    0x08008ee8   0x08008ee8   0x000003c4   Code   RO          918    i.sensor_enable     bmi2.o
    0x080092ac   0x080092ac   0x00000098   Code   RO          919    i.set_accel_config  bmi2.o
    0x08009344   0x08009344   0x00000056   Code   RO          921    i.set_act_recog     bmi2.o
    0x0800939a   0x0800939a   0x0000005a   Code   RO          922    i.set_any_motion    bmi2.o
    0x080093f4   0x080093f4   0x000000c6   Code   RO          923    i.set_any_motion_config  bmi2.o
    0x080094ba   0x080094ba   0x00000090   Code   RO          924    i.set_aux_config    bmi2.o
    0x0800954a   0x0800954a   0x00000036   Code   RO          925    i.set_config_load   bmi2.o
    0x08009580   0x08009580   0x00000056   Code   RO          926    i.set_double_tap    bmi2.o
    0x080095d6   0x080095d6   0x00000056   Code   RO          927    i.set_ext_sens_sync  bmi2.o
    0x0800962c   0x0800962c   0x0000008e   Code   RO          928    i.set_ext_sens_sync_config  bmi2.o
    0x080096ba   0x080096ba   0x00000002   PAD
    0x080096bc   0x080096bc   0x00000068   Code   RO          929    i.set_feat_accel_self_test  bmi2.o
    0x08009724   0x08009724   0x00000056   Code   RO          930    i.set_flat          bmi2.o
    0x0800977a   0x0800977a   0x000000bc   Code   RO          931    i.set_flat_config   bmi2.o
    0x08009836   0x08009836   0x00000056   Code   RO          932    i.set_free_fall_det  bmi2.o
    0x0800988c   0x0800988c   0x000000a8   Code   RO          933    i.set_free_fall_det_config  bmi2.o
    0x08009934   0x08009934   0x0000008e   Code   RO          934    i.set_glance_detect_config  bmi2.o
    0x080099c2   0x080099c2   0x00000056   Code   RO          935    i.set_glance_detector  bmi2.o
    0x08009a18   0x08009a18   0x000000ac   Code   RO          936    i.set_gyro_config   bmi2.o
    0x08009ac4   0x08009ac4   0x00000056   Code   RO          937    i.set_gyro_self_offset_corr  bmi2.o
    0x08009b1a   0x08009b1a   0x0000005a   Code   RO          938    i.set_gyro_user_gain  bmi2.o
    0x08009b74   0x08009b74   0x000000a2   Code   RO          939    i.set_gyro_user_gain_config  bmi2.o
    0x08009c16   0x08009c16   0x0000005a   Code   RO          940    i.set_high_g        bmi2.o
    0x08009c70   0x08009c70   0x000000da   Code   RO          941    i.set_high_g_config  bmi2.o
    0x08009d4a   0x08009d4a   0x0000005a   Code   RO          943    i.set_low_g         bmi2.o
    0x08009da4   0x08009da4   0x000000ba   Code   RO          944    i.set_low_g_config  bmi2.o
    0x08009e5e   0x08009e5e   0x0000005a   Code   RO          946    i.set_no_motion     bmi2.o
    0x08009eb8   0x08009eb8   0x000000c6   Code   RO          947    i.set_no_motion_config  bmi2.o
    0x08009f7e   0x08009f7e   0x000000c6   Code   RO          949    i.set_orient_config  bmi2.o
    0x0800a044   0x0800a044   0x00000056   Code   RO          950    i.set_orientation   bmi2.o
    0x0800a09a   0x0800a09a   0x0000009e   Code   RO          951    i.set_primary_ois_config  bmi2.o
    0x0800a138   0x0800a138   0x0000005a   Code   RO          953    i.set_sig_motion    bmi2.o
    0x0800a192   0x0800a192   0x000000be   Code   RO          954    i.set_sig_motion_config  bmi2.o
    0x0800a250   0x0800a250   0x00000056   Code   RO          955    i.set_single_tap    bmi2.o
    0x0800a2a6   0x0800a2a6   0x0000005a   Code   RO          956    i.set_step_activity  bmi2.o
    0x0800a300   0x0800a300   0x000000c0   Code   RO          957    i.set_step_config   bmi2.o
    0x0800a3c0   0x0800a3c0   0x000000d4   Code   RO          958    i.set_step_count_params_config  bmi2.o
    0x0800a494   0x0800a494   0x0000005a   Code   RO          959    i.set_step_counter  bmi2.o
    0x0800a4ee   0x0800a4ee   0x0000005a   Code   RO          960    i.set_step_detector  bmi2.o
    0x0800a548   0x0800a548   0x00000056   Code   RO          961    i.set_tilt          bmi2.o
    0x0800a59e   0x0800a59e   0x0000008e   Code   RO          962    i.set_tilt_config   bmi2.o
    0x0800a62c   0x0800a62c   0x00000056   Code   RO          963    i.set_triple_tap    bmi2.o
    0x0800a682   0x0800a682   0x00000056   Code   RO          964    i.set_up_hold_to_wake  bmi2.o
    0x0800a6d8   0x0800a6d8   0x0000008e   Code   RO          965    i.set_up_hold_to_wake_config  bmi2.o
    0x0800a766   0x0800a766   0x00000056   Code   RO          966    i.set_wake_up       bmi2.o
    0x0800a7bc   0x0800a7bc   0x000000bc   Code   RO          967    i.set_wake_up_config  bmi2.o
    0x0800a878   0x0800a878   0x000000b6   Code   RO          968    i.set_wrist_gest_config  bmi2.o
    0x0800a92e   0x0800a92e   0x000000c8   Code   RO          969    i.set_wrist_gest_w_config  bmi2.o
    0x0800a9f6   0x0800a9f6   0x00000056   Code   RO          970    i.set_wrist_gesture  bmi2.o
    0x0800aa4c   0x0800aa4c   0x00000056   Code   RO          971    i.set_wrist_gesture_wh  bmi2.o
    0x0800aaa2   0x0800aaa2   0x00000056   Code   RO          972    i.set_wrist_wear_wake_up  bmi2.o
    0x0800aaf8   0x0800aaf8   0x000000c8   Code   RO          973    i.set_wrist_wear_wake_up_config  bmi2.o
    0x0800abc0   0x0800abc0   0x00000056   Code   RO          974    i.set_wrist_wear_wake_up_wh  bmi2.o
    0x0800ac16   0x0800ac16   0x000000fa   Code   RO          975    i.set_wrist_wear_wake_up_wh_config  bmi2.o
    0x0800ad10   0x0800ad10   0x000000c4   Code   RO         2745    i.single_pid_ctrl   pid.o
    0x0800add4   0x0800add4   0x0000006e   Code   RO         8656    i.sqrt              m_wm.l(sqrt.o)
    0x0800ae42   0x0800ae42   0x00000002   PAD
    0x0800ae44   0x0800ae44   0x00000048   Code   RO         2502    i.system_ctrl_mode_switch  system_task.o
    0x0800ae8c   0x0800ae8c   0x000000cc   Code   RO          375    i.uart_rx_idle_callback  drv_uart.o
    0x0800af58   0x0800af58   0x00000040   Code   RO          987    i.upload_file       bmi2.o
    0x0800af98   0x0800af98   0x00000004   Code   RO         1897    i.user_delay_us     bmi2_common.o
    0x0800af9c   0x0800af9c   0x00000024   Code   RO         1898    i.user_i2c_reg_read  bmi2_common.o
    0x0800afc0   0x0800afc0   0x0000004c   Code   RO         1899    i.user_i2c_reg_write  bmi2_common.o
    0x0800b00c   0x0800b00c   0x00000026   Code   RO         7106    i.uxListRemove      list.o
    0x0800b032   0x0800b032   0x00000002   PAD
    0x0800b034   0x0800b034   0x00000014   Code   RO         3185    i.vApplicationGetIdleTaskMemory  freertos.o
    0x0800b048   0x0800b048   0x00000016   Code   RO         7107    i.vListInitialise   list.o
    0x0800b05e   0x0800b05e   0x00000006   Code   RO         7108    i.vListInitialiseItem  list.o
    0x0800b064   0x0800b064   0x00000030   Code   RO         7109    i.vListInsert       list.o
    0x0800b094   0x0800b094   0x00000018   Code   RO         7110    i.vListInsertEnd    list.o
    0x0800b0ac   0x0800b0ac   0x00000040   Code   RO         8206    i.vPortEnterCritical  port.o
    0x0800b0ec   0x0800b0ec   0x00000028   Code   RO         8207    i.vPortExitCritical  port.o
    0x0800b114   0x0800b114   0x0000005c   Code   RO         8143    i.vPortFree         heap_4.o
    0x0800b170   0x0800b170   0x00000024   Code   RO         8208    i.vPortSetupTimerInterrupt  port.o
    0x0800b194   0x0800b194   0x00000054   Code   RO         8209    i.vPortValidateInterruptPriority  port.o
    0x0800b1e8   0x0800b1e8   0x0000004c   Code   RO         7480    i.vTaskDelay        tasks.o
    0x0800b234   0x0800b234   0x0000006c   Code   RO         7493    i.vTaskStartScheduler  tasks.o
    0x0800b2a0   0x0800b2a0   0x00000010   Code   RO         7495    i.vTaskSuspendAll   tasks.o
    0x0800b2b0   0x0800b2b0   0x0000005c   Code   RO         7496    i.vTaskSwitchContext  tasks.o
    0x0800b30c   0x0800b30c   0x00000002   Code   RO         8503    i.vision_check      vision_sensor.o
    0x0800b30e   0x0800b30e   0x0000002a   Code   RO         8504    i.vision_heart_beat  vision_sensor.o
    0x0800b338   0x0800b338   0x0000001c   Code   RO         8468    i.vision_init       vision_potocol.o
    0x0800b354   0x0800b354   0x00000092   Code   RO         8469    i.vision_update     vision_potocol.o
    0x0800b3e6   0x0800b3e6   0x00000002   PAD
    0x0800b3e8   0x0800b3e8   0x000000e4   Code   RO          993    i.write_config_file  bmi2.o
    0x0800b4cc   0x0800b4cc   0x000000f4   Code   RO         8210    i.xPortStartScheduler  port.o
    0x0800b5c0   0x0800b5c0   0x0000005a   Code   RO         7498    i.xTaskCreate       tasks.o
    0x0800b61a   0x0800b61a   0x00000056   Code   RO         7499    i.xTaskCreateStatic  tasks.o
    0x0800b670   0x0800b670   0x00000010   Code   RO         7505    i.xTaskGetTickCountFromISR  tasks.o
    0x0800b680   0x0800b680   0x000000c8   Code   RO         7506    i.xTaskIncrementTick  tasks.o
    0x0800b748   0x0800b748   0x000000c4   Code   RO         7512    i.xTaskResumeAll    tasks.o
    0x0800b80c   0x0800b80c   0x00000006   Data   RO          995    .constdata          bmi2.o
    0x0800b812   0x0800b812   0x00002045   Data   RO         2051    .constdata          bmi270.o
    0x0800d857   0x0800d857   0x00000001   PAD
    0x0800d858   0x0800d858   0x00000300   Data   RO         2795    .constdata          crc.o
    0x0800db58   0x0800db58   0x0000008c   Data   RO         3187    .constdata          freertos.o
    0x0800dbe4   0x0800dbe4   0x00000008   Data   RO         4446    .constdata          stm32f4xx_hal_dma.o
    0x0800dbec   0x0800dbec   0x00000010   Data   RO         6969    .constdata          system_stm32f4xx.o
    0x0800dbfc   0x0800dbfc   0x00000008   Data   RO         6970    .constdata          system_stm32f4xx.o
    0x0800dc04   0x0800dc04   0x00000004   PAD
    0x0800dc08   0x0800dc08   0x00000050   Data   RO         8539    .constdata          m_wm.l(asin.o)
    0x0800dc58   0x0800dc58   0x00000098   Data   RO         8618    .constdata          m_wm.l(atan.o)
    0x0800dcf0   0x0800dcf0   0x00000008   Data   RO         8653    .constdata          m_wm.l(qnan.o)
    0x0800dcf8   0x0800dcf8   0x0000003f   Data   RO         3188    .conststring        freertos.o
    0x0800dd37   0x0800dd37   0x00000001   PAD
    0x0800dd38   0x0800dd38   0x00000020   Data   RO         8710    Region$$Table       anon$$obj.o


    Execution Region RW_IRAM1 (Exec base: 0x20000000, Load base: 0x0800dd58, Size: 0x00005ec8, Max: 0x00020000, ABSOLUTE, COMPRESSED[0x000001f4])

    Exec Addr    Load Addr    Size         Type   Attr      Idx    E Section Name        Object

    0x20000000   COMPRESSED   0x00000004   Data   RW          323    .data               drv_haltick.o
    0x20000004   COMPRESSED   0x0000006c   Data   RW          688    .data               bmi.o
    0x20000070   COMPRESSED   0x00000002   Data   RW         1902    .data               bmi2_common.o
    0x20000072   COMPRESSED   0x0000001a   Data   RW         2084    .data               rc_sensor.o
    0x2000008c   COMPRESSED   0x0000001c   Data   RW         2085    .data               rc_sensor.o
    0x200000a8   COMPRESSED   0x00000001   Data   RW         2144    .data               imu_sensor.o
    0x200000a9   COMPRESSED   0x00000003   PAD
    0x200000ac   COMPRESSED   0x00000038   Data   RW         2145    .data               imu_sensor.o
    0x200000e4   COMPRESSED   0x0000001c   Data   RW         2146    .data               imu_sensor.o
    0x20000100   COMPRESSED   0x00000004   Data   RW         2147    .data               imu_sensor.o
    0x20000104   COMPRESSED   0x00000050   Data   RW         2184    .data               chassis_motor.o
    0x20000154   COMPRESSED   0x00000040   Data   RW         2185    .data               chassis_motor.o
    0x20000194   COMPRESSED   0x00000070   Data   RW         2186    .data               chassis_motor.o
    0x20000204   COMPRESSED   0x00000018   Data   RW         2222    .data               device.o
    0x2000021c   COMPRESSED   0x000000be   Data   RW         2261    .data               judge_sensor.o
    0x200002da   COMPRESSED   0x00000002   PAD
    0x200002dc   COMPRESSED   0x00000024   Data   RW         2262    .data               judge_sensor.o
    0x20000300   COMPRESSED   0x0000067c   Data   RW         2327    .data               chassis.o
    0x2000097c   COMPRESSED   0x00000044   Data   RW         2328    .data               chassis.o
    0x200009c0   COMPRESSED   0x00000008   Data   RW         2329    .data               chassis.o
    0x200009c8   COMPRESSED   0x00000030   Data   RW         2330    .data               chassis.o
    0x200009f8   COMPRESSED   0x00000010   Data   RW         2503    .data               system_task.o
    0x20000a08   COMPRESSED   0x00000002   Data   RW         2602    .data               monitor_task.o
    0x20000a0a   COMPRESSED   0x00000008   Data   RW         2662    .data               lowcontrol_task.o
    0x20000a12   COMPRESSED   0x00000002   PAD
    0x20000a14   COMPRESSED   0x0000000e   Data   RW         2697    .data               judge_task.o
    0x20000a22   COMPRESSED   0x00000002   Data   RW         2796    .data               crc.o
    0x20000a24   COMPRESSED   0x000000c0   Data   RW         2853    .data               kalman.o
    0x20000ae4   COMPRESSED   0x00000020   Data   RW         2854    .data               kalman.o
    0x20000b04   COMPRESSED   0x0000000c   Data   RW         3005    .data               imu_potocol.o
    0x20000b10   COMPRESSED   0x00000014   Data   RW         3189    .data               freertos.o
    0x20000b24   COMPRESSED   0x00000004   Data   RW         3280    .data               can.o
    0x20000b28   COMPRESSED   0x0000000c   Data   RW         4873    .data               stm32f4xx_hal.o
    0x20000b34   COMPRESSED   0x00000004   Data   RW         6971    .data               system_stm32f4xx.o
    0x20000b38   COMPRESSED   0x0000003c   Data   RW         7515    .data               tasks.o
    0x20000b74   COMPRESSED   0x00000018   Data   RW         8148    .data               heap_4.o
    0x20000b8c   COMPRESSED   0x0000000c   Data   RW         8211    .data               port.o
    0x20000b98   COMPRESSED   0x00000031   Data   RW         8322    .data               judge_infantrypotocol.o
    0x20000bc9   COMPRESSED   0x00000001   Data   RW         8331    .data               judge_infantrypotocol.o
    0x20000bca   COMPRESSED   0x00000002   PAD
    0x20000bcc   COMPRESSED   0x000002b0   Data   RW         8506    .data               vision_sensor.o
    0x20000e7c   COMPRESSED   0x0000001c   Data   RW         8507    .data               vision_sensor.o
    0x20000e98   COMPRESSED   0x00000004   Data   RW         8686    .data               mc_w.l(mvars.o)
    0x20000e9c   COMPRESSED   0x00000004   Data   RW         8687    .data               mc_w.l(mvars.o)
    0x20000ea0   COMPRESSED   0x00000004   Data   RW         8691    .data               mc_w.l(errno.o)
    0x20000ea4        -       0x00000088   Zero   RW          156    .bss                drv_can.o
    0x20000f2c        -       0x0000031e   Zero   RW          376    .bss                drv_uart.o
    0x2000124a   COMPRESSED   0x00000006   PAD
    0x20001250        -       0x00000068   Zero   RW          687    .bss                bmi.o
    0x200012b8        -       0x00000030   Zero   RW         2326    .bss                chassis.o
    0x200012e8        -       0x00000254   Zero   RW         3186    .bss                freertos.o
    0x2000153c        -       0x00000048   Zero   RW         3236    .bss                adc.o
    0x20001584        -       0x00000050   Zero   RW         3279    .bss                can.o
    0x200015d4        -       0x00000014   Zero   RW         3327    .bss                dac.o
    0x200015e8        -       0x00000080   Zero   RW         3395    .bss                tim.o
    0x20001668        -       0x000002e0   Zero   RW         3450    .bss                usart.o
    0x20001948        -       0x00000040   Zero   RW         3661    .bss                stm32f4xx_hal_timebase_tim.o
    0x20001988        -       0x000000f0   Zero   RW         7514    .bss                tasks.o
    0x20001a78        -       0x00003c00   Zero   RW         8147    .bss                heap_4.o
    0x20005678        -       0x0000024c   Zero   RW         8303    .bss                judge_infantrypotocol.o
    0x200058c4   COMPRESSED   0x00000004   PAD
    0x200058c8        -       0x00000200   Zero   RW            2    HEAP                startup_stm32f407xx.o
    0x20005ac8        -       0x00000400   Zero   RW            1    STACK               startup_stm32f407xx.o


==============================================================================

Image component sizes


      Code (inc. data)   RO Data    RW Data    ZI Data      Debug   Object Name

       196         24          0          0         72       1733   adc.o
         0          0          0          0          0        384   arm_mat_init_f32.o
      1680         46          0        108        104      48181   bmi.o
     15630        116          6          0          0     115802   bmi2.o
       120         10       8261          0          0       1638   bmi270.o
       354         30          0          2          0      45466   bmi2_common.o
       396         46          0          4         80       2534   can.o
       256          4          0          0          0       4731   can_potocol.o
      1450        138          0       1784         48      23176   chassis.o
       106          0          0        256          0       2968   chassis_motor.o
       120          0          0          0          0      23213   cmsis_os.o
        56          8          0          0          0        579   control_task.o
       250         22        768          2          0       5132   crc.o
       156         20          0          0         20       1703   dac.o
        44          6          0         24          0       6398   device.o
       124          4          0          0          0        862   dma.o
        42          0          0          0          0        558   driver.o
        14          4          0          0          0        966   drv_adda.o
       362         54          0          0        136       8736   drv_can.o
        60          6          0          4          0       1796   drv_haltick.o
         0          0          0          0          0     713648   drv_io.o
        80         20          0          0          0       1578   drv_tim.o
      1180         86          0          0        798       8221   drv_uart.o
         0          0          0          0          0      15772   event_groups.o
       148         14        203         20        596       2404   freertos.o
       304         20          0          0          0       1107   gpio.o
       460         24          0         24      15360       7387   heap_4.o
       252         10          0         12          0       2337   imu_potocol.o
       298         22          0         89          0       3335   imu_sensor.o
      1446         86          0         50        588      10003   judge_infantrypotocol.o
        48          0          0        226          0      12338   judge_sensor.o
        96         24          0         14          0       4009   judge_task.o
       152          6          0        224          0       3230   kalman.o
       138          0          0          0          0       3602   list.o
       260         64          0          8          0       2428   lowcontrol_task.o
       226         10          0          0          0       2792   main.o
       244         24          0          2          0       1395   monitor_task.o
       652         48          0          0          0       2926   pid.o
       786         82          0         12          0      12057   port.o
       186          6          0          0          0       2203   rc_potocol.o
       176          0          0         54          0       7507   rc_sensor.o
       544         62          0          0          0       4315   soft_iic.o
        36          8        392          0       1536        844   startup_stm32f407xx.o
        80         14          0         12          0       8138   stm32f4xx_hal.o
       712         28          0          0          0       2919   stm32f4xx_hal_adc.o
      1638          6          0          0          0      14463   stm32f4xx_hal_can.o
       158         14          0          0          0      33202   stm32f4xx_hal_cortex.o
       214          0          0          0          0       2755   stm32f4xx_hal_dac.o
       938         16          8          0          0       6542   stm32f4xx_hal_dma.o
       464         46          0          0          0       3061   stm32f4xx_hal_gpio.o
        56          4          0          0          0        886   stm32f4xx_hal_msp.o
      1396         86          0          0          0       5957   stm32f4xx_hal_rcc.o
      1720         90          0          0          0      16754   stm32f4xx_hal_tim.o
       232         28          0          0          0       3329   stm32f4xx_hal_tim_ex.o
       116         14          0          0         64       1451   stm32f4xx_hal_timebase_tim.o
      1246         30          0          0          0      11365   stm32f4xx_hal_uart.o
       204         72          0          0          0       8827   stm32f4xx_it.o
        28          6         24          4          0       1187   system_stm32f4xx.o
       268         36          0         16          0      73141   system_task.o
      1532        114          0         60        240      20285   tasks.o
       572         52          0          0        128       3333   tim.o
      1048         86          0          0        736       4469   usart.o
       202          6          0          0          0       2501   vision_potocol.o
        44          0          0        716          0       3936   vision_sensor.o

    ----------------------------------------------------------------------
     42070       1902       9700       3736      20516    1350495   Object Totals
         0          0         32          0          0          0   (incl. Generated)
        74          0          6          9         10          0   (incl. Padding)

    ----------------------------------------------------------------------

      Code (inc. data)   RO Data    RW Data    ZI Data      Debug   Library Member Name

       864         94         80          0          0        280   asin.o
       744        106        152          0          0        352   atan.o
       496         64          0          0          0        192   atan2.o
       104         16          0          0          0        496   dunder.o
        24          0          0          0          0        124   fabs.o
        48          0          0          0          0        124   fpclassify.o
       248          0          0          0          0        152   poly.o
         0          0          8          0          0          0   qnan.o
       110          0          0          0          0        148   sqrt.o
        86          0          0          0          0          0   __dczerorl2.o
         0          0          0          0          0          0   entry.o
         0          0          0          0          0          0   entry10a.o
         0          0          0          0          0          0   entry11a.o
         8          4          0          0          0          0   entry2.o
         4          0          0          0          0          0   entry5.o
         0          0          0          0          0          0   entry7b.o
         0          0          0          0          0          0   entry8b.o
         8          4          0          0          0          0   entry9a.o
        12          6          0          4          0         68   errno.o
        30          0          0          0          0          0   handlers.o
        36          8          0          0          0         68   init.o
         0          0          0          0          0          0   iusefp.o
        30          0          0          0          0         68   llshl.o
        36          0          0          0          0         68   llsshr.o
        32          0          0          0          0         68   llushr.o
       188         20          0          0          0        160   malloc.o
        36          0          0          0          0         68   memcpya.o
        36          0          0          0          0        108   memseta.o
         0          0          0          8          0          0   mvars.o
        98          0          0          0          0         92   uldiv.o
        56          0          0          0          0         88   d2f.o
       334          0          0          0          0        148   dadd.o
       222          0          0          0          0        100   ddiv.o
       186          0          0          0          0        176   depilogue.o
        34          0          0          0          0         76   dflti.o
       228          0          0          0          0         96   dmul.o
       162          0          0          0          0        100   dsqrt.o
        38          0          0          0          0         68   f2d.o
       110          0          0          0          0        168   fepilogue.o

    ----------------------------------------------------------------------
      4654        322        240         12          0       3656   Library Totals
         6          0          0          0          0          0   (incl. Padding)

    ----------------------------------------------------------------------

      Code (inc. data)   RO Data    RW Data    ZI Data      Debug   Library Name

      2638        280        240          0          0       1868   m_wm.l
       640         42          0         12          0        768   mc_w.l
      1370          0          0          0          0       1020   mf_w.l

    ----------------------------------------------------------------------
      4654        322        240         12          0       3656   Library Totals

    ----------------------------------------------------------------------

==============================================================================


      Code (inc. data)   RO Data    RW Data    ZI Data      Debug   

     46724       2224       9940       3748      20516    1313803   Grand Totals
     46724       2224       9940        500      20516    1313803   ELF Image Totals (compressed)
     46724       2224       9940        500          0          0   ROM Totals

==============================================================================

    Total RO  Size (Code + RO Data)                56664 (  55.34kB)
    Total RW  Size (RW Data + ZI Data)             24264 (  23.70kB)
    Total ROM Size (Code + RO Data + RW Data)      57164 (  55.82kB)

==============================================================================

